
Allocating common symbols
Common symbol       size              file

s_sDevicePDDesc     0x44              temp.elf
s_u16ActivityCounter
                    0x2               temp.elf
sBbcIdleBugTimer    0x10              temp.elf
bCheckChild         0x4               temp.elf
prHigherMlmeCallback
                    0x4               temp.elf
ba_redzone_size     0x4               temp.elf
pwrm_CPUContext     0x3c              temp.elf
zps_psNwk           0x4               temp.elf
ba_abi_level        0x4               temp.elf
psActiveMsgListHead
                    0x4               temp.elf
psFreeMsgListHead   0x4               temp.elf
eState              0x4               temp.elf

Discarded input sections

 .rom_workspace.os.o.s_u32SuspendIRQNesting
                0x00000000        0x0 temp.elf
 .rom_workspace.os.o.s_u8SuspendedIPL
                0x00000000        0x0 temp.elf
 .rom.OS_eGetCurrentTask
                0x00000000        0x0 temp.elf
 .rom.OS_eGetMessageStatus
                0x00000000        0x0 temp.elf
 .rom.OS_eSuspendOSInterrupts
                0x00000000        0x0 temp.elf
 .rom.OS_eResumeOSInterrupts
                0x00000000        0x0 temp.elf
 .rom.OS_eDisableAllInterrupts
                0x00000000        0x0 temp.elf
 .rom.OS_eEnableAllInterrupts
                0x00000000        0x0 temp.elf
 .rom.OS_eGetSWTimerStatus
                0x00000000        0x0 temp.elf
 .rom.PDUM_eNPduAppendFooterNBO
                0x00000000        0x0 temp.elf
 .rom.PDUM_eNPduWriteToBuffer
                0x00000000        0x0 temp.elf
 .rom.pwrm_vRegisterPreSleepCallback
                0x00000000        0x0 temp.elf
 .rom.PWRM_vSetupDozeMonitor
                0x00000000        0x0 temp.elf
 .rom.PWRM_vResetDozeTimers
                0x00000000        0x0 temp.elf
 .rom.PWRM_u32GetDozeTime
                0x00000000        0x0 temp.elf
 .rom.PWRM_u32GetDozeElapsedTime
                0x00000000        0x0 temp.elf
 .rom.PWRM_eScheduleActivity
                0x00000000        0x0 temp.elf
 .rom.dbg_vAssertImpl
                0x00000000        0x0 temp.elf
 .bss           0x00000000        0x0 temp.elf
 .bss.3         0x00000000        0x0 temp.elf
 .bss.6         0x00000000        0x0 temp.elf
 .bss.9         0x00000000        0x0 temp.elf
 .bss.12        0x00000000        0x0 temp.elf
 .bss.15        0x00000000        0x0 temp.elf
 .bss.18        0x00000000        0x0 temp.elf
 .bss.21        0x00000000        0x0 temp.elf
 .bss.25        0x00000000        0x0 temp.elf
 .bss.29        0x00000000        0x0 temp.elf
 .bss.33        0x00000000        0x0 temp.elf
 .bss.37        0x00000000        0x0 temp.elf
 .bss.42        0x00000000        0x0 temp.elf
 .bss.47        0x00000000        0x0 temp.elf
 .bss.52        0x00000000        0x0 temp.elf
 .bss.57        0x00000000        0x0 temp.elf
 .bss.62        0x00000000        0x0 temp.elf
 .bss.66        0x00000000        0x0 temp.elf
 .bss.69        0x00000000        0x0 temp.elf
 .bss.72        0x00000000        0x0 temp.elf
 .bss.76        0x00000000        0x0 temp.elf
 .bss.79        0x00000000        0x0 temp.elf
 .bss.83        0x00000000        0x0 temp.elf
 .bss.87        0x00000000        0x0 temp.elf
 .bss.91        0x00000000        0x0 temp.elf
 .bss.95        0x00000000        0x0 temp.elf
 .bss.98        0x00000000        0x0 temp.elf
 .bss.102       0x00000000        0x0 temp.elf
 .bss.107       0x00000000        0x0 temp.elf
 .bss.111       0x00000000        0x0 temp.elf
 .bss.115       0x00000000        0x0 temp.elf
 .bss.120       0x00000000        0x0 temp.elf
 .bss.125       0x00000000        0x0 temp.elf
 .bss.130       0x00000000        0x0 temp.elf
 .bss.135       0x00000000        0x0 temp.elf
 .bss.139       0x00000000        0x0 temp.elf
 .bss.144       0x00000000        0x0 temp.elf
 .bss.148       0x00000000        0x0 temp.elf
 .bss.152       0x00000000        0x0 temp.elf
 .bss.157       0x00000000        0x0 temp.elf
 .bss.162       0x00000000        0x0 temp.elf
 .bss.167       0x00000000        0x0 temp.elf
 .bss.172       0x00000000        0x0 temp.elf
 .bss.177       0x00000000        0x0 temp.elf
 .bss.182       0x00000000        0x0 temp.elf
 .bss.187       0x00000000        0x0 temp.elf
 .bss.192       0x00000000        0x0 temp.elf
 .bss.197       0x00000000        0x0 temp.elf
 .bss.202       0x00000000        0x0 temp.elf
 .bss.207       0x00000000        0x0 temp.elf
 .bss.212       0x00000000        0x0 temp.elf
 .bss.217       0x00000000        0x0 temp.elf
 .bss.222       0x00000000        0x0 temp.elf
 .bss.227       0x00000000        0x0 temp.elf
 .bss.231       0x00000000        0x0 temp.elf
 .bss.236       0x00000000        0x0 temp.elf
 .bss.241       0x00000000        0x0 temp.elf
 .bss.246       0x00000000        0x0 temp.elf
 .bss.251       0x00000000        0x0 temp.elf
 .bss.256       0x00000000        0x0 temp.elf
 .bss.261       0x00000000        0x0 temp.elf
[...]
Memory Configuration

Name             Origin             Length             Attributes
ram              0x04000000         0x00020000
flash            0x04000000         0x00080000
rom              0x00000000         0x00020000
*default*        0x00000000         0xffffffff

Linker script and memory map

LOAD temp.elf
LOAD /cygdrive/c/Jennic/Tools/ba-elf-ba2/bin/../lib/gcc/ba-elf/4.1.2/ba2/libgcc.a
LOAD /cygdrive/c/Jennic/Tools/ba-elf-ba2/bin/../lib/gcc/ba-elf/4.1.2/../../../../ba-elf/lib/ba2/libc.a
LOAD /cygdrive/c/Jennic/Tools/ba-elf-ba2/bin/../lib/gcc/ba-elf/4.1.2/ba2/libgcc.a
                0x00001400                _stack_size = 0x1400
                0x000000c0                __exception_bus_error = 0xc0
                0x00000124                __exception_tick_timer = 0x124
                0x00000188                __exception_unaligned_access = 0x188
                0x000001ec                __exception_illegal_instruction = 0x1ec
                0x00000250                __exception_external_interrupt = 0x250
                0x000002b4                __exception_syscall = 0x2b4
                0x00000318                __exception_trap = 0x318
                0x0000037c                __exception_generic = 0x37c
                0x000003e0                __exception_stack_overflow = 0x3e0
                0x00000444                __exception_reset = 0x444
                0x00000a9c                _sJennicLogo = 0xa9c
                0x0000a1cc                __stext = 0xa1cc
                0x0000a20e                ___errno = 0xa20e
                0x0000a25e                ___udivsi3 = 0xa25e
                0x0000a25e                ___udivsi3 = 0xa25e
                0x0000a266                ___umodsi3 = 0xa266
                0x0000a266                ___umodsi3 = 0xa266
                0x0000a26e                ___divsi3 = 0xa26e
                0x0000a29a                ___modsi3 = 0xa29a
                0x0000a434                _vAHI_ApConfigure = 0xa434
                0x0000a49f                _bAHI_APRegulatorEnabled = 0xa49f
                0x0000a4ac                _vAHI_AdcEnable = 0xa4ac
                0x0000a5ac                _bAHI_AdcPoll = 0xa5ac
                0x0000a604                _vAHI_DacEnable = 0xa604
                0x0000a686                _vAHI_DacDisable = 0xa686
                0x0000a6a3                _vAHI_DacOutput = 0xa6a3
                0x0000a6c7                _bAHI_DacPoll = 0xa6c7
                0x0000a89a                _vAHI_ComparatorEnable = 0xa89a
                0x0000a8d5                _vAHI_ComparatorDisable = 0xa8d5
                0x0000a945                _vAHI_ComparatorWakeEnable = 0xa945
                0x0000a94b                _u8AHI_ComparatorStatus = 0xa94b
                0x0000a95b                _u8AHI_ComparatorWakeStatus = 0xa95b
                0x0000a96f                _bAHI_DaiPollBusy = 0xa96f
                0x0000a97e                _vAHI_DaiReadAudioData = 0xa97e
                0x0000a993                _vAHI_DaiWriteAudioData = 0xa993
                0x0000a9a0                _vAHI_IntHandlerDai = 0xa9a0
                0x0000a9be                _vAHI_DaiRegisterCallback = 0xa9be
                0x0000a9eb                _vAHI_DaiStartTransaction = 0xa9eb
                0x0000aa0e                _vAHI_DaiConnectToFIFO = 0xaa0e
                0x0000aac4                _vAHI_DaiSetBitClock = 0xaac4
                0x0000aaed                _vAHI_DaiInterruptEnable = 0xaaed
                0x0000ab05                _vAHI_DaiEnable = 0xab05
                0x0000ab28                _vAHI_DioSetDirection = 0xab28
                0x0000ab3c                _vAHI_DioSetOutput = 0xab3c
                0x0000ab64                _u32AHI_DioReadInput = 0xab64
                0x0000aba9                _vAHI_DioSetByte = 0xaba9
                0x0000abc3                _u8AHI_DioReadByte = 0xabc3
                0x0000ad82                _bAHI_FifoRead = 0xad82
                0x0000ad9f                _vAHI_FifoWrite = 0xad9f
                0x0000adc4                _u8AHI_FifoReadTxLevel = 0xadc4
                0x0000ae8c                _vAHI_FifoEnable = 0xae8c
                0x0000aedf                _vAHI_FlashPowerUp = 0xaedf
                0x0000af14                _vAHI_FlashPowerDown = 0xaf14
                0x0000afa3                _bAHI_FullFlashRead = 0xafa3
                0x0000aff0                _bAHI_FullFlashProgram = 0xaff0
                0x0000b08d                _bAHI_FlashEraseSector = 0xb08d
                0x0000b281                _vAHI_IpDisable = 0xb281
                0x0000b3a6                _bAHI_IpTxDone = 0xb3a6
                0x0000b3c2                _bAHI_IpRxDataAvailable = 0xb3c2
                0x0000b3cf                _vAHI_IntHandlerSpiIp = 0xb3cf
                0x0000b3f1                _vAHI_IpRegisterCallback = 0xb3f1
                0x0000b44e                _bAHI_StartPulseCounter = 0xb44e
                0x0000b475                _bAHI_Clear32BitPulseCounter = 0xb475
                0x0000b579                _bAHI_Clear16BitPulseCounter = 0xb579
                0x0000b5e5                _bAHI_StopPulseCounter = 0xb5e5
                0x0000b630                _vAHI_SwReset = 0xb630
                0x0000b648                _vAHI_SiMasterConfigure = 0xb648
                0x0000b6bf                _vAHI_SiMasterWriteData8 = 0xb6bf
                0x0000b6c6                _vAHI_SiSlaveWriteData8 = 0xb6c6
                0x0000b6cd                _u8AHI_SiMasterReadData8 = 0xb6cd
                0x0000b6d7                _u8AHI_SiSlaveReadData8 = 0xb6d7
                0x0000b6e1                _vAHI_SiMasterWriteSlaveAddr = 0xb6e1
                0x0000b6fa                _bAHI_SiMasterPollBusy = 0xb6fa
                0x0000b707                _bAHI_SiMasterPollTransferInProgress = 0xb707
                0x0000b714                _bAHI_SiMasterCheckRxNack = 0xb714
                0x0000b721                _bAHI_SiMasterPollArbitrationLost = 0xb721
                0x0000b816                _vAHI_SiSlaveConfigure = 0xb816
                0x0000b714                _bAHI_SiMasterCheckRxNack = 0xb714
                0x0000b714                _bAHI_SiCheckRxNack = 0xb714
                0x0000b714                _bAHI_SiPollRxNack = 0xb714
                0x0000b648                _vAHI_SiConfigure = 0xb648
                0x0000b67d                _vAHI_SiSetCmdReg = 0xb67d
                0x0000b6bf                _vAHI_SiWriteData8 = 0xb6bf
                0x0000b6cd                _u8AHI_SiReadData8 = 0xb6cd
                0x0000b6e1                _vAHI_SiWriteSlaveAddr = 0xb6e1
                0x0000b6fa                _bAHI_SiPollBusy = 0xb6fa
                0x0000b707                _bAHI_SiPollTransferInProgress = 0xb707
                0x0000b721                _bAHI_SiPollArbitrationLost = 0xb721
                0x0000b871                _vAHI_SpiConfigure = 0xb871
                0x0000b8f7                _vAHI_SpiSetDelayReadEdge = 0xb8f7
                0x0000b97d                _vAHI_SpiSelect = 0xb97d
                0x0000b984                _vAHI_SpiStop = 0xb984
                0x0000b98d                _vAHI_SpiStartTransfer32 = 0xb98d
                0x0000b9a5                _u32AHI_SpiReadTransfer32 = 0xb9a5
                0x0000b9ac                _vAHI_SpiStartTransfer16 = 0xb9ac
                0x0000b9c4                _u16AHI_SpiReadTransfer16 = 0xb9c4
                0x0000b9ce                _vAHI_SpiStartTransfer8 = 0xb9ce
                0x0000b9e6                _u8AHI_SpiReadTransfer8 = 0xb9e6
                0x0000b9f0                _bAHI_SpiPollBusy = 0xb9f0
                0x0000b9fa                _vAHI_SpiWaitBusy = 0xb9fa
                0x0000ba07                _vAHI_IntHandlerSpiMaster = 0xba07
                0x0000ba2d                _vAHI_SpiRegisterCallback = 0xba2d
                0x0000ba45                _vAHI_SpiSetContinuousMode = 0xba45
                0x0000ba63                _u8AHI_PowerStatus = 0xba63
                0x0000ba6d                _vAHI_MemoryHold = 0xba6d
                0x0000baa9                _vAHI_ProtocolPower = 0xbaa9
                0x0000bac0                _vAHI_CpuDoze = 0xbac0
                0x0000bad3                _vAHI_IntHandlerSysCtrl = 0xbad3
                0x0000bb08                _vAHI_SysCtrlRegisterCallback = 0xbb08
                0x0000bb5d                _vAHI_AntennaDiversityOutputEnable = 0xbb5d
                0x0000bb9a                _vAHI_WatchdogStart = 0xbb9a
                0x0000bbad                _vAHI_WatchdogStop = 0xbbad
                0x0000bbc4                _vAHI_WatchdogRestart = 0xbbc4
                0x0000bc14                _u8AHI_GetSystemClkSpeed = 0xbc14
                0x0000bc23                _bAHI_Calibrate24MhzClock = 0xbc23
                0x0000bd85                _vAHI_PowerXTAL = 0xbd85
                0x0000beb6                _vAHI_StopRandomNumberGenerator = 0xbeb6
                0x0000bebf                _u16AHI_ReadRandomNumber = 0xbebf
                0x0000bf6d                _vAHI_PowerDown = 0xbf6d
                0x0000bfcd                _vAHI_TickTimerInit = 0xbfcd
                0x0000bff4                _vAHI_TickTimerWrite = 0xbff4
                0x0000bffd                _vAHI_TickTimerIntPendClr = 0xbffd
                0x0000c012                _bAHI_TickTimerIntStatus = 0xc012
                0x0000c021                _vAHI_TickTimerConfigure = 0xc021
                0x0000c03c                _vAHI_TickTimerIntEnable = 0xc03c
                0x0000c05d                _u32AHI_TickTimerRead = 0xc05d
                0x0000c066                _vAHI_TickTimerInterval = 0xc066
                0x0000c084                _vAHI_TickTimerISR = 0xc084
                0x0000c0c1                _vAHI_TimerEnable = 0xc0c1
                0x0000c168                _vAHI_TimerDisable = 0xc168
                0x0000c18e                _vAHI_TimerClockSelect = 0xc18e
                0x0000c1bb                _vAHI_TimerReadCaptureFreeRunning = 0xc1bb
                0x0000c1f4                _vAHI_TimerStop = 0xc1f4
                0x0000c216                _vAHI_TimerReadCapture = 0xc216
                0x0000c25e                _u8AHI_TimerFired = 0xc25e
                0x0000c30c                _vAHI_TimerStartDeltaSigma = 0xc30c
                0x0000c343                _vAHI_TimerStartRepeat = 0xc343
                0x0000c351                _vAHI_TimerStartSingleShot = 0xc351
                0x0000c362                _u16AHI_TimerReadCount = 0xc362
                0x0000c46f                _vAHI_UartEnable = 0xc46f
                0x0000c4c6                _vAHI_UartDisable = 0xc4c6
                0x0000c520                _vAHI_UartSetBaudDivisor = 0xc520
                0x0000c579                _vAHI_UartSetClockDivisor = 0xc579
                0x0000c588                _vAHI_UartSetControl = 0xc588
                0x0000c5e2                _vAHI_UartSetInterrupt = 0xc5e2
                0x0000c64c                _vAHI_UartReset = 0xc64c
                0x0000c67c                _u8AHI_UartReadLineStatus = 0xc67c
                0x0000c6a2                _u8AHI_UartReadModemStatus = 0xc6a2
                0x0000c6c8                _u8AHI_UartReadInterruptStatus = 0xc6c8
                0x0000c6ee                _vAHI_UartWriteData = 0xc6ee
                0x0000c70d                _u8AHI_UartReadData = 0xc70d
                0x0000c756                _vAHI_IntHandlerUart0 = 0xc756
                0x0000c77f                _vAHI_IntHandlerUart1 = 0xc77f
                0x0000c7a8                _vAHI_Uart0RegisterCallback = 0xc7a8
                0x0000c7c0                _vAHI_Uart1RegisterCallback = 0xc7c0
                0x0000c82f                _vAHI_WakeTimerEnable = 0xc82f
                0x0000c88b                _vAHI_WakeTimerStart = 0xc88b
                0x0000c944                _vAHI_WakeTimerStop = 0xc944
                0x0000c96b                _u8AHI_WakeTimerStatus = 0xc96b
                0x0000c975                _u8AHI_WakeTimerFiredStatus = 0xc975
                0x0000ca2c                _bACI_isBusy = 0xca2c
                0x0000ca44                _bACI_commandAccepted = 0xca44
                0x0000ca5e                _vACI_CmdWaitBusy = 0xca5e
                0x0000cb2d                _bACI_WriteKey = 0xcb2d
                0x0000cb43                _bACI_issueReset = 0xcb43
                0x0000cb61                _bACI_setMode = 0xcb61
                0x0000cb8f                _bACI_ReadOutputData = 0xcb8f
                0x0000cbc4                _bACI_WriteInputData = 0xcbc4
                0x0000cbe7                _vACI_IntHandlerAes = 0xcbe7
                0x0000cc0c                _vACI_SetInterruptCallback = 0xcc0c
                0x0000cc65                _vACI_ClearInterruptStatus = 0xcc65
                0x0000cc7f                _vACI_ClearInterruptEnable = 0xcc7f
                0x0000cc96                _vACI_SetInterruptEnable = 0xcc96
                0x0000ccea                _vACI_ReadInterruptEnable = 0xccea
                0x0000ccfb                _vACI_ReadInterruptStatus = 0xccfb
                0x0000cd0c                _bACI_ReadChecksumValidationResult = 0xcd0c
                0x0000cd2b                _bACI_ReadChecksumData = 0xcd2b
                0x0000cd86                _bACI_CCMstar = 0xcd86
                0x0000d06f                _bACI_CCMstarAuthenticateData = 0xd06f
                0x0000d0a9                _bACI_CCMstarEncodeData = 0xd0a9
                0x0000d0ce                _bACI_ECBencodeBuffer = 0xd0ce
                0x0000d153                _bACI_ECBencodeStripe = 0xd153
                0x0000d16a                _bACI_IEEECTRencodeData = 0xd16a
                0x0000d192                _pvAppApiDefGetMacHandle = 0xd192
                0x0000d192                _pvAppApiDefGetMacHandle = 0xd192
                0x0000d19b                _vAppApiDefMlmeRequest = 0xd19b
                0x0000d1ce                _vAppApiDefMcpsRequest = 0xd1ce
                0x0000d201                _vAppApiDefPowerUp = 0xd201
                0x0000d21f                _vAppApiDefSetPrbsSeed = 0xd21f
                0x0000d243                _vAppApiDefSetInterrupts = 0xd243
                0x0000d28e                _pvAppApiDefGetMacAddrLocation = 0xd28e
                0x0000d28e                _pvAppApiDefGetMacAddrLocation = 0xd28e
                0x0000d297                _vAppApiSetMacEntryPoints = 0xd297
                0x0000d2a6                _vAppApiGetMacEntryPoints = 0xd2a6
                0x0000d2bb                _vAppApiEnableBeaconResponse = 0xd2bb
                0x0000d327                _vAppApiDefSetVectors = 0xd327
                0x0000d394                _vAppApiDefStartStack = 0xd394
                0x0000d3e8                _u32AppApiDefInit = 0xd3e8
                0x0000d427                _vAppApiDefSaveMacSettings = 0xd427
                0x0000d470                _vAppApiDefRestoreMacSettings = 0xd470
                0x0000d53d                _vAppHousekeepingTimerExpiry = 0xd53d
                0x0000d564                _vAppHousekeepingInit = 0xd564
                0x0000db95                _MAC_pvCtor = 0xdb95
                0x0000de9d                _MAC_psPibGetHandle = 0xde9d
                0x0000dea4                _MAC_vPibSetShortAddr = 0xdea4
                0x0000deaf                _MAC_vPibSetPanId = 0xdeaf
                0x0000dee2                _MAC_vPibSetMaxCsmaBackoffs = 0xdee2
                0x0000df1f                _MAC_vPibSetRxOnWhenIdle = 0xdf1f
                0x0000df2f                _MAC_vPibSetPromiscuousMode = 0xdf2f
                0x0000e6b6                _MAC_vRegisterMlmeDcfmIndCallbacks = 0xe6b6
                0x0000e6c2                _MAC_vRegisterMcpsDcfmIndCallbacks = 0xe6c2
                0x0000eeb1                _MAC_vLPBRegisterCallback = 0xeeb1
                0x0000ef0c                _MAC_vLPBSetBeaconMultiplier = 0xef0c
                0x0000efa2                _MAC_vLPBSleep = 0xefa2
                0x0000f04b                _MAC_vLPBAdjustWakeForNextBeacon = 0xf04b
                0x0000f105                _MAC_bLPBProcessWake = 0xf105
                0x0000f1b6                _MAC_vLPBCalibrateTimer = 0xf1b6
                0x00011cfe                _u8AppApiReadMsq = 0x11cfe
                0x000136d0                _memcpy = 0x136d0
                0x00013748                _memcmp = 0x13748
                0x0001376c                _memset = 0x1376c
                0x0001377e                _vUTIL_NumToString = 0x1377e
                0x000137a6                _vUTIL_UartText = 0x137a6
                0x000137e6                _vUTIL_UartTextToNewLine = 0x137e6
                0x00013802                _vUTIL_UartInit = 0x13802
                0x0001dc21                ___muldi3 = 0x1dc21
                0x0001dcf4                ___udivdi3 = 0x1dcf4
                0x0001e1e8                ___mulsi3 = 0x1e1e8
                0x040003a8                _g_pvMac = 0x40003a8
                0x040003ac                _g_sXcv = 0x40003ac
                0x04000b20                _g_sLP = 0x4000b20
                0x04000b64                _aprMacVectorRamTable = 0x4000b64
                0x0400006c                _aprLPBMacVectorRamTable = 0x400006c
                0x04000d00                __app_ram_start = 0x4000d00
                0x0400006c                _aprLPBMacVectorRamTable = 0x400006c
                0x0000df00                _MAC_vSetExtAddr = 0xdf00
                0x0000f4a4                _phy_ePibGet = 0xf4a4
                0x0000f3fc                _phy_ePibSet = 0xf3fc
                0x0001362e                _TSV_eStop = 0x1362e
                0x00013498                _TSV_eOpen = 0x13498
                0x00013562                _TSV_eStart = 0x13562
                0x000136a4                _TSV_eClose = 0x136a4
                0x000133c5                _vXCV_IntHandlerPhy = 0x133c5
                0x00013346                _vXCV_IntHandlerBbc = 0x13346
                0x0000de04                _MAC_vHandleMlmeReqRsp = 0xde04
                0x0000dde2                _MAC_vHandleMcpsReqRsp = 0xdde2
                0x0000a2cb                _pvHeap_Alloc = 0xa2cb
                0x00011f29                _bTACframeInProgress = 0x11f29
                0x0000ef5c                _MAC_u32ConvertTo16uS = 0xef5c
                0x00013323                _XCV_vDevWriteIER = 0x13323
                0x0001332d                _XCV_vDevRMW_IER = 0x1332d
                0x0000e6ce                _mac_psDcfmIndGetBuf = 0xe6ce
                0x0000e6f1                _mac_eDcfmIndPost = 0xe6f1
                0x00012bbe                _vTSCsetUpwardSecurity = 0x12bbe
                0x040002b0                _au16TimerSettings = 0x40002b0
                0x04000044                _pSPIflashFncTable = 0x4000044
                0x00009867                _u8SelectFlashChipType = 0x9867
                0x0000981c                _u16ZSPIflashRDID = 0x981c
                0x0001341f                _RND_u32GetRand = 0x1341f
                0x00013454                _RND_u32GetRand256 = 0x13454
                0x00013416                _RND_vInit = 0x13416
                0x00000800                _minimum_heap_size = 0x800

.rom_workspace.os.o.s_u32CurrentPriorityMask
                0x040002f8        0x4
 *os.o(.bss.s_u32CurrentPriorityMask)
 .rom_workspace.os.o.s_u32CurrentPriorityMask
                0x040002f8        0x4 temp.elf

.rom_workspace.os.o.s_psCurrentTask
                0x040002fc        0x4
 *os.o(.bss.s_psCurrentTask)
 .rom_workspace.os.o.s_psCurrentTask
                0x040002fc        0x4 temp.elf

.rom_workspace.os.o.s_prvUnclaimedISR
                0x04000300        0x4
 *os.o(.bss.s_prvUnclaimedISR)
 .rom_workspace.os.o.s_prvUnclaimedISR
                0x04000300        0x4 temp.elf

.rom_workspace.os.o.s_u32SuspendIRQNesting
 *os.o(.bss.s_u32SuspendIRQNesting)

.rom_workspace.os.o.s_u8SuspendedIPL
 *os.o(.bss.s_u8SuspendedIPL)

.rom_workspace.os.o.s_u32PendingQueue
                0x0400030c        0x4
 *os.o(.bss.s_u32PendingQueue)
 .rom_workspace.os.o.s_u32PendingQueue
                0x0400030c        0x4 temp.elf

.rom_workspace.os.o.s_asTasks
                0x04000310        0x4
 *os.o(.bss.s_asTasks)
 .rom_workspace.os.o.s_asTasks
                0x04000310        0x4 temp.elf

.rom_workspace.os.o.s_u8OSLevelIPL
                0x04000314        0x1
 *os.o(.bss.s_u8OSLevelIPL)
 .rom_workspace.os.o.s_u8OSLevelIPL
                0x04000314        0x1 temp.elf

.rom.OS_eGetCurrentTask
 *(.text.OS_eGetCurrentTask)

.rom.OS_eGetMessageStatus
 *(.text.OS_eGetMessageStatus)

.rom.OS_eSuspendOSInterrupts
 *(.text.OS_eSuspendOSInterrupts)

.rom.OS_eResumeOSInterrupts
 *(.text.OS_eResumeOSInterrupts)

.rom.OS_eDisableAllInterrupts
 *(.text.OS_eDisableAllInterrupts)

.rom.OS_eEnableAllInterrupts
 *(.text.OS_eEnableAllInterrupts)

.rom.OS_eGetSWTimerStatus
 *(.text.OS_eGetSWTimerStatus)

.rom.os_vUnclaimedInterrupt
                0x00013949       0x12
 *(.text.os_vUnclaimedInterrupt)
 .rom.os_vUnclaimedInterrupt
                0x00013949       0x12 temp.elf
                0x00013949                _os_vUnclaimedInterrupt

.rom.eExpireSWTimer
                0x00013a25       0x6b
 *(.text.eExpireSWTimer)
 .rom.eExpireSWTimer
                0x00013a25       0x6b temp.elf

.rom.OS_eEnterCriticalSection
                0x0001421e       0x97
 *(.text.OS_eEnterCriticalSection)
 .rom.OS_eEnterCriticalSection
                0x0001421e       0x97 temp.elf
                0x0001421e                _OS_eEnterCriticalSection
                0x04000130                _os_g_aprPatchTable = 0x4000130

.rom_workspace.pdum_nwk.o.s_psFreeListHead
                0x040002dc        0x4
 *pdum_nwk.o(.bss.s_psFreeListHead)
 .rom_workspace.pdum_nwk.o.s_psFreeListHead
                0x040002dc        0x4 temp.elf

.rom_workspace.pdum_nwk.o.s_psNPduPoolStart
                0x040002e0        0x4
 *pdum_nwk.o(.bss.s_psNPduPoolStart)
 .rom_workspace.pdum_nwk.o.s_psNPduPoolStart
                0x040002e0        0x4 temp.elf

.rom_workspace.pdum_nwk.o.s_psNPduPoolEnd
                0x040002e4        0x4
 *pdum_nwk.o(.bss.s_psNPduPoolEnd)
 .rom_workspace.pdum_nwk.o.s_psNPduPoolEnd
                0x040002e4        0x4 temp.elf

.rom_workspace.pdum_nwk.o.s_hMutex
                0x040002e8        0x4
 *pdum_nwk.o(.bss.s_hMutex)
 .rom_workspace.pdum_nwk.o.s_hMutex
                0x040002e8        0x4 temp.elf

.rom_workspace.pdum_apl.o.s_hMutex
                0x040002ec        0x4
 *pdum_apl.o(.bss.s_hMutex)
 .rom_workspace.pdum_apl.o.s_hMutex
                0x040002ec        0x4 temp.elf

.rom_workspace.pdum_apl.o.s_u16NumAPdus
                0x040002f0        0x2
 *pdum_apl.o(.bss.s_u16NumAPdus)
 .rom_workspace.pdum_apl.o.s_u16NumAPdus
                0x040002f0        0x2 temp.elf

.rom_workspace.pdum_apl.o.s_asAPduPool
                0x040002f4        0x4
 *pdum_apl.o(.bss.s_asAPduPool)
 .rom_workspace.pdum_apl.o.s_asAPduPool
                0x040002f4        0x4 temp.elf

.rom.PDUM_eNPduReadFooterNBO
                0x00001034       0x4c
 *(.text.PDUM_eNPduReadFooterNBO)
 .rom.PDUM_eNPduReadFooterNBO
                0x00001034       0x4c temp.elf
                0x00001034                _PDUM_eNPduReadFooterNBO

.rom.PDUM_eNPduReadHeaderNBO
                0x00001080       0x4e
 *(.text.PDUM_eNPduReadHeaderNBO)
 .rom.PDUM_eNPduReadHeaderNBO
                0x00001080       0x4e temp.elf
                0x00001080                _PDUM_eNPduReadHeaderNBO

.rom.PDUM_eNPduAppendDataNBO
                0x000010ce       0x5c
 *(.text.PDUM_eNPduAppendDataNBO)
 .rom.PDUM_eNPduAppendDataNBO
                0x000010ce       0x5c temp.elf
                0x000010ce                _PDUM_eNPduAppendDataNBO

.rom.PDUM_eNPduAppendFooterNBO
 *(.text.PDUM_eNPduAppendFooterNBO)

.rom.PDUM_eNPduPrependHeaderNBO
                0x00001186       0x5a
 *(.text.PDUM_eNPduPrependHeaderNBO)
 .rom.PDUM_eNPduPrependHeaderNBO
                0x00001186       0x5a temp.elf
                0x00001186                _PDUM_eNPduPrependHeaderNBO

.rom.PDUM_eNPduAllocate
                0x000011e0       0x4e
 *(.text.PDUM_eNPduAllocate)
 .rom.PDUM_eNPduAllocate
                0x000011e0       0x4e temp.elf
                0x000011e0                _PDUM_eNPduAllocate

.rom.PDUM_eNPduInitDescending
                0x0000122e       0x1b
 *(.text.PDUM_eNPduInitDescending)
 .rom.PDUM_eNPduInitDescending
                0x0000122e       0x1b temp.elf
                0x0000122e                _PDUM_eNPduInitDescending

.rom.PDUM_eNPduInitAscending
                0x00001249       0x20
 *(.text.PDUM_eNPduInitAscending)
 .rom.PDUM_eNPduInitAscending
                0x00001249       0x20 temp.elf
                0x00001249                _PDUM_eNPduInitAscending

.rom.PDUM_eNPduFree
                0x00001269       0x67
 *(.text.PDUM_eNPduFree)
 .rom.PDUM_eNPduFree
                0x00001269       0x67 temp.elf
                0x00001269                _PDUM_eNPduFree

.rom.PDUM_eNPduClaimHeader
                0x000012d0       0x29
 *(.text.PDUM_eNPduClaimHeader)
 .rom.PDUM_eNPduClaimHeader
                0x000012d0       0x29 temp.elf
                0x000012d0                _PDUM_eNPduClaimHeader

.rom.PDUM_eNPduClaimFooter
                0x000012f9       0x26
 *(.text.PDUM_eNPduClaimFooter)
 .rom.PDUM_eNPduClaimFooter
                0x000012f9       0x26 temp.elf
                0x000012f9                _PDUM_eNPduClaimFooter

.rom.PDUM_eNPduClaimData
                0x0000131f       0x61
 *(.text.PDUM_eNPduClaimData)
 .rom.PDUM_eNPduClaimData
                0x0000131f       0x61 temp.elf
                0x0000131f                _PDUM_eNPduClaimData

.rom.PDUM_eNPduAscend
                0x00001380       0x24
 *(.text.PDUM_eNPduAscend)
 .rom.PDUM_eNPduAscend
                0x00001380       0x24 temp.elf
                0x00001380                _PDUM_eNPduAscend

.rom.PDUM_eNPduDescend
                0x000013a4       0x24
 *(.text.PDUM_eNPduDescend)
 .rom.PDUM_eNPduDescend
                0x000013a4       0x24 temp.elf
                0x000013a4                _PDUM_eNPduDescend

.rom.PDUM_eNPduWriteToBuffer
 *(.text.PDUM_eNPduWriteToBuffer)

.rom.PDUM_eNPduWriteFromBuffer
                0x00001413       0x29
 *(.text.PDUM_eNPduWriteFromBuffer)
 .rom.PDUM_eNPduWriteFromBuffer
                0x00001413       0x29 temp.elf
                0x00001413                _PDUM_eNPduWriteFromBuffer

.rom.PDUM_eNPduWriteDataToBuffer
                0x0000143c       0x61
 *(.text.PDUM_eNPduWriteDataToBuffer)
 .rom.PDUM_eNPduWriteDataToBuffer
                0x0000143c       0x61 temp.elf
                0x0000143c                _PDUM_eNPduWriteDataToBuffer

.rom.PDUM_eNPduWriteDataFromBuffer
                0x0000149d       0x5d
 *(.text.PDUM_eNPduWriteDataFromBuffer)
 .rom.PDUM_eNPduWriteDataFromBuffer
                0x0000149d       0x5d temp.elf
                0x0000149d                _PDUM_eNPduWriteDataFromBuffer

.rom.pdum_vNPduInit
                0x000014fa       0x3d
 *(.text.pdum_vNPduInit)
 .rom.pdum_vNPduInit
                0x000014fa       0x3d temp.elf
                0x000014fa                _pdum_vNPduInit

.rom.PDUM_pvAPduInstanceGetPayload
                0x00001537        0xd
 *(.text.PDUM_pvAPduInstanceGetPayload)
 .rom.PDUM_pvAPduInstanceGetPayload
                0x00001537        0xd temp.elf
                0x00001537                _PDUM_pvAPduInstanceGetPayload

.rom.PDUM_u16APduInstanceGetPayloadSize
                0x00001567        0xd
 *(.text.PDUM_u16APduInstanceGetPayloadSize)
 .rom.PDUM_u16APduInstanceGetPayloadSize
                0x00001567        0xd temp.elf
                0x00001567                _PDUM_u16APduInstanceGetPayloadSize

.rom.PDUM_eAPduInstanceSetPayloadSize
                0x00001574       0x28
 *(.text.PDUM_eAPduInstanceSetPayloadSize)
 .rom.PDUM_eAPduInstanceSetPayloadSize
                0x00001574       0x28 temp.elf
                0x00001574                _PDUM_eAPduInstanceSetPayloadSize

.rom.PDUM_u16APduGetSize
                0x0000159c        0xd
 *(.text.PDUM_u16APduGetSize)
 .rom.PDUM_u16APduGetSize
                0x0000159c        0xd temp.elf
                0x0000159c                _PDUM_u16APduGetSize

.rom.PDUM_u16APduInstanceWriteStrNBO
                0x000015a9       0x4e
 *(.text.PDUM_u16APduInstanceWriteStrNBO)
 .rom.PDUM_u16APduInstanceWriteStrNBO
                0x000015a9       0x4e temp.elf
                0x000015a9                _PDUM_u16APduInstanceWriteStrNBO

.rom.PDUM_u16APduInstanceWriteNBO
                0x000015f7       0x5c
 *(.text.PDUM_u16APduInstanceWriteNBO)
 .rom.PDUM_u16APduInstanceWriteNBO
                0x000015f7       0x5c temp.elf
                0x000015f7                _PDUM_u16APduInstanceWriteNBO

.rom.PDUM_u16APduInstanceReadNBO
                0x00001653       0x45
 *(.text.PDUM_u16APduInstanceReadNBO)
 .rom.PDUM_u16APduInstanceReadNBO
                0x00001653       0x45 temp.elf
                0x00001653                _PDUM_u16APduInstanceReadNBO

.rom.PDUM_hAPduAllocateAPduInstance
                0x00001698       0x54
 *(.text.PDUM_hAPduAllocateAPduInstance)
 .rom.PDUM_hAPduAllocateAPduInstance
                0x00001698       0x54 temp.elf
                0x00001698                _PDUM_hAPduAllocateAPduInstance

.rom.PDUM_eAPduFreeAPduInstance
                0x000016ec       0x78
 *(.text.PDUM_eAPduFreeAPduInstance)
 .rom.PDUM_eAPduFreeAPduInstance
                0x000016ec       0x78 temp.elf
                0x000016ec                _PDUM_eAPduFreeAPduInstance

.rom.pdum_vAPduInit
                0x00001764       0x63
 *(.text.pdum_vAPduInit)
 .rom.pdum_vAPduInit
                0x00001764       0x63 temp.elf
                0x00001764                _pdum_vAPduInit

.rom.PDUM_u16SizeNBO
                0x000017c7       0x5f
 *(.text.PDUM_u16SizeNBO)
 .rom.PDUM_u16SizeNBO
                0x000017c7       0x5f temp.elf
                0x000017c7                _PDUM_u16SizeNBO

.rom.pdum_u16WriteNBO
                0x00001826      0x120
 *(.text.pdum_u16WriteNBO)
 .rom.pdum_u16WriteNBO
                0x00001826      0x120 temp.elf
                0x00001826                _pdum_u16WriteNBO

.rom.pdum_u16WriteStrNBO
                0x00001946      0x128
 *(.text.pdum_u16WriteStrNBO)
 .rom.pdum_u16WriteStrNBO
                0x00001946      0x128 temp.elf
                0x00001946                _pdum_u16WriteStrNBO

.rom.pdum_u16ReadNBO
                0x00001a6e      0x157
 *(.text.pdum_u16ReadNBO)
 .rom.pdum_u16ReadNBO
                0x00001a6e      0x157 temp.elf
                0x00001a6e                _pdum_u16ReadNBO

.rom.vDumpPayload
 *(.text.vDumpPayload)

.rom.PDUM_vDBGPrintNPdu
 *(.text.PDUM_vDBGPrintNPdu)
                0x04000084                _pdum_g_aprPatchTable = 0x4000084

.rom_workspace.pwrm.o.s_bWakeTimerActive
                0x04000340        0x1
 *pwrm.o(.bss.s_bWakeTimerActive)
 .rom_workspace.pwrm.o.s_bWakeTimerActive
                0x04000340        0x1 temp.elf

.rom_workspace.pwrm.o.s_ePowerMode
                0x04000344        0x4
 *pwrm.o(.bss.s_ePowerMode)
 .rom_workspace.pwrm.o.s_ePowerMode
                0x04000344        0x4 temp.elf

.rom_workspace.pwrm.o.s_psPreSleepCallbacks
                0x04000348        0x4
 *pwrm.o(.bss.s_psPreSleepCallbacks)
 .rom_workspace.pwrm.o.s_psPreSleepCallbacks
                0x04000348        0x4 temp.elf

.rom_workspace.pwrm.o.u32CalibrationValue
                0x04000374        0x4
 *pwrm.o(.bss.u32CalibrationValue)
 .rom_workspace.pwrm.o.u32CalibrationValue
                0x04000374        0x4 temp.elf

.rom_workspace.pwrm.o.psNextWake
                0x04000384        0x4
 *pwrm.o(.bss.psNextWake)
 .rom_workspace.pwrm.o.psNextWake
                0x04000384        0x4 temp.elf

.rom.pwrm_vRegisterPreSleepCallback
 *(.text.pwrm_vRegisterPreSleepCallback)

.rom.PWRM_vSetupDozeMonitor
 *(.text.PWRM_vSetupDozeMonitor)

.rom.PWRM_vResetDozeTimers
 *(.text.PWRM_vResetDozeTimers)

.rom.PWRM_u32GetDozeTime
 *(.text.PWRM_u32GetDozeTime)

.rom.PWRM_u32GetDozeElapsedTime
 *(.text.PWRM_u32GetDozeElapsedTime)

.rom.PWRM_vWakeInterruptCallback
                0x0001d8e5       0x52
 *(.text.PWRM_vWakeInterruptCallback)
 .rom.PWRM_vWakeInterruptCallback
                0x0001d8e5       0x52 temp.elf
                0x0001d8e5                _PWRM_vWakeInterruptCallback

.rom.PWRM_eScheduleActivity
 *(.text.PWRM_eScheduleActivity)
                0x04000380                pwrm_psWakeupCallbacks = 0x4000380

.rom_workspace.dbg.o.vResetFn
                0x04000354        0x4
 *dbg.o(.bss.vResetFn)
 .rom_workspace.dbg.o.vResetFn
                0x04000354        0x4 temp.elf

.rom_workspace.dbg.o.vPutchFn
                0x04000358        0x4
 *dbg.o(.bss.vPutchFn)
 .rom_workspace.dbg.o.vPutchFn
                0x04000358        0x4 temp.elf

.rom_workspace.dbg.o.vFlushFn
                0x0400035c        0x4
 *dbg.o(.bss.vFlushFn)
 .rom_workspace.dbg.o.vFlushFn
                0x0400035c        0x4 temp.elf

.rom_workspace.dbg.o.vStopFn
                0x04000360        0x4
 *dbg.o(.bss.vStopFn)
 .rom_workspace.dbg.o.vStopFn
                0x04000360        0x4 temp.elf

.rom_workspace.dbg_uart.o.u8AhiUart
                0x04000364        0x1
 *dbg_uart.o(.bss.u8AhiUart)
 .rom_workspace.dbg_uart.o.u8AhiUart
                0x04000364        0x1 temp.elf

.rom_workspace.dbg.o.bIsNewline
                0x0400010c        0x1
 *dbg.o(.data.bIsNewline)
 .rom_workspace.dbg.o.bIsNewline
                0x0400010c        0x1 temp.elf

.rom_workspace.dbg_uart.o.u8AhiBaudRate
                0x0400010d        0x1
 *dbg_uart.o(.data.u8AhiBaudRate)
 .rom_workspace.dbg_uart.o.u8AhiBaudRate
                0x0400010d        0x1 temp.elf

.rom.DBG_vReset
                0x00006eb4       0x12
 *(.text.DBG_vReset)
 .rom.DBG_vReset
                0x00006eb4       0x12 temp.elf
                0x00006eb4                _DBG_vReset

.rom.vWriteUIntToBuffer
                0x00006ef3       0xd8
 *(.text.vWriteUIntToBuffer)
 .rom.vWriteUIntToBuffer
                0x00006ef3       0xd8 temp.elf

.rom.vNewLine   0x00006fcb       0x8a
 *(.text.vNewLine)
 .rom.vNewLine  0x00006fcb       0x8a temp.elf

.rom.dbg_vAssertImpl
 *(.text.dbg_vAssertImpl)

.rom.DBG_vUartFlush
                0x00007538       0x18
 *(.text.DBG_vUartFlush)
 .rom.DBG_vUartFlush
                0x00007538       0x18 temp.elf
                0x00007538                _DBG_vUartFlush

.rom.DBG_vUartPutch
                0x00007550       0x29
 *(.text.DBG_vUartPutch)
 .rom.DBG_vUartPutch
                0x00007550       0x29 temp.elf
                0x00007550                _DBG_vUartPutch

.rom.DBG_vUartInitHardware
                0x00007579       0x44
 *(.text.DBG_vUartInitHardware)
 .rom.DBG_vUartInitHardware
                0x00007579       0x44 temp.elf
                0x00007579                _DBG_vUartInitHardware
                0x04000110                _dbg_g_aprPatchTable = 0x4000110

.rom_workspace.zps_mac.o.s_hMacMutex
                0x04000330        0x4
 *zps_mac.o(.bss.s_hMacMutex)
 .rom_workspace.zps_mac.o.s_hMacMutex
                0x04000330        0x4 temp.elf

.rom_workspace.zps_mac.o.s_sDcfmIndMgr
                0x04000334        0xc
 *zps_mac.o(.bss.s_sDcfmIndMgr)
 .rom_workspace.zps_mac.o.s_sDcfmIndMgr
                0x04000334        0xc temp.elf

.rom_workspace.zps_mac.o.prHandleMlmeReqRsp
                0x040001ac        0x4
 *zps_mac.o(.data.prHandleMlmeReqRsp)
 .rom_workspace.zps_mac.o.prHandleMlmeReqRsp
                0x040001ac        0x4 temp.elf

.rom_workspace.zps_mac.o.prHandleMcpsReqRsp
                0x040001b0        0x4
 *zps_mac.o(.data.prHandleMcpsReqRsp)
 .rom_workspace.zps_mac.o.prHandleMcpsReqRsp
                0x040001b0        0x4 temp.elf

.rom.MAC_vRegisterMcpsVsDcfmIndCallbacks
                0x00001f5c       0x15
 *(.text.MAC_vRegisterMcpsVsDcfmIndCallbacks)
 .rom.MAC_vRegisterMcpsVsDcfmIndCallbacks
                0x00001f5c       0x15 temp.elf
                0x00001f5c                _MAC_vRegisterMcpsVsDcfmIndCallbacks

.rom.MAC_vHandleMlmeVsReqRsp
                0x0000202f       0x3c
 *(.text.MAC_vHandleMlmeVsReqRsp)
 .rom.MAC_vHandleMlmeVsReqRsp
                0x0000202f       0x3c temp.elf
                0x0000202f                _MAC_vHandleMlmeVsReqRsp

.rom.MAC_vHandleMcpsVsReqRsp
                0x0000206b       0xfa
 *(.text.MAC_vHandleMcpsVsReqRsp)
 .rom.MAC_vHandleMcpsVsReqRsp
                0x0000206b       0xfa temp.elf
                0x0000206b                _MAC_vHandleMcpsVsReqRsp

.rom.MAC_vSetMutex
                0x00002165       0x18
 *(.text.MAC_vSetMutex)
 .rom.MAC_vSetMutex
                0x00002165       0x18 temp.elf
                0x00002165                _MAC_vSetMutex
                0x040001b4                _zpsmac_g_aprPatchTable = 0x40001b4

.rom.u32NumberOfEmptyMasksInGroupTable
 *(.text.u32NumberOfEmptyMasksInGroupTable)

.rom.vSetAllEndpointBitmasksForGroup
 *(.text.vSetAllEndpointBitmasksForGroup)

.rom.eHandleAddEntryToGroupTable
 *(.text.eHandleAddEntryToGroupTable)

.rom.zps_vNwkLibU16ToPayload
                0x00003c0e        0xc
 *(.text.zps_vNwkLibU16ToPayload)
 .rom.zps_vNwkLibU16ToPayload
                0x00003c0e        0xc temp.elf
                0x00003c0e                _zps_vNwkLibU16ToPayload

.rom.zps_vNwkLibU32ToPayload
                0x00003c1a       0x18
 *(.text.zps_vNwkLibU32ToPayload)
 .rom.zps_vNwkLibU32ToPayload
                0x00003c1a       0x18 temp.elf
                0x00003c1a                _zps_vNwkLibU32ToPayload

.rom.zps_vNwkLibU64ToPayload
                0x00003c32       0x3f
 *(.text.zps_vNwkLibU64ToPayload)
 .rom.zps_vNwkLibU64ToPayload
                0x00003c32       0x3f temp.elf
                0x00003c32                _zps_vNwkLibU64ToPayload

.rom.zps_u16NwkLibFromPayload
                0x00003cf1        0xf
 *(.text.zps_u16NwkLibFromPayload)
 .rom.zps_u16NwkLibFromPayload
                0x00003cf1        0xf temp.elf
                0x00003cf1                _zps_u16NwkLibFromPayload

.rom.zps_u32NwkLibFromPayload
 *(.text.zps_u32NwkLibFromPayload)

.rom.zps_u64NwkLibFromPayload
                0x00003d23       0x7d
 *(.text.zps_u64NwkLibFromPayload)
 .rom.zps_u64NwkLibFromPayload
                0x00003d23       0x7d temp.elf
                0x00003d23                _zps_u64NwkLibFromPayload

.rom.zps_vNwkSlistInit
                0x000068f6        0x9
 *(.text.zps_vNwkSlistInit)
 .rom.zps_vNwkSlistInit
                0x000068f6        0x9 temp.elf
                0x000068f6                _zps_vNwkSlistInit

.rom.zps_vNwkSlistAddToHead
                0x000068ff       0x17
 *(.text.zps_vNwkSlistAddToHead)
 .rom.zps_vNwkSlistAddToHead
                0x000068ff       0x17 temp.elf
                0x000068ff                _zps_vNwkSlistAddToHead

.rom.zps_vNwkSlistAddToTail
                0x00006916       0x1a
 *(.text.zps_vNwkSlistAddToTail)
 .rom.zps_vNwkSlistAddToTail
                0x00006916       0x1a temp.elf
                0x00006916                _zps_vNwkSlistAddToTail

.rom.zps_vNwkSlistInsertAfter
                0x00006930       0x19
 *(.text.zps_vNwkSlistInsertAfter)
 .rom.zps_vNwkSlistInsertAfter
                0x00006930       0x19 temp.elf
                0x00006930                _zps_vNwkSlistInsertAfter

.rom.zps_psNwkSlistRemoveFromHead
                0x00006949       0x17
 *(.text.zps_psNwkSlistRemoveFromHead)
 .rom.zps_psNwkSlistRemoveFromHead
                0x00006949       0x17 temp.elf
                0x00006949                _zps_psNwkSlistRemoveFromHead

.rom.zps_psNwkSlistRemove
                0x00006960       0x3c
 *(.text.zps_psNwkSlistRemove)
 .rom.zps_psNwkSlistRemove
                0x00006960       0x3c temp.elf
                0x00006960                _zps_psNwkSlistRemove

.rom.zps_vNwkSlistMakeLimboNode
                0x0000699c        0x8
 *(.text.zps_vNwkSlistMakeLimboNode)
 .rom.zps_vNwkSlistMakeLimboNode
                0x0000699c        0x8 temp.elf
                0x0000699c                _zps_vNwkSlistMakeLimboNode

.rom.zps_bNwkSlistIsLimboNode
                0x000069a4       0x11
 *(.text.zps_bNwkSlistIsLimboNode)
 .rom.zps_bNwkSlistIsLimboNode
                0x000069a4       0x11 temp.elf
                0x000069a4                _zps_bNwkSlistIsLimboNode

.flashheader    0x04000cd0       0x24
                0x04000cd0                _flash_beg = <code 342> (.)
                0x04000cd0        0x4 LONG 0xe0e0
                0x04000cd4        0x4 LONG 0x4000d00 <code 342> (_data_beg)
                0x04000cd8        0x4 LONG 0x13280 _data_len
                0x04000cdc        0x4 LONG 0x1060035
                0x04000ce0        0x4 LONG 0x0
                0x04000ce4        0x4 LONG 0x4013f80 <code 342> (_bss_beg)
                0x04000ce8        0x4 LONG 0x30e8 _bss_len
                0x04000cec        0x4 LONG 0x4004054 <code 342> (_AppWarmStart)
                0x04000cf0        0x4 LONG 0x4004010 <code 342> (_AppColdStart)

.oad            0x04000cf4        0xc
                0x04000cf4        0x4 LONG 0xffffffff
                0x04000cf8        0x4 LONG 0xffffffff
                0x04000cfc        0x4 LONG 0xf0f0f0f0

.mac            0x04000d00       0x20
                0x04000d00                _enc_start = <code 342> (.)
                0x04000d00                _data_beg = <code 342> (.)
                0x04000d00        0x4 LONG 0xffffffff
                0x04000d04        0x4 LONG 0xffffffff
                0x04000d08        0x4 LONG 0xffffffff
                0x04000d0c        0x4 LONG 0xffffffff
                0x04000d10                _FlsLinkKey = <code 342> (.)
                0x04000d10        0x4 LONG 0xffffffff
                0x04000d14        0x4 LONG 0xffffffff
                0x04000d18        0x4 LONG 0xffffffff
                0x04000d1c        0x4 LONG 0xffffffff
                0x00000000                _enc_offset = (_enc_start & 0xf)
                [0x00000030]                _enc_start = (_enc_start - _flash_beg)

.heap_location  0x04000d20        0x8
                0x04000d20                _heap_location = .
                0x04000d20        0x4 LONG 0x4017068 <code 342> (_heap_start)
                0x04000d24        0x4 LONG 0x401ec00 <code 342> (_heap_end)

.rtc_clt        0x04000d28       0x28
                0x04000d28        0x4 LONG 0x0
                0x04000d2c        0x4 LONG 0x0
                0x04000d30        0x4 LONG 0x0
                0x04000d34        0x4 LONG 0x0
                0x04000d38        0x4 LONG 0x0
                0x04000d3c        0x4 LONG 0x0
                0x04000d40        0x4 LONG 0x0
                0x04000d44        0x4 LONG 0x0
                0x04000d48        0x4 LONG 0x0
                0x04000d4c        0x4 LONG 0x0

.ro_se_cert     0x04000d50        0x0
                0x04000d50                _FlsZcCert = <code 342> (.)
 *(.ro_se_cert)

.ro_se_pvKey    0x04000d50        0x0
                0x04000d50                _FlsPrivateKey = <code 342> (.)
 *(.ro_se_pvKey)

.rodata         0x04000d50      0xbf8
 *(.rodata*)
 .rodata.s_sNibInitialValues
                0x04000d50       0x1c temp.elf
 .rodata.str1.1
                0x04000d6c       0xc7 temp.elf
                                 0xc8 (size before relaxing)
 *fill*         0x04000e33        0x1 00
 .rodata.g_sKey
                0x04000e34       0x10 temp.elf
 .rodata.str1.1.38
                0x04000e44      0x132 temp.elf
                                0x138 (size before relaxing)
 .rodata.str1.1.43
                0x04000f76       0x62 temp.elf
                                 0x63 (size before relaxing)
 .rodata.str1.1.48
                0x00000000        0x5 temp.elf
 .rodata.s_u8ButtonDIOLine
                0x04000fd8        0x2 temp.elf
 .rodata.str1.1.53
                0x00000000        0x2 temp.elf
 .rodata.str1.1.58
                0x04000fda      0x5d1 temp.elf
                                0x5d2 (size before relaxing)
 .rodata.str1.1.116
                0x040015ab       0x17 temp.elf
 .rodata.str1.1.121
                0x040015c2       0x19 temp.elf
                                 0x21 (size before relaxing)
 .rodata.str1.1.126
                0x00000000       0x19 temp.elf
                                 0x2c (size before relaxing)
 .rodata.str1.1.131
                0x040015db        0x3 temp.elf
                                  0x5 (size before relaxing)
 .rodata.str1.1.140
                0x040015de       0x5c temp.elf
 .rodata.str1.1.153
                0x0400163a       0x1f temp.elf
                                 0x2f (size before relaxing)
 .rodata.str1.1.158
                0x00000000       0x1f temp.elf
                                  0x6 (size before relaxing)
 .rodata.str1.1.163
                0x00000000       0x1f temp.elf
                                  0x6 (size before relaxing)
 .rodata.str1.1.168
                0x00000000       0x1f temp.elf
                                  0x8 (size before relaxing)
 .rodata.str1.1.173
                0x00000000        0x4 temp.elf
 .rodata.str1.1.178
                0x00000000       0x1f temp.elf
                                  0x5 (size before relaxing)
 .rodata.str1.1.183
                0x00000000        0x4 temp.elf
 .rodata.str1.1.188
                0x00000000        0x4 temp.elf
 .rodata.str1.1.193
                0x00000000       0x1f temp.elf
                                  0x4 (size before relaxing)
 .rodata.str1.1.198
                0x00000000        0x5 temp.elf
 .rodata.str1.1.203
                0x00000000        0x4 temp.elf
 .rodata.str1.1.208
                0x00000000        0x2 temp.elf
 .rodata.str1.1.213
                0x00000000        0x2 temp.elf
 .rodata.str1.1.218
                0x00000000       0x1f temp.elf
                                  0x5 (size before relaxing)
 .rodata.str1.1.223
                0x04001659        0xd temp.elf
                                 0x11 (size before relaxing)
 .rodata.str1.1.232
                0x04001666        0xa temp.elf
                                 0x10 (size before relaxing)
 .rodata.str1.1.237
                0x00000000        0x3 temp.elf
 .rodata.str1.1.242
                0x04001670        0x5 temp.elf
                                 0x10 (size before relaxing)
 .rodata.str1.1.247
                0x00000000       0x10 temp.elf
 .rodata.str1.1.252
                0x04001675        0x9 temp.elf
                                  0xd (size before relaxing)
 .rodata.str1.1.257
                0x00000000        0x9 temp.elf
                                  0x8 (size before relaxing)
 .rodata.str1.1.262
                0x00000000        0xf temp.elf
 .rodata.str1.1.267
                0x00000000        0x7 temp.elf
 .rodata.str1.1.272
                0x00000000        0x7 temp.elf
 .rodata.str1.1.277
                0x00000000        0x4 temp.elf
 .rodata.str1.1.282
                0x0400167e        0xe temp.elf
 .rodata.str1.1.287
                0x0400168c        0x4 temp.elf
                                  0xb (size before relaxing)
 .rodata.str1.1.296
                0x00000000        0x4 temp.elf
                                  0xf (size before relaxing)
 .rodata.str1.1.316
                0x00000000        0x4 temp.elf
                                  0x8 (size before relaxing)
 .rodata.s_apsStSceTbl
                0x04001690       0x14 temp.elf
 .rodata.s_apsStSmeTbl
                0x040016a4       0x14 temp.elf
 .rodata.str1.1.325
                0x040016b8       0x41 temp.elf
 *fill*         0x040016f9        0x3 00
 .rodata.atCfmSize
                0x040016fc       0x34 temp.elf
 .rodata.str1.1.342
                0x04001730        0xd temp.elf
                                 0x10 (size before relaxing)
 *fill*         0x0400173d        0x3 00
 .rodata.pacDoubleByte.5386
                0x04001740        0x4 temp.elf
 .rodata.str1.1.347
                0x04001744        0x8 temp.elf
 .rodata.zps_sActvSmeTbl
                0x0400174c        0xc temp.elf
                0x0400174c                _zps_sActvSmeTbl
 .rodata.zps_sActvSceTbl
                0x04001758        0xc temp.elf
                0x04001758                _zps_sActvSceTbl
 .rodata.s_aeNlmeReqRspToActvStCme
                0x04001764        0xa temp.elf
 *fill*         0x0400176e        0x2 00
 .rodata.s_aprActvStHandleCme
                0x04001770       0x20 temp.elf
 .rodata.s_aeMlmeDcfmIndToActvStSme
                0x04001790        0xd temp.elf
 *fill*         0x0400179d        0x3 00
 .rodata.s_aprActvStHandleSme
                0x040017a0       0x18 temp.elf
 .rodata.s_atActvStSmeStt
                0x040017b8        0x5 temp.elf
 .rodata.s_aeNwkCmdToActvStSce
                0x040017bd        0xa temp.elf
 *fill*         0x040017c7        0x1 00
 .rodata.s_aprActvStHandleSce
                0x040017c8       0x2c temp.elf
 .rodata.s_atActvStSceStt
                0x040017f4        0xa temp.elf
 *fill*         0x040017fe        0x2 00
 .rodata.zps_sDiscSmeTbl
                0x04001800        0xc temp.elf
                0x04001800                _zps_sDiscSmeTbl
 .rodata.s_aeMlmeDcfmIndToDiscStSme
                0x0400180c        0xd temp.elf
 *fill*         0x04001819        0x3 00
 .rodata.s_aprDiscStHandleSme
                0x0400181c       0x1c temp.elf
 .rodata.s_atDiscStSmeStt
                0x04001838        0x8 temp.elf
 .rodata.zps_sFormSmeTbl
                0x04001840        0xc temp.elf
                0x04001840                _zps_sFormSmeTbl
 .rodata.s_aeMlmeDcfmIndToFormStSme
                0x0400184c        0xd temp.elf
 *fill*         0x04001859        0x3 00
 .rodata.s_aprFormStHandleSme
                0x0400185c       0x10 temp.elf
 .rodata.s_atFormStSmeStt
                0x0400186c        0x4 temp.elf
 .rodata.str1.1.378
                0x00000000        0xf temp.elf
 .rodata.au8JitterLUT.4928
                0x04001870        0x5 temp.elf
 .rodata.s_aeNlmeReqRspToIdleStCme
                0x04001875        0xa temp.elf
 *fill*         0x0400187f        0x1 00
 .rodata.s_aprIdleStHandleCme
                0x04001880       0x14 temp.elf
 .rodata.str1.1.387
                0x00000000        0x8 temp.elf
                                  0x7 (size before relaxing)
 .rodata.C.5.5011
                0x04001894        0x5 temp.elf
 *fill*         0x04001899        0x3 00
 .rodata.zps_sJoinSmeTbl
                0x0400189c        0xc temp.elf
                0x0400189c                _zps_sJoinSmeTbl
 .rodata.zps_sJoinSceTbl
                0x040018a8        0xc temp.elf
                0x040018a8                _zps_sJoinSceTbl
 .rodata.s_aeMlmeDcfmIndToJoinStSme
                0x040018b4        0xd temp.elf
 *fill*         0x040018c1        0x3 00
 .rodata.s_aprJoinStHandleSme
                0x040018c4       0x10 temp.elf
 .rodata.s_atJoinStSmeStt
                0x040018d4       0x14 temp.elf
 .rodata.s_aeNwkCmdToJoinStSce
                0x040018e8        0xa temp.elf
 *fill*         0x040018f2        0x2 00
 .rodata.s_aprJoinStHandleSce
                0x040018f4        0x8 temp.elf
 .rodata.s_atJoinStSceStt
                0x040018fc        0x5 temp.elf
 .rodata.str1.1.396
                0x00000000        0x3 temp.elf
 .rodata.str1.1.413
                0x04001901        0x6 temp.elf
                                  0xa (size before relaxing)
 .rodata.str1.1.474
                0x04001907       0x31 temp.elf
                                 0x32 (size before relaxing)
 .rodata.513    0x04001938       0x10 temp.elf

.data           0x04001948      0x9fc
 *(.data*)
 .data.os_Task_zps_taskZPS
                0x04001948        0xc temp.elf
                0x04001948                _os_Task_zps_taskZPS
 .data.os_Task_APP_taskSampleSensors
                0x04001954        0xc temp.elf
                0x04001954                _os_Task_APP_taskSampleSensors
 .data.os_Task_APP_taskSensorNode
                0x04001960        0xc temp.elf
                0x04001960                _os_Task_APP_taskSensorNode
 .data.os_Task_APP_taskScanButtons
                0x0400196c        0xc temp.elf
                0x0400196c                _os_Task_APP_taskScanButtons
 .data.os_Task_APP_taskLedControl
                0x04001978        0xc temp.elf
                0x04001978                _os_Task_APP_taskLedControl
 .data.os_Task_APP_taskSensorEvent
                0x04001984        0xc temp.elf
                0x04001984                _os_Task_APP_taskSensorEvent
 .data.os_Mutex_mutexZPS
                0x04001990        0x8 temp.elf
                0x04001990                _os_Mutex_mutexZPS
 .data.os_Mutex_mutexPDUM
                0x04001998        0x8 temp.elf
                0x04001998                _os_Mutex_mutexPDUM
 .data.os_Mutex_mutexMAC
                0x040019a0        0x8 temp.elf
                0x040019a0                _os_Mutex_mutexMAC
 .data.os_Mutex_mutexMEDIA
                0x040019a8        0x8 temp.elf
                0x040019a8                _os_Mutex_mutexMEDIA
 .data.os_Message_zps_msgMlmeDcfmInd
                0x040019b0       0x24 temp.elf
                0x040019b0                _os_Message_zps_msgMlmeDcfmInd
 .data.os_Message_zps_msgTimeEvents
                0x040019d4       0x24 temp.elf
                0x040019d4                _os_Message_zps_msgTimeEvents
 .data.os_Message_zps_msgMcpsDcfmInd
                0x040019f8       0x24 temp.elf
                0x040019f8                _os_Message_zps_msgMcpsDcfmInd
 .data.os_Message_APP_msgZpsEvents
                0x04001a1c       0x24 temp.elf
                0x04001a1c                _os_Message_APP_msgZpsEvents
 .data.os_Message_APP_msgLedEvent
                0x04001a40       0x24 temp.elf
                0x04001a40                _os_Message_APP_msgLedEvent
 .data.os_Message_APP_msgSensorEvent
                0x04001a64       0x24 temp.elf
                0x04001a64                _os_Message_APP_msgSensorEvent
 .data.os_HWCounter_APP_cntrTickTimer
                0x04001a88       0x18 temp.elf
                0x04001a88                _os_HWCounter_APP_cntrTickTimer
 .data.os_SWTimer_APP_cntrTickTimer_APP_tmrSampleSensors
                0x04001aa0       0x1c temp.elf
                0x04001aa0                _os_SWTimer_APP_cntrTickTimer_APP_tmrSampleSensors
 .data.os_SWTimer_APP_cntrTickTimer_APP_tmrButtonsScan
                0x04001abc       0x1c temp.elf
                0x04001abc                _os_SWTimer_APP_cntrTickTimer_APP_tmrButtonsScan
 .data.s_asTasks
                0x04001ad8       0x18 temp.elf
 .data.s_asAPduPool
                0x04001af0       0x24 temp.elf
                0x04001afc                _pdum_apduSensorData
                0x04001af0                _pdum_apduZDP
                0x04001b08                _pdum_apduLedControl
 .data.s_asapduZDPInstances
                0x04001b14       0x3c temp.elf
 .data.s_asapduSensorDataInstances
                0x04001b50        0xc temp.elf
 .data.s_asapduLedControlInstances
                0x04001b5c       0x18 temp.elf
 .data.zps_g_pvApl
                0x04001b74        0x4 temp.elf
                0x04001b74                _zps_g_pvApl
 .data.s_sApl   0x04001b78      0x2b8 temp.elf
 .data.s_sNwkTblSize
                0x04001e30        0xc temp.elf
 .data.s_sNwkTbl
                0x04001e3c       0x28 temp.elf
 *fill*         0x04001e64        0x4 00
 .data.s_sAplAib
                0x04001e68       0x30 temp.elf
 .data.s_asAplZdoServers
                0x04001e98       0x88 temp.elf
 .data.s_sNodeDescriptor
                0x04001f20       0x10 temp.elf
 .data.s_sNodePowerDescriptor
                0x04001f30        0x4 temp.elf
 .data.s_asSimpleDescConts
                0x04001f34       0x6c temp.elf
 .data.s_sApsDuplicateTable
                0x04001fa0       0x10 temp.elf
 .data.s_sApsmeCmdContainer_1
                0x04001fb0       0x38 temp.elf
 .data.s_au16Endpoint0InputClusterList
                0x04001fe8       0xa6 temp.elf
 .data.s_au16Endpoint0OutputClusterList
                0x0400208e       0xa6 temp.elf
 .data.s_ahEndpoint0InputClusterAPdus
                0x04002134      0x14c temp.elf
 .data.s_au16Endpoint1OutputClusterList
                0x04002280        0x2 temp.elf
 .data.s_au8Endpoint1OutputClusterDiscFlags
                0x04002282        0x1 temp.elf
 *fill*         0x04002283        0x1 00
 .data.s_au16Endpoint2InputClusterList
                0x04002284        0x4 temp.elf
 .data.s_au16Endpoint2OutputClusterList
                0x04002288        0x2 temp.elf
 .data.s_au8Endpoint2InputClusterDiscFlags
                0x0400228a        0x1 temp.elf
 .data.s_au8Endpoint2OutputClusterDiscFlags
                0x0400228b        0x1 temp.elf
 .data.s_ahEndpoint2InputClusterAPdus
                0x0400228c        0x8 temp.elf
 .data.s_sApsmeCmdContainer_2
                0x04002294       0x38 temp.elf
 .data.s_sApsmeCmdContainer_3
                0x040022cc       0x38 temp.elf
 .data.s_u8ButtonDebounce
                0x04002304        0x2 temp.elf
 .data.u8Channel.7812
                0x04002306        0x1 temp.elf
 *fill*         0x04002307        0x1 00
 .data.prvNvmWrite
                0x04002308        0x4 temp.elf
 .data.gu8NvmSector
                0x0400230c        0x1 temp.elf
 *fill*         0x0400230d        0x3 00
 .data.gu32NvmSectorSize
                0x04002310        0x4 temp.elf
 .data.gu32NvmSize
                0x04002314        0x4 temp.elf
 .data.prvNvmErase
                0x04002318        0x4 temp.elf
 .data.prvNvmRead
                0x0400231c        0x4 temp.elf
 .data.gu32MinimumFlashSize
                0x04002320        0x4 temp.elf
 .data.prvNvmInitHw
                0x04002324        0x4 temp.elf
 .data.geNvmFlashType
                0x04002328        0x4 temp.elf
 .data.zps_pacNwkFrmStdHdrFmt
                0x0400232c        0x4 temp.elf
                0x0400232c                _zps_pacNwkFrmStdHdrFmt
 .data.zps_pacNwkFrmStdByteFmt
                0x04002330        0x4 temp.elf
                0x04002330                _zps_pacNwkFrmStdByteFmt
 .data.zps_pacNwkFrmStdHalfFmt
                0x04002334        0x4 temp.elf
                0x04002334                _zps_pacNwkFrmStdHalfFmt
 .data.zps_pacNwkFrmStdLongFmt
                0x04002338        0x4 temp.elf
                0x04002338                _zps_pacNwkFrmStdLongFmt
 .data.psTimerList
                0x0400233c        0x4 temp.elf
                0x0400233c                _psTimerList
 .data.aprCCMStarVector
                0x04002340        0x4 temp.elf
                0x04002340                _aprCCMStarVector

.gdb
 libSWDebug_JN5148.a(.text)
 *(.dbgtxt*)

.text           0x04002348    0x11c35
                0x04002348                _text_start = <code 342> (.)
 *(.text*)
 .text.OS_vStart
                0x04002348       0x3e temp.elf
                0x04002348                _OS_vStart
 *fill*         0x04002386        0x2 00
 .text.1        0x04002388      0x150 temp.elf
                0x04002418                _os_PIC_SwVectTable
                0x040023cc                _os_PIC_ChannelPriorities
                0x04002388                _os_ExternalException_W
                0x040023dc                _os_OSMIUM_HwVectTable
 .text.4        0x040024d8       0x20 temp.elf
                0x040024d8                _IRQ_Alignment
 .text.7        0x040024f8       0x20 temp.elf
                0x040024f8                _IRQ_BusError
 .text.10       0x04002518       0x20 temp.elf
                0x04002518                _IRQ_IllegalInstruction
 .text.13       0x04002538       0x20 temp.elf
                0x04002538                _IRQ_StackOverflowException
 .text.16       0x04002558       0x20 temp.elf
                0x04002558                _IRQ_UnimplementedModule
 .text.PDUM_vInit
                0x04002578       0x35 temp.elf
                0x04002578                _PDUM_vInit
 .text.vZdoServersInit
                0x040025ad      0x132 temp.elf
 .text.os_u32APP_cbGetTickTimer
                0x040026df        0x6 temp.elf
                0x040026df                _os_u32APP_cbGetTickTimer
 .text.os_vAPP_isrTickTimer
                0x040026e5       0x39 temp.elf
                0x040026e5                _os_vAPP_isrTickTimer
 .text.os_bAPP_cbSetTickTimerCompare
                0x0400271e       0x3b temp.elf
                0x0400271e                _os_bAPP_cbSetTickTimerCompare
 .text.os_vAPP_cbDisableTickTimer
                0x04002759       0x30 temp.elf
                0x04002759                _os_vAPP_cbDisableTickTimer
 .text.os_vAPP_cbEnableTickTimer
                0x04002789       0x45 temp.elf
                0x04002789                _os_vAPP_cbEnableTickTimer
 .text.vAppRegisterPWRMCallbacks
                0x040027ce        0x3 temp.elf
                0x040027ce                _vAppRegisterPWRMCallbacks
 .text.os_vAPP_isrUnimplementedModuleException
                0x040027d1       0x19 temp.elf
                0x040027d1                _os_vAPP_isrUnimplementedModuleException
 .text.vUnclaimedInterrupt
                0x040027ea       0x19 temp.elf
 .text.os_vAPP_isrStackOverflowException
                0x04002803       0x1f temp.elf
                0x04002803                _os_vAPP_isrStackOverflowException
 .text.os_vAPP_isrIllegalInstructionException
                0x04002822       0x1f temp.elf
                0x04002822                _os_vAPP_isrIllegalInstructionException
 .text.os_vAPP_isrAlignmentException
                0x04002841       0x1f temp.elf
                0x04002841                _os_vAPP_isrAlignmentException
 .text.os_vAPP_isrBusErrorException
                0x04002860       0x1f temp.elf
                0x04002860                _os_vAPP_isrBusErrorException
 .text.vAppMain
                0x0400287f       0x79 temp.elf
                0x0400287f                _vAppMain
 .text.vInitialiseApp
                0x040028f8       0x47 temp.elf
 .text.os_vAPP_taskSensorEvent
                0x0400293f       0x2f temp.elf
                0x0400293f                _os_vAPP_taskSensorEvent
 .text.os_vAPP_taskSampleSensors
                0x0400296e      0x220 temp.elf
                0x0400296e                _os_vAPP_taskSampleSensors
 .text.APP_vInitialiseSample
                0x04002b8e       0x46 temp.elf
                0x04002b8e                _APP_vInitialiseSample
 .text.os_vAPP_isrSysCon
                0x04002bd4       0xc5 temp.elf
                0x04002bd4                _os_vAPP_isrSysCon
 .text.APP_bButtonInitialise
                0x04002c99       0x4d temp.elf
                0x04002c99                _APP_bButtonInitialise
 .text.os_vAPP_taskScanButtons
                0x04002ce6      0x162 temp.elf
                0x04002ce6                _os_vAPP_taskScanButtons
 .text.APP_vLedSet
                0x04002e48       0x1a temp.elf
                0x04002e48                _APP_vLedSet
 .text.os_vAPP_taskLedControl
                0x04002e62       0x61 temp.elf
                0x04002e62                _os_vAPP_taskLedControl
 .text.APP_vLedsInitialise
                0x04002ec3       0x44 temp.elf
                0x04002ec3                _APP_vLedsInitialise
 .text.APP_u8GetSequenceNumber
                0x04002f07       0x17 temp.elf
                0x04002f07                _APP_u8GetSequenceNumber
 .text.vClearDiscNT
                0x04002f1e       0x2e temp.elf
                0x04002f1e                _vClearDiscNT
 .text.os_vAPP_taskSensorNode
                0x04002f4c      0x578 temp.elf
                0x04002f4c                _os_vAPP_taskSensorNode
 .text.APP_vInitialiseSensorNode
                0x040034c4      0x10c temp.elf
                0x040034c4                _APP_vInitialiseSensorNode
 .text.os_vPatchInit
                0x040035d0       0x33 temp.elf
                0x040035d0                _os_vPatchInit
 .text.vDispatch
                0x04003603       0xcd temp.elf
 .text.os_vControlledInterrupt
                0x040036d0       0x37 temp.elf
                0x040036d0                _os_vControlledInterrupt
 .text.OS_eExpireSWTimers
                0x04003707       0xb9 temp.elf
                0x04003707                _OS_eExpireSWTimers
 .text.OS_eContinueSWTimer
                0x040037c0       0xdb temp.elf
                0x040037c0                _OS_eContinueSWTimer
 .text.OS_eStartSWTimer
                0x0400389b       0xe3 temp.elf
                0x0400389b                _OS_eStartSWTimer
 .text.OS_eCollectMessage
                0x0400397e       0x99 temp.elf
                0x0400397e                _OS_eCollectMessage
 .text.OS_ePostMessage
                0x04003a17      0x129 temp.elf
                0x04003a17                _OS_ePostMessage
 .text.os_vStart
                0x04003b40      0x148 temp.elf
                0x04003b40                _os_vStart
 .text.OS_eActivateTask
                0x04003c88       0x91 temp.elf
                0x04003c88                _OS_eActivateTask
 .text.OS_eExitCriticalSection
                0x04003d19       0xa1 temp.elf
                0x04003d19                _OS_eExitCriticalSection
 *fill*         0x04003dba        0x6 00
 .text.64       0x04003dc0       0xb0 temp.elf
                0x04003dc0                _os_ExternalException_R
                0x04003de8                _os_CFunc_W
                0x04003e48                _os_UnclaimedInterrupt_W
                0x04003e28                _os_UnclaimedException_W
 .text.67       0x04003e70        0x0 temp.elf
                0x04003e70                OS_Version_1v1
 .text.PWRM_vInit
                0x04003e70       0x44 temp.elf
                0x04003e70                _PWRM_vInit
 .text.PWRM_vManagePower
                0x04003eb4      0x114 temp.elf
                0x04003eb4                _PWRM_vManagePower
 .text.74       0x04003fc8       0x48 temp.elf
                0x04003fec                _PWRM_longjmp
                0x04003fc8                _setjmp
 .text.AppColdStart
                0x04004010       0x44 temp.elf
                0x04004010                _AppColdStart
 .text.AppWarmStart
                0x04004054        0xe temp.elf
                0x04004054                _AppWarmStart
 .text.bGetBit  0x04004062       0x3f temp.elf
 .text.vSetBit  0x040040a1       0x3b temp.elf
 .text.bIsEnoughSpaceInNvm
                0x040040dc       0x2a temp.elf
 .text.vMark    0x04004106       0x23 temp.elf
 .text.vMarkAllBuffers
                0x04004129       0x1f temp.elf
 .text.u32GetSizeRequiredForChangeset
                0x04004148       0x6d temp.elf
 .text.vNvmNop  0x040041b5        0x9 temp.elf
 .text.PDM_vDeleteRecord
                0x040041be       0xbd temp.elf
                0x040041be                _PDM_vDeleteRecord
 .text.PDM_vDelete
                0x0400427b       0x7e temp.elf
                0x0400427b                _PDM_vDelete
 .text.vSPIErase
                0x040042f9       0x34 temp.elf
 .text.bWriteChangeset
                0x0400432d      0x325 temp.elf
 .text.vPurge   0x04004652       0xd4 temp.elf
 .text.PDM_vSaveRecord
                0x04004726       0x81 temp.elf
                0x04004726                _PDM_vSaveRecord
 .text.vLoad    0x040047a7      0x2c5 temp.elf
 .text.vSPIInitHw
                0x04004a6c       0x3c temp.elf
 .text.PDM_vInit
                0x04004aa8      0x1a9 temp.elf
                0x04004aa8                _PDM_vInit
 .text.PDM_eLoadRecord
                0x04004c51      0x129 temp.elf
                0x04004c51                _PDM_eLoadRecord
 .text.vSPIWrite
                0x04004d7a       0x47 temp.elf
 .text.vSPIRead
                0x04004dc1       0x47 temp.elf
 .text.93       0x04004e08        0x0 temp.elf
                0x04004e08                ZPS_APL_Version_1v3
 .text.ovly.ZBAPL."/cygdrive/c/ATLAS_SANDBOX/Components/ZPSAPL_ATLAS_ZPS_APL_1v3_RC3/Source/AF/zps_apl_af.c".752
                0x04004e08       0x21 temp.elf
 .text.ovly.ZBAPL."/cygdrive/c/ATLAS_SANDBOX/Components/ZPSAPL_ATLAS_ZPS_APL_1v3_RC3/Source/AF/zps_apl_af.c".745
                0x04004e29       0x15 temp.elf
 .text.ovly.ZBAPL."/cygdrive/c/ATLAS_SANDBOX/Components/ZPSAPL_ATLAS_ZPS_APL_1v3_RC3/Source/AF/zps_apl_af.c".98
                0x04004e3e       0x84 temp.elf
                0x04004e3e                _ZPS_eAplAfInit
 .text.ovly.ZBAPL."/cygdrive/c/ATLAS_SANDBOX/Components/ZPSAPL_ATLAS_ZPS_APL_1v3_RC3/Source/AF/zps_apl_af.c".767
                0x04004ec2       0xad temp.elf
 .text.ovly.ZBAPL."/cygdrive/c/ATLAS_SANDBOX/Components/ZPSAPL_ATLAS_ZPS_APL_1v3_RC3/Source/AF/zps_apl_af.c".382
                0x04004f6f       0x3a temp.elf
                0x04004f6f                _zps_eAplAfUnicastDataReq
 .text.vFillApduErrorEvent
                0x04004fa9       0x30 temp.elf
 .text.vFillDataIndStruct
                0x04004fd9       0x58 temp.elf
 .text.zps_vAplApsInitFragReceivePool
                0x04005031       0x26 temp.elf
                0x04005031                _zps_vAplApsInitFragReceivePool
 .text.vHandleApsdeApsDataAck
                0x04005057       0xb6 temp.elf
                0x04005057                _vHandleApsdeApsDataAck
 .text.zps_vHandleApsdeDataFragIndNotSupported
                0x0400510d       0x86 temp.elf
                0x0400510d                _zps_vHandleApsdeDataFragIndNotSupported
 .text.vPostToEndpoint
                0x04005193      0x1a8 temp.elf
 .text.zps_vAplAfHandleApsdeDcfmInd
                0x0400533b      0x183 temp.elf
                0x0400533b                _zps_vAplAfHandleApsdeDcfmInd
 .text.zps_vAplAfPostEvent
                0x040054be       0x42 temp.elf
                0x040054be                _zps_vAplAfPostEvent
 .text.zps_vAplAfTaskInit
                0x04005500       0x62 temp.elf
                0x04005500                _zps_vAplAfTaskInit
 .text.vPostNlmeDcfmInd
                0x04005562        0x6 temp.elf
 .text.os_vzps_taskZPS
                0x04005568       0xd8 temp.elf
                0x04005568                _os_vzps_taskZPS
 .text.psGetApsdeBuf
                0x04005640        0x6 temp.elf
 .text.vPostApsdeDcfmInd
                0x04005646        0x6 temp.elf
 .text.psGetApsmeBuf
                0x0400564c        0x9 temp.elf
 .text.vPostApsmeDcfmInd
                0x04005655        0x6 temp.elf
 .text.psGetNldeBuf
                0x0400565b        0xa temp.elf
 .text.vPostNldeDcfmInd
                0x04005665        0x6 temp.elf
 .text.psGetNlmeBuf
                0x0400566b        0xa temp.elf
 .text.zps_vAplAfIsrInit
                0x04005675       0x57 temp.elf
                0x04005675                _zps_vAplAfIsrInit
 .text.os_vzps_isrMAC
                0x040056cc       0x39 temp.elf
                0x040056cc                _os_vzps_isrMAC
 .text.zps_vAplAfPostTimerEvent
                0x04005705       0x35 temp.elf
                0x04005705                _zps_vAplAfPostTimerEvent
 .text.psGetMcpsBuf
                0x0400573a        0x9 temp.elf
 .text.vPostMcpsDcfmInd
                0x04005743        0x6 temp.elf
 .text.psGetMlmeBuf
                0x04005749        0x9 temp.elf
 .text.vPostMlmeDcfmInd
                0x04005752       0x2f temp.elf
 .text.psGetVsMcpsBuf
                0x04005781        0x9 temp.elf
 .text.vPostVsMcpsDcfmInd
                0x0400578a       0x44 temp.elf
 .text.zps_vAplApsInitSyncMsgPool
                0x040057ce       0x2e temp.elf
                0x040057ce                _zps_vAplApsInitSyncMsgPool
 .text.zps_u8AplApsFreeMsgHandle
                0x040057fc       0x56 temp.elf
                0x040057fc                _zps_u8AplApsFreeMsgHandle
 .text.zps_u8AplApsGetMsgHandle
                0x04005852       0x21 temp.elf
                0x04005852                _zps_u8AplApsGetMsgHandle
 .text.u8AllocateMsgHandle
                0x04005873       0x40 temp.elf
 .text.zps_vAplApsIncrementAndReturnSeqNum
                0x040058b3       0x14 temp.elf
 .text.ZPS_vAplRegisterApsdeDcfmIndCallbacks
                0x040058c7        0x9 temp.elf
                0x040058c7                _ZPS_vAplRegisterApsdeDcfmIndCallbacks
 .text.zps_vAplApsFillAndPostApsAck
                0x040058d0       0x60 temp.elf
                0x040058d0                _zps_vAplApsFillAndPostApsAck
 .text.zps_vAplApsInitDcfmPool
                0x04005930       0x20 temp.elf
                0x04005930                _zps_vAplApsInitDcfmPool
 .text.zps_psApsApsAllocateDcfmRecord
                0x04005950       0x23 temp.elf
                0x04005950                _zps_psApsApsAllocateDcfmRecord
 .text.zps_vApsApsFreeDcfmRecord
                0x04005973        0x6 temp.elf
                0x04005973                _zps_vApsApsFreeDcfmRecord
 .text.zps_u8AplApsGetNextDcfmHandle
                0x04005979       0x19 temp.elf
                0x04005979                _zps_u8AplApsGetNextDcfmHandle
 .text.zps_u8AplApsTryFragmentation
                0x04005992       0x3f temp.elf
 .text.zps_vAplApsInitFragTransmitPool
                0x040059d1       0x24 temp.elf
                0x040059d1                _zps_vAplApsInitFragTransmitPool
 .text.zps_vAplApsCheckAndStartPollTimer
                0x040059f5       0x62 temp.elf
                0x040059f5                _zps_vAplApsCheckAndStartPollTimer
 .text.zps_vAplApsStopPollTimer
                0x04005a57       0x82 temp.elf
                0x04005a57                _zps_vAplApsStopPollTimer
 .text.zps_vAplApsFillNldeAndDescend
                0x04005ad9       0x37 temp.elf
                0x04005ad9                _zps_vAplApsFillNldeAndDescend
 .text.eUnfragmentedUnicastTransmission
                0x04005b10      0x221 temp.elf
 .text.zps_u8AplApsConstructAndPostLoopBackDataInd
                0x04005d31       0xf4 temp.elf
 .text.u8PostUnicastMsgToNHLE
                0x04005e25       0x6e temp.elf
 .text.eGroupAddressTransmission
                0x04005e93      0x146 temp.elf
 .text.vAckTimeOutHandler
                0x04005fd9       0xbe temp.elf
                0x04005fd9                _vAckTimeOutHandler
 .text.zps_psApsApsGetDcfmRecord
                0x04006097       0x27 temp.elf
                0x04006097                _zps_psApsApsGetDcfmRecord
 .text.zps_vAplApsPollTimer
                0x040060be       0x67 temp.elf
                0x040060be                _zps_vAplApsPollTimer
 .text.ZPS_vAplHandleApsdeReqRsp
                0x04006125      0x594 temp.elf
                0x04006125                _ZPS_vAplHandleApsdeReqRsp
 .text.ZPS_vAplRegisterApsmeDcfmIndCallbacks
                0x040066b9        0x9 temp.elf
                0x040066b9                _ZPS_vAplRegisterApsmeDcfmIndCallbacks
 .text.ovly.ZBAPL."/cygdrive/c/ATLAS_SANDBOX/Components/ZPSAPL_ATLAS_ZPS_APL_1v3_RC3/Source/APS/zps_apl_apsme.c".1300
                0x040066c2       0x11 temp.elf
                0x040066c2                _zps_psAplApsmeCmdMgrAllocate
 .text.ovly.ZBAPL."/cygdrive/c/ATLAS_SANDBOX/Components/ZPSAPL_ATLAS_ZPS_APL_1v3_RC3/Source/APS/zps_apl_apsme.c".1327
                0x040066d3        0xf temp.elf
                0x040066d3                _zps_vAplApsmeCmdMgrFree
 .text.ovly.ZBAPL."/cygdrive/c/ATLAS_SANDBOX/Components/ZPSAPL_ATLAS_ZPS_APL_1v3_RC3/Source/APS/zps_apl_apsme.c".1256
                0x040066e2       0x36 temp.elf
                0x040066e2                _zps_vInitAPSMECmdHdr
 .text.ovly.ZBAPL."/cygdrive/c/ATLAS_SANDBOX/Components/ZPSAPL_ATLAS_ZPS_APL_1v3_RC3/Source/APS/zps_apl_apsme.c".1351
                0x04006718       0x9b temp.elf
                0x04006718                _zps_eAplApsmeCmdMgrSendCommand
 .text.ovly.ZBAPL."/cygdrive/c/ATLAS_SANDBOX/Components/ZPSAPL_ATLAS_ZPS_APL_1v3_RC3/Source/APS/zps_apl_apsme.c".1105
                0x040067b3      0x10d temp.elf
                0x040067b3                _zps_eAplSendApsmeCmdFrame
 .text.ovly.ZBAPL."/cygdrive/c/ATLAS_SANDBOX/Components/ZPSAPL_ATLAS_ZPS_APL_1v3_RC3/Source/APS/zps_apl_apsme.c".841
                0x040068c0       0x7a temp.elf
                0x040068c0                _zps_eAplApsmeUpdateDeviceReqRsp
 .text.ovly.ZBAPL."/cygdrive/c/ATLAS_SANDBOX/Components/ZPSAPL_ATLAS_ZPS_APL_1v3_RC3/Source/APS/zps_apl_apsme.c".1428
                0x0400693a       0x28 temp.elf
                0x0400693a                _zps_vAplApsmeCmdMgrRetryTimeout
 .text.ovly.ZBAPL."/cygdrive/c/ATLAS_SANDBOX/Components/ZPSAPL_ATLAS_ZPS_APL_1v3_RC3/Source/APS/zps_apl_apsme.c".1458
                0x04006962       0x8c temp.elf
                0x04006962                _zps_bAplApsmeCmdMgrHandleNldeCfm
 .text.bDuplicateCheck
                0x040069ee       0xfd temp.elf
 .text.vHandleTransportKeyFrame
                0x04006aeb      0x204 temp.elf
 *fill*         0x04006cef        0x1 00
 .text.zps_vAplApsHandleNldeDcfmInd
                0x04006cf0      0x79c temp.elf
                0x04006cf0                _zps_vAplApsHandleNldeDcfmInd
 .text.zps_vAplApsInitDuplicateTable
                0x0400748c       0x23 temp.elf
                0x0400748c                _zps_vAplApsInitDuplicateTable
 .text.vTransformKey
                0x040074af       0x36 temp.elf
 .text.zps_psFindKeyDescr
                0x040074e5       0xca temp.elf
                0x040074e5                _zps_psFindKeyDescr
 .text.ZPS_u8AplGetJoinStatus
                0x040075af       0x43 temp.elf
                0x040075af                _ZPS_u8AplGetJoinStatus
 .text.zps_eAplSecEncryptPacket
                0x040075f2       0xf7 temp.elf
                0x040075f2                _zps_eAplSecEncryptPacket
 .text.zps_eAplSecDecryptPacket
                0x040076e9       0xe5 temp.elf
                0x040076e9                _zps_eAplSecDecryptPacket
 .text.ovly.ZBAPL."/cygdrive/c/ATLAS_SANDBOX/Components/ZPSAPL_ATLAS_ZPS_APL_1v3_RC3/Source/APS/zps_apl_aib.c".96
                0x040077ce        0x6 temp.elf
                0x040077ce                _zps_psAplAibGetAib
 .text.ovly.ZBAPL."/cygdrive/c/ATLAS_SANDBOX/Components/ZPSAPL_ATLAS_ZPS_APL_1v3_RC3/Source/APS/zps_apl_aib.c".143
                0x040077d4       0x18 temp.elf
                0x040077d4                _zps_eAplAibSetApsTrustCenterAddress
 .text.ovly.ZBAPL."/cygdrive/c/ATLAS_SANDBOX/Components/ZPSAPL_ATLAS_ZPS_APL_1v3_RC3/Source/APS/zps_apl_aib.c".101
                0x040077ec       0x18 temp.elf
                0x040077ec                _zps_eAplAibSetApsUseExtendedPanId
 .text.ovly.ZBAPL."/cygdrive/c/ATLAS_SANDBOX/Components/ZPSAPL_ATLAS_ZPS_APL_1v3_RC3/Source/APS/zps_apl_aib.c".111
                0x04007804       0x18 temp.elf
                0x04007804                _zps_eAplAibSetApsChannelMask
 .text.ovly.ZDO_NM."/cygdrive/c/ATLAS_SANDBOX/Components/ZPSAPL_ATLAS_ZPS_APL_1v3_RC3/Source/ZDO/zps_apl_zdo_nwkmanager.c".565
                0x0400781c        0x6 temp.elf
                0x0400781c                _zps_pvAplZdoGetNwkHandle
 .text.ovly.ZDO_NM."/cygdrive/c/ATLAS_SANDBOX/Components/ZPSAPL_ATLAS_ZPS_APL_1v3_RC3/Source/ZDO/zps_apl_zdo_nwkmanager.c".1475
                0x04007822       0x2a temp.elf
 .text.vHandleUpdateDeviceIndication
                0x0400784c       0x19 temp.elf
 .text.vHandleRemoveDeviceIndication
                0x04007865       0xa5 temp.elf
 .text.vHandleSwitchKeyIndication
                0x0400790a       0x3b temp.elf
 .text.vAplSecRemoveLinkKey
                0x04007945       0x7b temp.elf
 .text.ovly.ZDO_NM."/cygdrive/c/ATLAS_SANDBOX/Components/ZPSAPL_ATLAS_ZPS_APL_1v3_RC3/Source/ZDO/zps_apl_zdo_nwkmanager.c".1146
                0x040079c0       0xa5 temp.elf
                0x040079c0                _zps_eAplZdoAddReplaceLinkKey
 .text.ovly.ZDO_NM."/cygdrive/c/ATLAS_SANDBOX/Components/ZPSAPL_ATLAS_ZPS_APL_1v3_RC3/Source/ZDO/zps_apl_zdo_nwkmanager.c".649
                0x04007a65       0x2a temp.elf
                0x04007a65                _zps_eAplZdoPermitJoining
 .text.ovly.ZDO_NM."/cygdrive/c/ATLAS_SANDBOX/Components/ZPSAPL_ATLAS_ZPS_APL_1v3_RC3/Source/ZDO/zps_apl_zdo_nwkmanager.c".166
                0x04007a8f      0x2d1 temp.elf
                0x04007a8f                _zps_eAplZdoInit
 .text.ovly.ZDO_NM."/cygdrive/c/ATLAS_SANDBOX/Components/ZPSAPL_ATLAS_ZPS_APL_1v3_RC3/Source/ZDO/zps_apl_zdo_nwkmanager.c".1510
                0x04007d60       0x60 temp.elf
 .text.ovly.ZDO_NM."/cygdrive/c/ATLAS_SANDBOX/Components/ZPSAPL_ATLAS_ZPS_APL_1v3_RC3/Source/ZDO/zps_apl_zdo_nwkmanager.c".623
                0x04007dc0       0x2a temp.elf
                0x04007dc0                _zps_eAplZdoDiscoverNetworks
 .text.ovly.ZDO_NM."/cygdrive/c/ATLAS_SANDBOX/Components/ZPSAPL_ATLAS_ZPS_APL_1v3_RC3/Source/ZDO/zps_apl_zdo_nwkmanager.c".1551
                0x04007dea       0xa5 temp.elf
 .text.ovly.ZDO_NM."/cygdrive/c/ATLAS_SANDBOX/Components/ZPSAPL_ATLAS_ZPS_APL_1v3_RC3/Source/ZDO/zps_apl_zdo_nwkmanager.c".598
                0x04007e8f       0x2a temp.elf
                0x04007e8f                _zps_eAplZdoJoinNetwork
 .text.ovly.ZDO_NM."/cygdrive/c/ATLAS_SANDBOX/Components/ZPSAPL_ATLAS_ZPS_APL_1v3_RC3/Source/ZDO/zps_apl_zdo_nwkmanager.c".1625
                0x04007eb9       0x9c temp.elf
 .text.ovly.ZDO_NM."/cygdrive/c/ATLAS_SANDBOX/Components/ZPSAPL_ATLAS_ZPS_APL_1v3_RC3/Source/ZDO/zps_apl_zdo_nwkmanager.c".1685
                0x04007f55       0x84 temp.elf
 .text.ovly.ZDO_NM."/cygdrive/c/ATLAS_SANDBOX/Components/ZPSAPL_ATLAS_ZPS_APL_1v3_RC3/Source/ZDO/zps_apl_zdo_nwkmanager.c".1745
                0x04007fd9       0x71 temp.elf
 .text.ovly.ZDO_NM."/cygdrive/c/ATLAS_SANDBOX/Components/ZPSAPL_ATLAS_ZPS_APL_1v3_RC3/Source/ZDO/zps_apl_zdo_nwkmanager.c".424
                0x0400804a       0xa6 temp.elf
                0x0400804a                _zps_eAplZdoStartStack
 .text.ovly.ZDO_NM."/cygdrive/c/ATLAS_SANDBOX/Components/ZPSAPL_ATLAS_ZPS_APL_1v3_RC3/Source/ZDO/zps_apl_zdo_nwkmanager.c".1791
                0x040080f0       0xcf temp.elf
 .text.vHandleTransportKeyIndication
                0x040081bf      0x21e temp.elf
 *fill*         0x040083dd        0x3 00
 .text.zps_vAplZdoHandleApsmeDcfmInd
                0x040083e0       0x94 temp.elf
                0x040083e0                _zps_vAplZdoHandleApsmeDcfmInd
 .text.zps_vAplZdoHandleNlmeDcfmInd
                0x04008474      0x740 temp.elf
                0x04008474                _zps_vAplZdoHandleNlmeDcfmInd
 .text.vAplSecAuthTimerExpiry
                0x04008bb4       0xc9 temp.elf
 .text.vAplSecAuthPollTimerExpiry
                0x04008c7d       0x5d temp.elf
 .text.ovly.ZDO_TC."/cygdrive/c/ATLAS_SANDBOX/Components/ZPSAPL_ATLAS_ZPS_APL_1v3_RC3/Source/ZDO/zps_apl_zdo_trust_center.c".431
                0x04008cda       0x3e temp.elf
                0x04008cda                _zps_eAplTrustCenterFindDevice
 .text.zps_bAplZdoHandleZdpEvent
                0x04008d18       0x50 temp.elf
                0x04008d18                _zps_bAplZdoHandleZdpEvent
 .text.ovly.ZDO_DFLT."/cygdrive/c/ATLAS_SANDBOX/Components/ZPSAPL_ATLAS_ZPS_APL_1v3_RC3/Source/ZDO/zps_apl_zdo_default_server.c".105
                0x04008d68        0x9 temp.elf
                0x04008d68                _zps_vAplZdoDefaultServerInit
 .text.ovly.ZDO_DFLT."/cygdrive/c/ATLAS_SANDBOX/Components/ZPSAPL_ATLAS_ZPS_APL_1v3_RC3/Source/ZDO/zps_apl_zdo_default_server.c".130
                0x04008d71      0x2d8 temp.elf
                0x04008d71                _zps_bAplZdoDefaultServer
 .text.ovly.ZDO_NAS."/cygdrive/c/ATLAS_SANDBOX/Components/ZPSAPL_ATLAS_ZPS_APL_1v3_RC3/Source/ZDO/zps_apl_zdo_nwk_addr_server.c".275
                0x04009049       0x68 temp.elf
                0x04009049                _vZdoNwkAddrServerSendExtendResponse
 .text.ovly.ZDO_NAS."/cygdrive/c/ATLAS_SANDBOX/Components/ZPSAPL_ATLAS_ZPS_APL_1v3_RC3/Source/ZDO/zps_apl_zdo_nwk_addr_server.c".146
                0x040090b1      0x16e temp.elf
                0x040090b1                _zps_bAplZdoNwkAddrServer
 .text.ovly.ZDO_NAS."/cygdrive/c/ATLAS_SANDBOX/Components/ZPSAPL_ATLAS_ZPS_APL_1v3_RC3/Source/ZDO/zps_apl_zdo_nwk_addr_server.c".123
                0x0400921f        0x9 temp.elf
                0x0400921f                _zps_vAplZdoNwkAddrServerInit
 .text.ovly.ZDO_IAS."/cygdrive/c/ATLAS_SANDBOX/Components/ZPSAPL_ATLAS_ZPS_APL_1v3_RC3/Source/ZDO/zps_apl_zdo_ieee_addr_server.c".276
                0x04009228       0x68 temp.elf
                0x04009228                _vZdoIeeeAddrServerSendExtendResponse
 .text.ovly.ZDO_IAS."/cygdrive/c/ATLAS_SANDBOX/Components/ZPSAPL_ATLAS_ZPS_APL_1v3_RC3/Source/ZDO/zps_apl_zdo_ieee_addr_server.c".147
                0x04009290      0x160 temp.elf
                0x04009290                _zps_bAplZdoIeeeAddrServer
 .text.ovly.ZDO_IAS."/cygdrive/c/ATLAS_SANDBOX/Components/ZPSAPL_ATLAS_ZPS_APL_1v3_RC3/Source/ZDO/zps_apl_zdo_ieee_addr_server.c".122
                0x040093f0        0x9 temp.elf
                0x040093f0                _zps_vAplZdoIeeeAddrServerInit
 .text.ovly.ZDO_MDS."/cygdrive/c/ATLAS_SANDBOX/Components/ZPSAPL_ATLAS_ZPS_APL_1v3_RC3/Source/ZDO/zps_apl_zdo_match_desc_server.c".121
                0x040093f9        0x9 temp.elf
                0x040093f9                _zps_vAplZdoMatchDescServerInit
 .text.ovly.ZDO_MDS."/cygdrive/c/ATLAS_SANDBOX/Components/ZPSAPL_ATLAS_ZPS_APL_1v3_RC3/Source/ZDO/zps_apl_zdo_match_desc_server.c".358
                0x04009402       0x1c temp.elf
 .text.ovly.ZDO_MDS."/cygdrive/c/ATLAS_SANDBOX/Components/ZPSAPL_ATLAS_ZPS_APL_1v3_RC3/Source/ZDO/zps_apl_zdo_match_desc_server.c".385
                0x0400941e       0x98 temp.elf
 .text.ovly.ZDO_MDS."/cygdrive/c/ATLAS_SANDBOX/Components/ZPSAPL_ATLAS_ZPS_APL_1v3_RC3/Source/ZDO/zps_apl_zdo_match_desc_server.c".148
                0x040094b6      0x230 temp.elf
                0x040094b6                _zps_bAplZdoMatchDescServer
 .text.ovly.ZDO_NDS."/cygdrive/c/ATLAS_SANDBOX/Components/ZPSAPL_ATLAS_ZPS_APL_1v3_RC3/Source/ZDO/zps_apl_zdo_node_desc_server.c".137
                0x040096e6      0x1e9 temp.elf
                0x040096e6                _zps_bAplZdoNodeDescServer
 .text.ovly.ZDO_NDS."/cygdrive/c/ATLAS_SANDBOX/Components/ZPSAPL_ATLAS_ZPS_APL_1v3_RC3/Source/ZDO/zps_apl_zdo_node_desc_server.c".108
                0x040098cf        0x9 temp.elf
                0x040098cf                _zps_vAplZdoNodeDescServerInit
 .text.ovly.ZDO_SDS."../Source/ZDO/zps_apl_zdo_simple_desc_server.c".109
                0x040098d8        0xf temp.elf
                0x040098d8                _zps_vAplZdoSimpleDescServerInit
 .text.ovly.ZDO_SDS."../Source/ZDO/zps_apl_zdo_simple_desc_server.c".134
                0x040098e7      0x220 temp.elf
                0x040098e7                _zps_bAplZdoSimpleDescServer
 .text.ovly.ZDO_PDS."/cygdrive/c/ATLAS_SANDBOX/Components/ZPSAPL_ATLAS_ZPS_APL_1v3_RC3/Source/ZDO/zps_apl_zdo_power_desc_server.c".137
                0x04009b07      0x18c temp.elf
                0x04009b07                _zps_bAplZdoPowerDescServer
 .text.ovly.ZDO_PDS."/cygdrive/c/ATLAS_SANDBOX/Components/ZPSAPL_ATLAS_ZPS_APL_1v3_RC3/Source/ZDO/zps_apl_zdo_power_desc_server.c".112
                0x04009c93        0x9 temp.elf
                0x04009c93                _zps_vAplZdoPowerDescServerInit
 .text.ovly.ZDO_AEPS."/cygdrive/c/ATLAS_SANDBOX/Components/ZPSAPL_ATLAS_ZPS_APL_1v3_RC3/Source/ZDO/zps_apl_zdo_active_ep_server.c".138
                0x04009c9c      0x136 temp.elf
                0x04009c9c                _zps_bAplZdoActiveEpServer
 .text.ovly.ZDO_AEPS."/cygdrive/c/ATLAS_SANDBOX/Components/ZPSAPL_ATLAS_ZPS_APL_1v3_RC3/Source/ZDO/zps_apl_zdo_active_ep_server.c".113
                0x04009dd2        0x9 temp.elf
                0x04009dd2                _zps_vAplZdoActiveEpServerInit
 .text.ovly.ZDO_DAS."/cygdrive/c/ATLAS_SANDBOX/Components/ZPSAPL_ATLAS_ZPS_APL_1v3_RC3/Source/ZDO/zps_apl_zdo_device_annce_server.c".85
                0x04009ddb        0x3 temp.elf
                0x04009ddb                _zps_vAplZdoDeviceAnnceServerInit
 .text.ovly.ZDO_DAS."/cygdrive/c/ATLAS_SANDBOX/Components/ZPSAPL_ATLAS_ZPS_APL_1v3_RC3/Source/ZDO/zps_apl_zdo_device_annce_server.c".108
                0x04009dde       0x7f temp.elf
                0x04009dde                _zps_bAplZdoDeviceAnnceServer
 .text.ovly.ZDO_PMJS."/cygdrive/c/ATLAS_SANDBOX/Components/ZPSAPL_ATLAS_ZPS_APL_1v3_RC3/Source/ZDO/zps_apl_zdo_permit_joining_server.c".139
                0x04009e5d       0xe8 temp.elf
                0x04009e5d                _zps_bAplZdoPermitJoiningServer
 .text.ovly.ZDO_PMJS."/cygdrive/c/ATLAS_SANDBOX/Components/ZPSAPL_ATLAS_ZPS_APL_1v3_RC3/Source/ZDO/zps_apl_zdo_permit_joining_server.c".113
                0x04009f45        0x9 temp.elf
                0x04009f45                _zps_vAplZdoPermitJoiningServerInit
 .text.ovly.ZDO_SSDS."/cygdrive/c/ATLAS_SANDBOX/Components/ZPSAPL_ATLAS_ZPS_APL_1v3_RC3/Source/ZDO/zps_apl_zdo_system_server_discovery_server.c".139
                0x04009f4e       0xd6 temp.elf
                0x04009f4e                _zps_bAplZdoSystemServerDiscoveryServer
 .text.ovly.ZDO_SSDS."/cygdrive/c/ATLAS_SANDBOX/Components/ZPSAPL_ATLAS_ZPS_APL_1v3_RC3/Source/ZDO/zps_apl_zdo_system_server_discovery_server.c".109
                0x0400a024        0x9 temp.elf
                0x0400a024                _zps_vAplZdoSystemServerDiscoveryServerInit
 .text.ovly.ZDO_MLQS."/cygdrive/c/ATLAS_SANDBOX/Components/ZPSAPL_ATLAS_ZPS_APL_1v3_RC3/Source/ZDO/zps_apl_zdo_mgmt_lqi_server.c".134
                0x0400a02d      0x1f6 temp.elf
                0x0400a02d                _zps_bAplZdoMgmtLqiServer
 .text.ovly.ZDO_MLQS."/cygdrive/c/ATLAS_SANDBOX/Components/ZPSAPL_ATLAS_ZPS_APL_1v3_RC3/Source/ZDO/zps_apl_zdo_mgmt_lqi_server.c".109
                0x0400a223        0x9 temp.elf
                0x0400a223                _zps_vAplZdoMgmtLqiServerInit
 .text.ovly.ZDO_MRS."/cygdrive/c/ATLAS_SANDBOX/Components/ZPSAPL_ATLAS_ZPS_APL_1v3_RC3/Source/ZDO/zps_apl_zdo_mgmt_rtg_server.c".139
                0x0400a22c      0x123 temp.elf
                0x0400a22c                _zps_bAplZdoMgmtRtgServer
 .text.ovly.ZDO_MRS."/cygdrive/c/ATLAS_SANDBOX/Components/ZPSAPL_ATLAS_ZPS_APL_1v3_RC3/Source/ZDO/zps_apl_zdo_mgmt_rtg_server.c".115
                0x0400a34f        0x9 temp.elf
                0x0400a34f                _zps_vAplZdoMgmtRtgServerInit
 .text.ovly.ZDO_MLS."/cygdrive/c/ATLAS_SANDBOX/Components/ZPSAPL_ATLAS_ZPS_APL_1v3_RC3/Source/ZDO/zps_apl_zdo_mgmt_leave_server.c".111
                0x0400a358        0x9 temp.elf
                0x0400a358                _zps_vAplZdoMgmtLeaveServerInit
 .text.ovly.ZDO_MLS."/cygdrive/c/ATLAS_SANDBOX/Components/ZPSAPL_ATLAS_ZPS_APL_1v3_RC3/Source/ZDO/zps_apl_zdo_mgmt_leave_server.c".265
                0x0400a361       0x44 temp.elf
 .text.ovly.ZDO_MLS."/cygdrive/c/ATLAS_SANDBOX/Components/ZPSAPL_ATLAS_ZPS_APL_1v3_RC3/Source/ZDO/zps_apl_zdo_mgmt_leave_server.c".138
                0x0400a3a5      0x150 temp.elf
                0x0400a3a5                _zps_bAplZdoMgmtLeaveServer
 .text.ovly.ZDO_MNUS."/cygdrive/c/ATLAS_SANDBOX/Components/ZPSAPL_ATLAS_ZPS_APL_1v3_RC3/Source/ZDO/zps_apl_zdo_mgmt_nwk_update_server.c".129
                0x0400a4f5        0x9 temp.elf
                0x0400a4f5                _zps_vAplZdoMgmtNWKUpdateServerInit
 .text.ovly.ZDO_MNUS."/cygdrive/c/ATLAS_SANDBOX/Components/ZPSAPL_ATLAS_ZPS_APL_1v3_RC3/Source/ZDO/zps_apl_zdo_mgmt_nwk_update_server.c".439
                0x0400a4fe       0x2a temp.elf
 .text.ovly.ZDO_MNUS."/cygdrive/c/ATLAS_SANDBOX/Components/ZPSAPL_ATLAS_ZPS_APL_1v3_RC3/Source/ZDO/zps_apl_zdo_mgmt_nwk_update_server.c".458
                0x0400a528       0x21 temp.elf
 .text.ovly.ZDO_MNUS."/cygdrive/c/ATLAS_SANDBOX/Components/ZPSAPL_ATLAS_ZPS_APL_1v3_RC3/Source/ZDO/zps_apl_zdo_mgmt_nwk_update_server.c".418
                0x0400a549       0x33 temp.elf
 .text.ovly.ZDO_MNUS."/cygdrive/c/ATLAS_SANDBOX/Components/ZPSAPL_ATLAS_ZPS_APL_1v3_RC3/Source/ZDO/zps_apl_zdo_mgmt_nwk_update_server.c".506
                0x0400a57c       0x1c temp.elf
 .text.ovly.ZDO_MNUS."/cygdrive/c/ATLAS_SANDBOX/Components/ZPSAPL_ATLAS_ZPS_APL_1v3_RC3/Source/ZDO/zps_apl_zdo_mgmt_nwk_update_server.c".151
                0x0400a598      0x300 temp.elf
                0x0400a598                _zps_bAplZdoMgmtNWKUpdateServer
 .text.ovly.ZDO_MNUS."/cygdrive/c/ATLAS_SANDBOX/Components/ZPSAPL_ATLAS_ZPS_APL_1v3_RC3/Source/ZDO/zps_apl_zdo_mgmt_nwk_update_server.c".474
                0x0400a898       0x52 temp.elf
 .text.ovly.ZDO_CMN."/cygdrive/c/ATLAS_SANDBOX/Components/ZPSAPL_ATLAS_ZPS_APL_1v3_RC3/Source/ZDO/zps_apl_zdo_common.c".102
                0x0400a8ea       0x70 temp.elf
                0x0400a8ea                _zps_eAplZdoNlmeleaveWrapper
 .text.ovly.ZDO_CMN."/cygdrive/c/ATLAS_SANDBOX/Components/ZPSAPL_ATLAS_ZPS_APL_1v3_RC3/Source/ZDO/zps_apl_zdo_common.c".147
                0x0400a95a       0x2c temp.elf
                0x0400a95a                _zps_eAplZdoNlmePermitJoiningWrapper
 .text.ovly.ZDO_CMN."/cygdrive/c/ATLAS_SANDBOX/Components/ZPSAPL_ATLAS_ZPS_APL_1v3_RC3/Source/ZDO/zps_apl_zdo_common.c".183
                0x0400a986       0x3c temp.elf
                0x0400a986                _zps_eAplZdoSendZdpResponse
 .text.ovly.ZDO_CMN."/cygdrive/c/ATLAS_SANDBOX/Components/ZPSAPL_ATLAS_ZPS_APL_1v3_RC3/Source/ZDO/zps_apl_zdo_common.c".234
                0x0400a9c2       0x49 temp.elf
                0x0400a9c2                _zps_bAplZdoServerHandleConfirmAcks
 .text.ovly.ZDO_NMC."/cygdrive/c/ATLAS_SANDBOX/Components/ZPSAPL_ATLAS_ZPS_APL_1v3_RC3/Source/ZDO/zps_apl_zdo_nwkmanager_client.c".172
                0x0400aa0b        0xc temp.elf
                0x0400aa0b                _zps_vAplZdoZdoClientInit
 .text.ovly.ZDO_NMC."/cygdrive/c/ATLAS_SANDBOX/Components/ZPSAPL_ATLAS_ZPS_APL_1v3_RC3/Source/ZDO/zps_apl_zdo_nwkmanager_client.c".312
                0x0400aa17      0x129 temp.elf
 .text.ovly.ZDO_NMC."/cygdrive/c/ATLAS_SANDBOX/Components/ZPSAPL_ATLAS_ZPS_APL_1v3_RC3/Source/ZDO/zps_apl_zdo_nwkmanager_client.c".201
                0x0400ab40      0x126 temp.elf
                0x0400ab40                _zps_bAplZdoZdoClient