
Allocating common symbols
Common symbol       size              file

s_sDevicePDDesc     0x44              temp.elf
s_u16ActivityCounter
                    0x2               temp.elf
sBbcIdleBugTimer    0x10              temp.elf
bCheckChild         0x4               temp.elf
prHigherMlmeCallback
                    0x4               temp.elf
ba_redzone_size     0x4               temp.elf
pwrm_CPUContext     0x3c              temp.elf
au8Shadow           0x400             temp.elf
app_eDisplayState   0x4               temp.elf
s_sLogPDDesc        0x44              temp.elf
app_eCurrentSensor  0x4               temp.elf
zps_psNwk           0x4               temp.elf
ba_abi_level        0x4               temp.elf
psActiveMsgListHead
                    0x4               temp.elf
psFreeMsgListHead   0x4               temp.elf
eState              0x4               temp.elf

Discarded input sections

 .rom_workspace.os.o.s_u32SuspendIRQNesting
                0x00000000        0x0 temp.elf
 .rom_workspace.os.o.s_u8SuspendedIPL
                0x00000000        0x0 temp.elf
 .rom.OS_eGetCurrentTask
                0x00000000        0x0 temp.elf
 .rom.OS_eGetMessageStatus
                0x00000000        0x0 temp.elf
 .rom.OS_eSuspendOSInterrupts
                0x00000000        0x0 temp.elf
 .rom.OS_eResumeOSInterrupts
                0x00000000        0x0 temp.elf
 .rom.OS_eDisableAllInterrupts
                0x00000000        0x0 temp.elf
 .rom.OS_eEnableAllInterrupts
                0x00000000        0x0 temp.elf
 .rom.PDUM_eNPduAppendFooterNBO
                0x00000000        0x0 temp.elf
 .rom.PDUM_eNPduWriteToBuffer
                0x00000000        0x0 temp.elf
 .rom.pwrm_vRegisterPreSleepCallback
                0x00000000        0x0 temp.elf
 .rom.PWRM_vSetupDozeMonitor
                0x00000000        0x0 temp.elf
 .rom.PWRM_vResetDozeTimers
                0x00000000        0x0 temp.elf
 .rom.PWRM_u32GetDozeTime
                0x00000000        0x0 temp.elf
 .rom.PWRM_u32GetDozeElapsedTime
                0x00000000        0x0 temp.elf
 .rom.PWRM_eScheduleActivity
                0x00000000        0x0 temp.elf
 .rom.dbg_vAssertImpl
                0x00000000        0x0 temp.elf
 .bss           0x00000000        0x0 temp.elf
 .bss.3         0x00000000        0x0 temp.elf
 .bss.6         0x00000000        0x0 temp.elf
 .bss.9         0x00000000        0x0 temp.elf
 .bss.12        0x00000000        0x0 temp.elf
 .bss.15        0x00000000        0x0 temp.elf
 .bss.18        0x00000000        0x0 temp.elf
 .bss.21        0x00000000        0x0 temp.elf
 .bss.25        0x00000000        0x0 temp.elf
 .bss.29        0x00000000        0x0 temp.elf
 .bss.33        0x00000000        0x0 temp.elf
 .bss.37        0x00000000        0x0 temp.elf
 .bss.42        0x00000000        0x0 temp.elf
 .bss.47        0x00000000        0x0 temp.elf
 .bss.51        0x00000000        0x0 temp.elf
 .bss.56        0x00000000        0x0 temp.elf
 .bss.61        0x00000000        0x0 temp.elf
 .bss.66        0x00000000        0x0 temp.elf
 .bss.70        0x00000000        0x0 temp.elf
 .bss.75        0x00000000        0x0 temp.elf
 .bss.79        0x00000000        0x0 temp.elf
 .bss.82        0x00000000        0x0 temp.elf
 .bss.85        0x00000000        0x0 temp.elf
 .bss.89        0x00000000        0x0 temp.elf
 .bss.92        0x00000000        0x0 temp.elf
 .bss.96        0x00000000        0x0 temp.elf
 .bss.100       0x00000000        0x0 temp.elf
 .bss.104       0x00000000        0x0 temp.elf
 .bss.108       0x00000000        0x0 temp.elf
 .bss.111       0x00000000        0x0 temp.elf
 .bss.115       0x00000000        0x0 temp.elf
 .bss.120       0x00000000        0x0 temp.elf
 .bss.124       0x00000000        0x0 temp.elf
 .bss.128       0x00000000        0x0 temp.elf
 .bss.133       0x00000000        0x0 temp.elf
 .bss.138       0x00000000        0x0 temp.elf
 .bss.143       0x00000000        0x0 temp.elf
 .bss.148       0x00000000        0x0 temp.elf
 .bss.152       0x00000000        0x0 temp.elf
 .bss.157       0x00000000        0x0 temp.elf
 .bss.161       0x00000000        0x0 temp.elf
 .bss.165       0x00000000        0x0 temp.elf
 .bss.170       0x00000000        0x0 temp.elf
 .bss.175       0x00000000        0x0 temp.elf
 .bss.180       0x00000000        0x0 temp.elf
 .bss.185       0x00000000        0x0 temp.elf
 .bss.190       0x00000000        0x0 temp.elf
 .bss.195       0x00000000        0x0 temp.elf
 .bss.200       0x00000000        0x0 temp.elf
 .bss.205       0x00000000        0x0 temp.elf
 .bss.210       0x00000000        0x0 temp.elf
 .bss.215       0x00000000        0x0 temp.elf
 .bss.220       0x00000000        0x0 temp.elf
 .bss.225       0x00000000        0x0 temp.elf
 .bss.230       0x00000000        0x0 temp.elf
 .bss.235       0x00000000        0x0 temp.elf
 .bss.240       0x00000000        0x0 temp.elf
 .bss.245       0x00000000        0x0 temp.elf
[...]
Memory Configuration

Name             Origin             Length             Attributes
ram              0x04000000         0x00020000
flash            0x04000000         0x00080000
rom              0x00000000         0x00020000
*default*        0x00000000         0xffffffff

Linker script and memory map

LOAD temp.elf
LOAD /cygdrive/c/Jennic/Tools/ba-elf-ba2/bin/../lib/gcc/ba-elf/4.1.2/ba2/libgcc.a
LOAD /cygdrive/c/Jennic/Tools/ba-elf-ba2/bin/../lib/gcc/ba-elf/4.1.2/../../../../ba-elf/lib/ba2/libc.a
LOAD /cygdrive/c/Jennic/Tools/ba-elf-ba2/bin/../lib/gcc/ba-elf/4.1.2/ba2/libgcc.a
                0x00001400                _stack_size = 0x1400
                0x000000c0                __exception_bus_error = 0xc0
                0x00000124                __exception_tick_timer = 0x124
                0x00000188                __exception_unaligned_access = 0x188
                0x000001ec                __exception_illegal_instruction = 0x1ec
                0x00000250                __exception_external_interrupt = 0x250
                0x000002b4                __exception_syscall = 0x2b4
                0x00000318                __exception_trap = 0x318
                0x0000037c                __exception_generic = 0x37c
                0x000003e0                __exception_stack_overflow = 0x3e0
                0x00000444                __exception_reset = 0x444
                0x00000a9c                _sJennicLogo = 0xa9c
                0x0000a1cc                __stext = 0xa1cc
                0x0000a20e                ___errno = 0xa20e
                0x0000a25e                ___udivsi3 = 0xa25e
                0x0000a25e                ___udivsi3 = 0xa25e
                0x0000a266                ___umodsi3 = 0xa266
                0x0000a266                ___umodsi3 = 0xa266
                0x0000a26e                ___divsi3 = 0xa26e
                0x0000a29a                ___modsi3 = 0xa29a
                0x0000a434                _vAHI_ApConfigure = 0xa434
                0x0000a49f                _bAHI_APRegulatorEnabled = 0xa49f
                0x0000a4ac                _vAHI_AdcEnable = 0xa4ac
                0x0000a5ac                _bAHI_AdcPoll = 0xa5ac
                0x0000a604                _vAHI_DacEnable = 0xa604
                0x0000a686                _vAHI_DacDisable = 0xa686
                0x0000a6a3                _vAHI_DacOutput = 0xa6a3
                0x0000a6c7                _bAHI_DacPoll = 0xa6c7
                0x0000a89a                _vAHI_ComparatorEnable = 0xa89a
                0x0000a8d5                _vAHI_ComparatorDisable = 0xa8d5
                0x0000a945                _vAHI_ComparatorWakeEnable = 0xa945
                0x0000a94b                _u8AHI_ComparatorStatus = 0xa94b
                0x0000a95b                _u8AHI_ComparatorWakeStatus = 0xa95b
                0x0000a96f                _bAHI_DaiPollBusy = 0xa96f
                0x0000a97e                _vAHI_DaiReadAudioData = 0xa97e
                0x0000a993                _vAHI_DaiWriteAudioData = 0xa993
                0x0000a9a0                _vAHI_IntHandlerDai = 0xa9a0
                0x0000a9be                _vAHI_DaiRegisterCallback = 0xa9be
                0x0000a9eb                _vAHI_DaiStartTransaction = 0xa9eb
                0x0000aa0e                _vAHI_DaiConnectToFIFO = 0xaa0e
                0x0000aac4                _vAHI_DaiSetBitClock = 0xaac4
                0x0000aaed                _vAHI_DaiInterruptEnable = 0xaaed
                0x0000ab05                _vAHI_DaiEnable = 0xab05
                0x0000ab28                _vAHI_DioSetDirection = 0xab28
                0x0000ab3c                _vAHI_DioSetOutput = 0xab3c
                0x0000ab64                _u32AHI_DioReadInput = 0xab64
                0x0000aba9                _vAHI_DioSetByte = 0xaba9
                0x0000abc3                _u8AHI_DioReadByte = 0xabc3
                0x0000ad82                _bAHI_FifoRead = 0xad82
                0x0000ad9f                _vAHI_FifoWrite = 0xad9f
                0x0000adc4                _u8AHI_FifoReadTxLevel = 0xadc4
                0x0000ae8c                _vAHI_FifoEnable = 0xae8c
                0x0000aedf                _vAHI_FlashPowerUp = 0xaedf
                0x0000af14                _vAHI_FlashPowerDown = 0xaf14
                0x0000afa3                _bAHI_FullFlashRead = 0xafa3
                0x0000aff0                _bAHI_FullFlashProgram = 0xaff0
                0x0000b08d                _bAHI_FlashEraseSector = 0xb08d
                0x0000b281                _vAHI_IpDisable = 0xb281
                0x0000b3a6                _bAHI_IpTxDone = 0xb3a6
                0x0000b3c2                _bAHI_IpRxDataAvailable = 0xb3c2
                0x0000b3cf                _vAHI_IntHandlerSpiIp = 0xb3cf
                0x0000b3f1                _vAHI_IpRegisterCallback = 0xb3f1
                0x0000b44e                _bAHI_StartPulseCounter = 0xb44e
                0x0000b475                _bAHI_Clear32BitPulseCounter = 0xb475
                0x0000b579                _bAHI_Clear16BitPulseCounter = 0xb579
                0x0000b5e5                _bAHI_StopPulseCounter = 0xb5e5
                0x0000b630                _vAHI_SwReset = 0xb630
                0x0000b648                _vAHI_SiMasterConfigure = 0xb648
                0x0000b6bf                _vAHI_SiMasterWriteData8 = 0xb6bf
                0x0000b6c6                _vAHI_SiSlaveWriteData8 = 0xb6c6
                0x0000b6cd                _u8AHI_SiMasterReadData8 = 0xb6cd
                0x0000b6d7                _u8AHI_SiSlaveReadData8 = 0xb6d7
                0x0000b6e1                _vAHI_SiMasterWriteSlaveAddr = 0xb6e1
                0x0000b6fa                _bAHI_SiMasterPollBusy = 0xb6fa
                0x0000b707                _bAHI_SiMasterPollTransferInProgress = 0xb707
                0x0000b714                _bAHI_SiMasterCheckRxNack = 0xb714
                0x0000b721                _bAHI_SiMasterPollArbitrationLost = 0xb721
                0x0000b816                _vAHI_SiSlaveConfigure = 0xb816
                0x0000b714                _bAHI_SiMasterCheckRxNack = 0xb714
                0x0000b714                _bAHI_SiCheckRxNack = 0xb714
                0x0000b714                _bAHI_SiPollRxNack = 0xb714
                0x0000b648                _vAHI_SiConfigure = 0xb648
                0x0000b67d                _vAHI_SiSetCmdReg = 0xb67d
                0x0000b6bf                _vAHI_SiWriteData8 = 0xb6bf
                0x0000b6cd                _u8AHI_SiReadData8 = 0xb6cd
                0x0000b6e1                _vAHI_SiWriteSlaveAddr = 0xb6e1
                0x0000b6fa                _bAHI_SiPollBusy = 0xb6fa
                0x0000b707                _bAHI_SiPollTransferInProgress = 0xb707
                0x0000b721                _bAHI_SiPollArbitrationLost = 0xb721
                0x0000b871                _vAHI_SpiConfigure = 0xb871
                0x0000b8f7                _vAHI_SpiSetDelayReadEdge = 0xb8f7
                0x0000b97d                _vAHI_SpiSelect = 0xb97d
                0x0000b984                _vAHI_SpiStop = 0xb984
                0x0000b98d                _vAHI_SpiStartTransfer32 = 0xb98d
                0x0000b9a5                _u32AHI_SpiReadTransfer32 = 0xb9a5
                0x0000b9ac                _vAHI_SpiStartTransfer16 = 0xb9ac
                0x0000b9c4                _u16AHI_SpiReadTransfer16 = 0xb9c4
                0x0000b9ce                _vAHI_SpiStartTransfer8 = 0xb9ce
                0x0000b9e6                _u8AHI_SpiReadTransfer8 = 0xb9e6
                0x0000b9f0                _bAHI_SpiPollBusy = 0xb9f0
                0x0000b9fa                _vAHI_SpiWaitBusy = 0xb9fa
                0x0000ba07                _vAHI_IntHandlerSpiMaster = 0xba07
                0x0000ba2d                _vAHI_SpiRegisterCallback = 0xba2d
                0x0000ba45                _vAHI_SpiSetContinuousMode = 0xba45
                0x0000ba63                _u8AHI_PowerStatus = 0xba63
                0x0000ba6d                _vAHI_MemoryHold = 0xba6d
                0x0000baa9                _vAHI_ProtocolPower = 0xbaa9
                0x0000bac0                _vAHI_CpuDoze = 0xbac0
                0x0000bad3                _vAHI_IntHandlerSysCtrl = 0xbad3
                0x0000bb08                _vAHI_SysCtrlRegisterCallback = 0xbb08
                0x0000bb5d                _vAHI_AntennaDiversityOutputEnable = 0xbb5d
                0x0000bb9a                _vAHI_WatchdogStart = 0xbb9a
                0x0000bbad                _vAHI_WatchdogStop = 0xbbad
                0x0000bbc4                _vAHI_WatchdogRestart = 0xbbc4
                0x0000bc14                _u8AHI_GetSystemClkSpeed = 0xbc14
                0x0000bc23                _bAHI_Calibrate24MhzClock = 0xbc23
                0x0000bd85                _vAHI_PowerXTAL = 0xbd85
                0x0000beb6                _vAHI_StopRandomNumberGenerator = 0xbeb6
                0x0000bebf                _u16AHI_ReadRandomNumber = 0xbebf
                0x0000bf6d                _vAHI_PowerDown = 0xbf6d
                0x0000bfcd                _vAHI_TickTimerInit = 0xbfcd
                0x0000bff4                _vAHI_TickTimerWrite = 0xbff4
                0x0000bffd                _vAHI_TickTimerIntPendClr = 0xbffd
                0x0000c012                _bAHI_TickTimerIntStatus = 0xc012
                0x0000c021                _vAHI_TickTimerConfigure = 0xc021
                0x0000c03c                _vAHI_TickTimerIntEnable = 0xc03c
                0x0000c05d                _u32AHI_TickTimerRead = 0xc05d
                0x0000c066                _vAHI_TickTimerInterval = 0xc066
                0x0000c084                _vAHI_TickTimerISR = 0xc084
                0x0000c0c1                _vAHI_TimerEnable = 0xc0c1
                0x0000c168                _vAHI_TimerDisable = 0xc168
                0x0000c18e                _vAHI_TimerClockSelect = 0xc18e
                0x0000c1bb                _vAHI_TimerReadCaptureFreeRunning = 0xc1bb
                0x0000c1f4                _vAHI_TimerStop = 0xc1f4
                0x0000c216                _vAHI_TimerReadCapture = 0xc216
                0x0000c25e                _u8AHI_TimerFired = 0xc25e
                0x0000c30c                _vAHI_TimerStartDeltaSigma = 0xc30c
                0x0000c343                _vAHI_TimerStartRepeat = 0xc343
                0x0000c351                _vAHI_TimerStartSingleShot = 0xc351
                0x0000c362                _u16AHI_TimerReadCount = 0xc362
                0x0000c46f                _vAHI_UartEnable = 0xc46f
                0x0000c4c6                _vAHI_UartDisable = 0xc4c6
                0x0000c520                _vAHI_UartSetBaudDivisor = 0xc520
                0x0000c579                _vAHI_UartSetClockDivisor = 0xc579
                0x0000c588                _vAHI_UartSetControl = 0xc588
                0x0000c5e2                _vAHI_UartSetInterrupt = 0xc5e2
                0x0000c64c                _vAHI_UartReset = 0xc64c
                0x0000c67c                _u8AHI_UartReadLineStatus = 0xc67c
                0x0000c6a2                _u8AHI_UartReadModemStatus = 0xc6a2
                0x0000c6c8                _u8AHI_UartReadInterruptStatus = 0xc6c8
                0x0000c6ee                _vAHI_UartWriteData = 0xc6ee
                0x0000c70d                _u8AHI_UartReadData = 0xc70d
                0x0000c756                _vAHI_IntHandlerUart0 = 0xc756
                0x0000c77f                _vAHI_IntHandlerUart1 = 0xc77f
                0x0000c7a8                _vAHI_Uart0RegisterCallback = 0xc7a8
                0x0000c7c0                _vAHI_Uart1RegisterCallback = 0xc7c0
                0x0000c82f                _vAHI_WakeTimerEnable = 0xc82f
                0x0000c88b                _vAHI_WakeTimerStart = 0xc88b
                0x0000c944                _vAHI_WakeTimerStop = 0xc944
                0x0000c96b                _u8AHI_WakeTimerStatus = 0xc96b
                0x0000c975                _u8AHI_WakeTimerFiredStatus = 0xc975
                0x0000ca2c                _bACI_isBusy = 0xca2c
                0x0000ca44                _bACI_commandAccepted = 0xca44
                0x0000ca5e                _vACI_CmdWaitBusy = 0xca5e
                0x0000cb2d                _bACI_WriteKey = 0xcb2d
                0x0000cb43                _bACI_issueReset = 0xcb43
                0x0000cb61                _bACI_setMode = 0xcb61
                0x0000cb8f                _bACI_ReadOutputData = 0xcb8f
                0x0000cbc4                _bACI_WriteInputData = 0xcbc4
                0x0000cbe7                _vACI_IntHandlerAes = 0xcbe7
                0x0000cc0c                _vACI_SetInterruptCallback = 0xcc0c
                0x0000cc65                _vACI_ClearInterruptStatus = 0xcc65
                0x0000cc7f                _vACI_ClearInterruptEnable = 0xcc7f
                0x0000cc96                _vACI_SetInterruptEnable = 0xcc96
                0x0000ccea                _vACI_ReadInterruptEnable = 0xccea
                0x0000ccfb                _vACI_ReadInterruptStatus = 0xccfb
                0x0000cd0c                _bACI_ReadChecksumValidationResult = 0xcd0c
                0x0000cd2b                _bACI_ReadChecksumData = 0xcd2b
                0x0000cd86                _bACI_CCMstar = 0xcd86
                0x0000d06f                _bACI_CCMstarAuthenticateData = 0xd06f
                0x0000d0a9                _bACI_CCMstarEncodeData = 0xd0a9
                0x0000d0ce                _bACI_ECBencodeBuffer = 0xd0ce
                0x0000d153                _bACI_ECBencodeStripe = 0xd153
                0x0000d16a                _bACI_IEEECTRencodeData = 0xd16a
                0x0000d192                _pvAppApiDefGetMacHandle = 0xd192
                0x0000d192                _pvAppApiDefGetMacHandle = 0xd192
                0x0000d19b                _vAppApiDefMlmeRequest = 0xd19b
                0x0000d1ce                _vAppApiDefMcpsRequest = 0xd1ce
                0x0000d201                _vAppApiDefPowerUp = 0xd201
                0x0000d21f                _vAppApiDefSetPrbsSeed = 0xd21f
                0x0000d243                _vAppApiDefSetInterrupts = 0xd243
                0x0000d28e                _pvAppApiDefGetMacAddrLocation = 0xd28e
                0x0000d28e                _pvAppApiDefGetMacAddrLocation = 0xd28e
                0x0000d297                _vAppApiSetMacEntryPoints = 0xd297
                0x0000d2a6                _vAppApiGetMacEntryPoints = 0xd2a6
                0x0000d2bb                _vAppApiEnableBeaconResponse = 0xd2bb
                0x0000d327                _vAppApiDefSetVectors = 0xd327
                0x0000d394                _vAppApiDefStartStack = 0xd394
                0x0000d3e8                _u32AppApiDefInit = 0xd3e8
                0x0000d427                _vAppApiDefSaveMacSettings = 0xd427
                0x0000d470                _vAppApiDefRestoreMacSettings = 0xd470
                0x0000d53d                _vAppHousekeepingTimerExpiry = 0xd53d
                0x0000d564                _vAppHousekeepingInit = 0xd564
                0x0000db95                _MAC_pvCtor = 0xdb95
                0x0000de9d                _MAC_psPibGetHandle = 0xde9d
                0x0000dea4                _MAC_vPibSetShortAddr = 0xdea4
                0x0000deaf                _MAC_vPibSetPanId = 0xdeaf
                0x0000dee2                _MAC_vPibSetMaxCsmaBackoffs = 0xdee2
                0x0000df1f                _MAC_vPibSetRxOnWhenIdle = 0xdf1f
                0x0000df2f                _MAC_vPibSetPromiscuousMode = 0xdf2f
                0x0000e6b6                _MAC_vRegisterMlmeDcfmIndCallbacks = 0xe6b6
                0x0000e6c2                _MAC_vRegisterMcpsDcfmIndCallbacks = 0xe6c2
                0x0000eeb1                _MAC_vLPBRegisterCallback = 0xeeb1
                0x0000ef0c                _MAC_vLPBSetBeaconMultiplier = 0xef0c
                0x0000efa2                _MAC_vLPBSleep = 0xefa2
                0x0000f04b                _MAC_vLPBAdjustWakeForNextBeacon = 0xf04b
                0x0000f105                _MAC_bLPBProcessWake = 0xf105
                0x0000f1b6                _MAC_vLPBCalibrateTimer = 0xf1b6
                0x00011cfe                _u8AppApiReadMsq = 0x11cfe
                0x000136d0                _memcpy = 0x136d0
                0x00013748                _memcmp = 0x13748
                0x0001376c                _memset = 0x1376c
                0x0001377e                _vUTIL_NumToString = 0x1377e
                0x000137a6                _vUTIL_UartText = 0x137a6
                0x000137e6                _vUTIL_UartTextToNewLine = 0x137e6
                0x00013802                _vUTIL_UartInit = 0x13802
                0x0001dc21                ___muldi3 = 0x1dc21
                0x0001dcf4                ___udivdi3 = 0x1dcf4
                0x0001e1e8                ___mulsi3 = 0x1e1e8
                0x040003a8                _g_pvMac = 0x40003a8
                0x040003ac                _g_sXcv = 0x40003ac
                0x04000b20                _g_sLP = 0x4000b20
                0x04000b64                _aprMacVectorRamTable = 0x4000b64
                0x0400006c                _aprLPBMacVectorRamTable = 0x400006c
                0x04000d00                __app_ram_start = 0x4000d00
                0x0400006c                _aprLPBMacVectorRamTable = 0x400006c
                0x0000df00                _MAC_vSetExtAddr = 0xdf00
                0x0000f4a4                _phy_ePibGet = 0xf4a4
                0x0000f3fc                _phy_ePibSet = 0xf3fc
                0x0001362e                _TSV_eStop = 0x1362e
                0x00013498                _TSV_eOpen = 0x13498
                0x00013562                _TSV_eStart = 0x13562
                0x000136a4                _TSV_eClose = 0x136a4
                0x000133c5                _vXCV_IntHandlerPhy = 0x133c5
                0x00013346                _vXCV_IntHandlerBbc = 0x13346
                0x0000de04                _MAC_vHandleMlmeReqRsp = 0xde04
                0x0000dde2                _MAC_vHandleMcpsReqRsp = 0xdde2
                0x0000a2cb                _pvHeap_Alloc = 0xa2cb
                0x00011f29                _bTACframeInProgress = 0x11f29
                0x0000ef5c                _MAC_u32ConvertTo16uS = 0xef5c
                0x00013323                _XCV_vDevWriteIER = 0x13323
                0x0001332d                _XCV_vDevRMW_IER = 0x1332d
                0x0000e6ce                _mac_psDcfmIndGetBuf = 0xe6ce
                0x0000e6f1                _mac_eDcfmIndPost = 0xe6f1
                0x00012bbe                _vTSCsetUpwardSecurity = 0x12bbe
                0x040002b0                _au16TimerSettings = 0x40002b0
                0x04000044                _pSPIflashFncTable = 0x4000044
                0x00009867                _u8SelectFlashChipType = 0x9867
                0x0000981c                _u16ZSPIflashRDID = 0x981c
                0x0001341f                _RND_u32GetRand = 0x1341f
                0x00013454                _RND_u32GetRand256 = 0x13454
                0x00013416                _RND_vInit = 0x13416
                0x00000800                _minimum_heap_size = 0x800

.rom_workspace.os.o.s_u32CurrentPriorityMask
                0x040002f8        0x4
 *os.o(.bss.s_u32CurrentPriorityMask)
 .rom_workspace.os.o.s_u32CurrentPriorityMask
                0x040002f8        0x4 temp.elf

.rom_workspace.os.o.s_psCurrentTask
                0x040002fc        0x4
 *os.o(.bss.s_psCurrentTask)
 .rom_workspace.os.o.s_psCurrentTask
                0x040002fc        0x4 temp.elf

.rom_workspace.os.o.s_prvUnclaimedISR
                0x04000300        0x4
 *os.o(.bss.s_prvUnclaimedISR)
 .rom_workspace.os.o.s_prvUnclaimedISR
                0x04000300        0x4 temp.elf

.rom_workspace.os.o.s_u32SuspendIRQNesting
 *os.o(.bss.s_u32SuspendIRQNesting)

.rom_workspace.os.o.s_u8SuspendedIPL
 *os.o(.bss.s_u8SuspendedIPL)

.rom_workspace.os.o.s_u32PendingQueue
                0x0400030c        0x4
 *os.o(.bss.s_u32PendingQueue)
 .rom_workspace.os.o.s_u32PendingQueue
                0x0400030c        0x4 temp.elf

.rom_workspace.os.o.s_asTasks
                0x04000310        0x4
 *os.o(.bss.s_asTasks)
 .rom_workspace.os.o.s_asTasks
                0x04000310        0x4 temp.elf

.rom_workspace.os.o.s_u8OSLevelIPL
                0x04000314        0x1
 *os.o(.bss.s_u8OSLevelIPL)
 .rom_workspace.os.o.s_u8OSLevelIPL
                0x04000314        0x1 temp.elf

.rom.OS_eGetCurrentTask
 *(.text.OS_eGetCurrentTask)

.rom.OS_eGetMessageStatus
 *(.text.OS_eGetMessageStatus)

.rom.OS_eSuspendOSInterrupts
 *(.text.OS_eSuspendOSInterrupts)

.rom.OS_eResumeOSInterrupts
 *(.text.OS_eResumeOSInterrupts)

.rom.OS_eDisableAllInterrupts
 *(.text.OS_eDisableAllInterrupts)

.rom.OS_eEnableAllInterrupts
 *(.text.OS_eEnableAllInterrupts)

.rom.OS_eGetSWTimerStatus
                0x0001392e       0x1b
 *(.text.OS_eGetSWTimerStatus)
 .rom.OS_eGetSWTimerStatus
                0x0001392e       0x1b temp.elf
                0x0001392e                _OS_eGetSWTimerStatus

.rom.os_vUnclaimedInterrupt
                0x00013949       0x12
 *(.text.os_vUnclaimedInterrupt)
 .rom.os_vUnclaimedInterrupt
                0x00013949       0x12 temp.elf
                0x00013949                _os_vUnclaimedInterrupt

.rom.eExpireSWTimer
                0x00013a25       0x6b
 *(.text.eExpireSWTimer)
 .rom.eExpireSWTimer
                0x00013a25       0x6b temp.elf

.rom.OS_eEnterCriticalSection
                0x0001421e       0x97
 *(.text.OS_eEnterCriticalSection)
 .rom.OS_eEnterCriticalSection
                0x0001421e       0x97 temp.elf
                0x0001421e                _OS_eEnterCriticalSection
                0x04000130                _os_g_aprPatchTable = 0x4000130

.rom_workspace.pdum_nwk.o.s_psFreeListHead
                0x040002dc        0x4
 *pdum_nwk.o(.bss.s_psFreeListHead)
 .rom_workspace.pdum_nwk.o.s_psFreeListHead
                0x040002dc        0x4 temp.elf

.rom_workspace.pdum_nwk.o.s_psNPduPoolStart
                0x040002e0        0x4
 *pdum_nwk.o(.bss.s_psNPduPoolStart)
 .rom_workspace.pdum_nwk.o.s_psNPduPoolStart
                0x040002e0        0x4 temp.elf

.rom_workspace.pdum_nwk.o.s_psNPduPoolEnd
                0x040002e4        0x4
 *pdum_nwk.o(.bss.s_psNPduPoolEnd)
 .rom_workspace.pdum_nwk.o.s_psNPduPoolEnd
                0x040002e4        0x4 temp.elf

.rom_workspace.pdum_nwk.o.s_hMutex
                0x040002e8        0x4
 *pdum_nwk.o(.bss.s_hMutex)
 .rom_workspace.pdum_nwk.o.s_hMutex
                0x040002e8        0x4 temp.elf

.rom_workspace.pdum_apl.o.s_hMutex
                0x040002ec        0x4
 *pdum_apl.o(.bss.s_hMutex)
 .rom_workspace.pdum_apl.o.s_hMutex
                0x040002ec        0x4 temp.elf

.rom_workspace.pdum_apl.o.s_u16NumAPdus
                0x040002f0        0x2
 *pdum_apl.o(.bss.s_u16NumAPdus)
 .rom_workspace.pdum_apl.o.s_u16NumAPdus
                0x040002f0        0x2 temp.elf

.rom_workspace.pdum_apl.o.s_asAPduPool
                0x040002f4        0x4
 *pdum_apl.o(.bss.s_asAPduPool)
 .rom_workspace.pdum_apl.o.s_asAPduPool
                0x040002f4        0x4 temp.elf

.rom.PDUM_eNPduReadFooterNBO
                0x00001034       0x4c
 *(.text.PDUM_eNPduReadFooterNBO)
 .rom.PDUM_eNPduReadFooterNBO
                0x00001034       0x4c temp.elf
                0x00001034                _PDUM_eNPduReadFooterNBO

.rom.PDUM_eNPduReadHeaderNBO
                0x00001080       0x4e
 *(.text.PDUM_eNPduReadHeaderNBO)
 .rom.PDUM_eNPduReadHeaderNBO
                0x00001080       0x4e temp.elf
                0x00001080                _PDUM_eNPduReadHeaderNBO

.rom.PDUM_eNPduAppendDataNBO
                0x000010ce       0x5c
 *(.text.PDUM_eNPduAppendDataNBO)
 .rom.PDUM_eNPduAppendDataNBO
                0x000010ce       0x5c temp.elf
                0x000010ce                _PDUM_eNPduAppendDataNBO

.rom.PDUM_eNPduAppendFooterNBO
 *(.text.PDUM_eNPduAppendFooterNBO)

.rom.PDUM_eNPduPrependHeaderNBO
                0x00001186       0x5a
 *(.text.PDUM_eNPduPrependHeaderNBO)
 .rom.PDUM_eNPduPrependHeaderNBO
                0x00001186       0x5a temp.elf
                0x00001186                _PDUM_eNPduPrependHeaderNBO

.rom.PDUM_eNPduAllocate
                0x000011e0       0x4e
 *(.text.PDUM_eNPduAllocate)
 .rom.PDUM_eNPduAllocate
                0x000011e0       0x4e temp.elf
                0x000011e0                _PDUM_eNPduAllocate

.rom.PDUM_eNPduInitDescending
                0x0000122e       0x1b
 *(.text.PDUM_eNPduInitDescending)
 .rom.PDUM_eNPduInitDescending
                0x0000122e       0x1b temp.elf
                0x0000122e                _PDUM_eNPduInitDescending

.rom.PDUM_eNPduInitAscending
                0x00001249       0x20
 *(.text.PDUM_eNPduInitAscending)
 .rom.PDUM_eNPduInitAscending
                0x00001249       0x20 temp.elf
                0x00001249                _PDUM_eNPduInitAscending

.rom.PDUM_eNPduFree
                0x00001269       0x67
 *(.text.PDUM_eNPduFree)
 .rom.PDUM_eNPduFree
                0x00001269       0x67 temp.elf
                0x00001269                _PDUM_eNPduFree

.rom.PDUM_eNPduClaimHeader
                0x000012d0       0x29
 *(.text.PDUM_eNPduClaimHeader)
 .rom.PDUM_eNPduClaimHeader
                0x000012d0       0x29 temp.elf
                0x000012d0                _PDUM_eNPduClaimHeader

.rom.PDUM_eNPduClaimFooter
                0x000012f9       0x26
 *(.text.PDUM_eNPduClaimFooter)
 .rom.PDUM_eNPduClaimFooter
                0x000012f9       0x26 temp.elf
                0x000012f9                _PDUM_eNPduClaimFooter

.rom.PDUM_eNPduClaimData
                0x0000131f       0x61
 *(.text.PDUM_eNPduClaimData)
 .rom.PDUM_eNPduClaimData
                0x0000131f       0x61 temp.elf
                0x0000131f                _PDUM_eNPduClaimData

.rom.PDUM_eNPduAscend
                0x00001380       0x24
 *(.text.PDUM_eNPduAscend)
 .rom.PDUM_eNPduAscend
                0x00001380       0x24 temp.elf
                0x00001380                _PDUM_eNPduAscend

.rom.PDUM_eNPduDescend
                0x000013a4       0x24
 *(.text.PDUM_eNPduDescend)
 .rom.PDUM_eNPduDescend
                0x000013a4       0x24 temp.elf
                0x000013a4                _PDUM_eNPduDescend

.rom.PDUM_eNPduWriteToBuffer
 *(.text.PDUM_eNPduWriteToBuffer)

.rom.PDUM_eNPduWriteFromBuffer
                0x00001413       0x29
 *(.text.PDUM_eNPduWriteFromBuffer)
 .rom.PDUM_eNPduWriteFromBuffer
                0x00001413       0x29 temp.elf
                0x00001413                _PDUM_eNPduWriteFromBuffer

.rom.PDUM_eNPduWriteDataToBuffer
                0x0000143c       0x61
 *(.text.PDUM_eNPduWriteDataToBuffer)
 .rom.PDUM_eNPduWriteDataToBuffer
                0x0000143c       0x61 temp.elf
                0x0000143c                _PDUM_eNPduWriteDataToBuffer

.rom.PDUM_eNPduWriteDataFromBuffer
                0x0000149d       0x5d
 *(.text.PDUM_eNPduWriteDataFromBuffer)
 .rom.PDUM_eNPduWriteDataFromBuffer
                0x0000149d       0x5d temp.elf
                0x0000149d                _PDUM_eNPduWriteDataFromBuffer

.rom.pdum_vNPduInit
                0x000014fa       0x3d
 *(.text.pdum_vNPduInit)
 .rom.pdum_vNPduInit
                0x000014fa       0x3d temp.elf
                0x000014fa                _pdum_vNPduInit

.rom.PDUM_pvAPduInstanceGetPayload
                0x00001537        0xd
 *(.text.PDUM_pvAPduInstanceGetPayload)
 .rom.PDUM_pvAPduInstanceGetPayload
                0x00001537        0xd temp.elf
                0x00001537                _PDUM_pvAPduInstanceGetPayload

.rom.PDUM_u16APduInstanceGetPayloadSize
                0x00001567        0xd
 *(.text.PDUM_u16APduInstanceGetPayloadSize)
 .rom.PDUM_u16APduInstanceGetPayloadSize
                0x00001567        0xd temp.elf
                0x00001567                _PDUM_u16APduInstanceGetPayloadSize

.rom.PDUM_eAPduInstanceSetPayloadSize
                0x00001574       0x28
 *(.text.PDUM_eAPduInstanceSetPayloadSize)
 .rom.PDUM_eAPduInstanceSetPayloadSize
                0x00001574       0x28 temp.elf
                0x00001574                _PDUM_eAPduInstanceSetPayloadSize

.rom.PDUM_u16APduGetSize
                0x0000159c        0xd
 *(.text.PDUM_u16APduGetSize)
 .rom.PDUM_u16APduGetSize
                0x0000159c        0xd temp.elf
                0x0000159c                _PDUM_u16APduGetSize

.rom.PDUM_u16APduInstanceWriteStrNBO
                0x000015a9       0x4e
 *(.text.PDUM_u16APduInstanceWriteStrNBO)
 .rom.PDUM_u16APduInstanceWriteStrNBO
                0x000015a9       0x4e temp.elf
                0x000015a9                _PDUM_u16APduInstanceWriteStrNBO

.rom.PDUM_u16APduInstanceWriteNBO
                0x000015f7       0x5c
 *(.text.PDUM_u16APduInstanceWriteNBO)
 .rom.PDUM_u16APduInstanceWriteNBO
                0x000015f7       0x5c temp.elf
                0x000015f7                _PDUM_u16APduInstanceWriteNBO

.rom.PDUM_u16APduInstanceReadNBO
                0x00001653       0x45
 *(.text.PDUM_u16APduInstanceReadNBO)
 .rom.PDUM_u16APduInstanceReadNBO
                0x00001653       0x45 temp.elf
                0x00001653                _PDUM_u16APduInstanceReadNBO

.rom.PDUM_hAPduAllocateAPduInstance
                0x00001698       0x54
 *(.text.PDUM_hAPduAllocateAPduInstance)
 .rom.PDUM_hAPduAllocateAPduInstance
                0x00001698       0x54 temp.elf
                0x00001698                _PDUM_hAPduAllocateAPduInstance

.rom.PDUM_eAPduFreeAPduInstance
                0x000016ec       0x78
 *(.text.PDUM_eAPduFreeAPduInstance)
 .rom.PDUM_eAPduFreeAPduInstance
                0x000016ec       0x78 temp.elf
                0x000016ec                _PDUM_eAPduFreeAPduInstance

.rom.pdum_vAPduInit
                0x00001764       0x63
 *(.text.pdum_vAPduInit)
 .rom.pdum_vAPduInit
                0x00001764       0x63 temp.elf
                0x00001764                _pdum_vAPduInit

.rom.PDUM_u16SizeNBO
                0x000017c7       0x5f
 *(.text.PDUM_u16SizeNBO)
 .rom.PDUM_u16SizeNBO
                0x000017c7       0x5f temp.elf
                0x000017c7                _PDUM_u16SizeNBO

.rom.pdum_u16WriteNBO
                0x00001826      0x120
 *(.text.pdum_u16WriteNBO)
 .rom.pdum_u16WriteNBO
                0x00001826      0x120 temp.elf
                0x00001826                _pdum_u16WriteNBO

.rom.pdum_u16WriteStrNBO
                0x00001946      0x128
 *(.text.pdum_u16WriteStrNBO)
 .rom.pdum_u16WriteStrNBO
                0x00001946      0x128 temp.elf
                0x00001946                _pdum_u16WriteStrNBO

.rom.pdum_u16ReadNBO
                0x00001a6e      0x157
 *(.text.pdum_u16ReadNBO)
 .rom.pdum_u16ReadNBO
                0x00001a6e      0x157 temp.elf
                0x00001a6e                _pdum_u16ReadNBO

.rom.vDumpPayload
 *(.text.vDumpPayload)

.rom.PDUM_vDBGPrintNPdu
 *(.text.PDUM_vDBGPrintNPdu)
                0x04000084                _pdum_g_aprPatchTable = 0x4000084

.rom_workspace.pwrm.o.s_bWakeTimerActive
                0x04000340        0x1
 *pwrm.o(.bss.s_bWakeTimerActive)
 .rom_workspace.pwrm.o.s_bWakeTimerActive
                0x04000340        0x1 temp.elf

.rom_workspace.pwrm.o.s_ePowerMode
                0x04000344        0x4
 *pwrm.o(.bss.s_ePowerMode)
 .rom_workspace.pwrm.o.s_ePowerMode
                0x04000344        0x4 temp.elf

.rom_workspace.pwrm.o.s_psPreSleepCallbacks
                0x04000348        0x4
 *pwrm.o(.bss.s_psPreSleepCallbacks)
 .rom_workspace.pwrm.o.s_psPreSleepCallbacks
                0x04000348        0x4 temp.elf

.rom_workspace.pwrm.o.u32CalibrationValue
                0x04000374        0x4
 *pwrm.o(.bss.u32CalibrationValue)
 .rom_workspace.pwrm.o.u32CalibrationValue
                0x04000374        0x4 temp.elf

.rom_workspace.pwrm.o.psNextWake
                0x04000384        0x4
 *pwrm.o(.bss.psNextWake)
 .rom_workspace.pwrm.o.psNextWake
                0x04000384        0x4 temp.elf

.rom.pwrm_vRegisterPreSleepCallback
 *(.text.pwrm_vRegisterPreSleepCallback)

.rom.PWRM_vSetupDozeMonitor
 *(.text.PWRM_vSetupDozeMonitor)

.rom.PWRM_vResetDozeTimers
 *(.text.PWRM_vResetDozeTimers)

.rom.PWRM_u32GetDozeTime
 *(.text.PWRM_u32GetDozeTime)

.rom.PWRM_u32GetDozeElapsedTime
 *(.text.PWRM_u32GetDozeElapsedTime)

.rom.PWRM_vWakeInterruptCallback
                0x0001d8e5       0x52
 *(.text.PWRM_vWakeInterruptCallback)
 .rom.PWRM_vWakeInterruptCallback
                0x0001d8e5       0x52 temp.elf
                0x0001d8e5                _PWRM_vWakeInterruptCallback

.rom.PWRM_eScheduleActivity
 *(.text.PWRM_eScheduleActivity)
                0x04000380                pwrm_psWakeupCallbacks = 0x4000380

.rom_workspace.dbg.o.vResetFn
                0x04000354        0x4
 *dbg.o(.bss.vResetFn)
 .rom_workspace.dbg.o.vResetFn
                0x04000354        0x4 temp.elf

.rom_workspace.dbg.o.vPutchFn
                0x04000358        0x4
 *dbg.o(.bss.vPutchFn)
 .rom_workspace.dbg.o.vPutchFn
                0x04000358        0x4 temp.elf

.rom_workspace.dbg.o.vFlushFn
                0x0400035c        0x4
 *dbg.o(.bss.vFlushFn)
 .rom_workspace.dbg.o.vFlushFn
                0x0400035c        0x4 temp.elf

.rom_workspace.dbg.o.vStopFn
                0x04000360        0x4
 *dbg.o(.bss.vStopFn)
 .rom_workspace.dbg.o.vStopFn
                0x04000360        0x4 temp.elf

.rom_workspace.dbg_uart.o.u8AhiUart
                0x04000364        0x1
 *dbg_uart.o(.bss.u8AhiUart)
 .rom_workspace.dbg_uart.o.u8AhiUart
                0x04000364        0x1 temp.elf

.rom_workspace.dbg.o.bIsNewline
                0x0400010c        0x1
 *dbg.o(.data.bIsNewline)
 .rom_workspace.dbg.o.bIsNewline
                0x0400010c        0x1 temp.elf

.rom_workspace.dbg_uart.o.u8AhiBaudRate
                0x0400010d        0x1
 *dbg_uart.o(.data.u8AhiBaudRate)
 .rom_workspace.dbg_uart.o.u8AhiBaudRate
                0x0400010d        0x1 temp.elf

.rom.DBG_vReset
                0x00006eb4       0x12
 *(.text.DBG_vReset)
 .rom.DBG_vReset
                0x00006eb4       0x12 temp.elf
                0x00006eb4                _DBG_vReset

.rom.vWriteUIntToBuffer
                0x00006ef3       0xd8
 *(.text.vWriteUIntToBuffer)
 .rom.vWriteUIntToBuffer
                0x00006ef3       0xd8 temp.elf

.rom.vNewLine   0x00006fcb       0x8a
 *(.text.vNewLine)
 .rom.vNewLine  0x00006fcb       0x8a temp.elf

.rom.dbg_vAssertImpl
 *(.text.dbg_vAssertImpl)

.rom.DBG_vUartFlush
                0x00007538       0x18
 *(.text.DBG_vUartFlush)
 .rom.DBG_vUartFlush
                0x00007538       0x18 temp.elf
                0x00007538                _DBG_vUartFlush

.rom.DBG_vUartPutch
                0x00007550       0x29
 *(.text.DBG_vUartPutch)
 .rom.DBG_vUartPutch
                0x00007550       0x29 temp.elf
                0x00007550                _DBG_vUartPutch

.rom.DBG_vUartInitHardware
                0x00007579       0x44
 *(.text.DBG_vUartInitHardware)
 .rom.DBG_vUartInitHardware
                0x00007579       0x44 temp.elf
                0x00007579                _DBG_vUartInitHardware
                0x04000110                _dbg_g_aprPatchTable = 0x4000110

.rom_workspace.zps_mac.o.s_hMacMutex
                0x04000330        0x4
 *zps_mac.o(.bss.s_hMacMutex)
 .rom_workspace.zps_mac.o.s_hMacMutex
                0x04000330        0x4 temp.elf

.rom_workspace.zps_mac.o.s_sDcfmIndMgr
                0x04000334        0xc
 *zps_mac.o(.bss.s_sDcfmIndMgr)
 .rom_workspace.zps_mac.o.s_sDcfmIndMgr
                0x04000334        0xc temp.elf

.rom_workspace.zps_mac.o.prHandleMlmeReqRsp
                0x040001ac        0x4
 *zps_mac.o(.data.prHandleMlmeReqRsp)
 .rom_workspace.zps_mac.o.prHandleMlmeReqRsp
                0x040001ac        0x4 temp.elf

.rom_workspace.zps_mac.o.prHandleMcpsReqRsp
                0x040001b0        0x4
 *zps_mac.o(.data.prHandleMcpsReqRsp)
 .rom_workspace.zps_mac.o.prHandleMcpsReqRsp
                0x040001b0        0x4 temp.elf

.rom.MAC_vRegisterMcpsVsDcfmIndCallbacks
                0x00001f5c       0x15
 *(.text.MAC_vRegisterMcpsVsDcfmIndCallbacks)
 .rom.MAC_vRegisterMcpsVsDcfmIndCallbacks
                0x00001f5c       0x15 temp.elf
                0x00001f5c                _MAC_vRegisterMcpsVsDcfmIndCallbacks

.rom.MAC_vHandleMlmeVsReqRsp
                0x0000202f       0x3c
 *(.text.MAC_vHandleMlmeVsReqRsp)
 .rom.MAC_vHandleMlmeVsReqRsp
                0x0000202f       0x3c temp.elf
                0x0000202f                _MAC_vHandleMlmeVsReqRsp

.rom.MAC_vHandleMcpsVsReqRsp
                0x0000206b       0xfa
 *(.text.MAC_vHandleMcpsVsReqRsp)
 .rom.MAC_vHandleMcpsVsReqRsp
                0x0000206b       0xfa temp.elf
                0x0000206b                _MAC_vHandleMcpsVsReqRsp

.rom.MAC_vSetMutex
                0x00002165       0x18
 *(.text.MAC_vSetMutex)
 .rom.MAC_vSetMutex
                0x00002165       0x18 temp.elf
                0x00002165                _MAC_vSetMutex
                0x040001b4                _zpsmac_g_aprPatchTable = 0x40001b4

.rom.u32NumberOfEmptyMasksInGroupTable
 *(.text.u32NumberOfEmptyMasksInGroupTable)

.rom.vSetAllEndpointBitmasksForGroup
 *(.text.vSetAllEndpointBitmasksForGroup)

.rom.eHandleAddEntryToGroupTable
 *(.text.eHandleAddEntryToGroupTable)

.rom.zps_vNwkLibU16ToPayload
                0x00003c0e        0xc
 *(.text.zps_vNwkLibU16ToPayload)
 .rom.zps_vNwkLibU16ToPayload
                0x00003c0e        0xc temp.elf
                0x00003c0e                _zps_vNwkLibU16ToPayload

.rom.zps_vNwkLibU32ToPayload
                0x00003c1a       0x18
 *(.text.zps_vNwkLibU32ToPayload)
 .rom.zps_vNwkLibU32ToPayload
                0x00003c1a       0x18 temp.elf
                0x00003c1a                _zps_vNwkLibU32ToPayload

.rom.zps_vNwkLibU64ToPayload
                0x00003c32       0x3f
 *(.text.zps_vNwkLibU64ToPayload)
 .rom.zps_vNwkLibU64ToPayload
                0x00003c32       0x3f temp.elf
                0x00003c32                _zps_vNwkLibU64ToPayload

.rom.zps_u16NwkLibFromPayload
                0x00003cf1        0xf
 *(.text.zps_u16NwkLibFromPayload)
 .rom.zps_u16NwkLibFromPayload
                0x00003cf1        0xf temp.elf
                0x00003cf1                _zps_u16NwkLibFromPayload

.rom.zps_u32NwkLibFromPayload
 *(.text.zps_u32NwkLibFromPayload)

.rom.zps_u64NwkLibFromPayload
                0x00003d23       0x7d
 *(.text.zps_u64NwkLibFromPayload)
 .rom.zps_u64NwkLibFromPayload
                0x00003d23       0x7d temp.elf
                0x00003d23                _zps_u64NwkLibFromPayload

.rom.zps_vNwkSlistInit
                0x000068f6        0x9
 *(.text.zps_vNwkSlistInit)
 .rom.zps_vNwkSlistInit
                0x000068f6        0x9 temp.elf
                0x000068f6                _zps_vNwkSlistInit

.rom.zps_vNwkSlistAddToHead
                0x000068ff       0x17
 *(.text.zps_vNwkSlistAddToHead)
 .rom.zps_vNwkSlistAddToHead
                0x000068ff       0x17 temp.elf
                0x000068ff                _zps_vNwkSlistAddToHead

.rom.zps_vNwkSlistAddToTail
                0x00006916       0x1a
 *(.text.zps_vNwkSlistAddToTail)
 .rom.zps_vNwkSlistAddToTail
                0x00006916       0x1a temp.elf
                0x00006916                _zps_vNwkSlistAddToTail

.rom.zps_vNwkSlistInsertAfter
                0x00006930       0x19
 *(.text.zps_vNwkSlistInsertAfter)
 .rom.zps_vNwkSlistInsertAfter
                0x00006930       0x19 temp.elf
                0x00006930                _zps_vNwkSlistInsertAfter

.rom.zps_psNwkSlistRemoveFromHead
                0x00006949       0x17
 *(.text.zps_psNwkSlistRemoveFromHead)
 .rom.zps_psNwkSlistRemoveFromHead
                0x00006949       0x17 temp.elf
                0x00006949                _zps_psNwkSlistRemoveFromHead

.rom.zps_psNwkSlistRemove
                0x00006960       0x3c
 *(.text.zps_psNwkSlistRemove)
 .rom.zps_psNwkSlistRemove
                0x00006960       0x3c temp.elf
                0x00006960                _zps_psNwkSlistRemove

.rom.zps_vNwkSlistMakeLimboNode
                0x0000699c        0x8
 *(.text.zps_vNwkSlistMakeLimboNode)
 .rom.zps_vNwkSlistMakeLimboNode
                0x0000699c        0x8 temp.elf
                0x0000699c                _zps_vNwkSlistMakeLimboNode

.rom.zps_bNwkSlistIsLimboNode
                0x000069a4       0x11
 *(.text.zps_bNwkSlistIsLimboNode)
 .rom.zps_bNwkSlistIsLimboNode
                0x000069a4       0x11 temp.elf
                0x000069a4                _zps_bNwkSlistIsLimboNode

.flashheader    0x04000cd0       0x24
                0x04000cd0                _flash_beg = <code 342> (.)
                0x04000cd0        0x4 LONG 0xe0e0
                0x04000cd4        0x4 LONG 0x4000d00 <code 342> (_data_beg)
                0x04000cd8        0x4 LONG 0x14ffc _data_len
                0x04000cdc        0x4 LONG 0x1060035
                0x04000ce0        0x4 LONG 0x0
                0x04000ce4        0x4 LONG 0x4015cfc <code 342> (_bss_beg)
                0x04000ce8        0x4 LONG 0x3f28 _bss_len
                0x04000cec        0x4 LONG 0x400500c <code 342> (_AppWarmStart)
                0x04000cf0        0x4 LONG 0x4004fc8 <code 342> (_AppColdStart)

.oad            0x04000cf4        0xc
                0x04000cf4        0x4 LONG 0xffffffff
                0x04000cf8        0x4 LONG 0xffffffff
                0x04000cfc        0x4 LONG 0xf0f0f0f0

.mac            0x04000d00       0x20
                0x04000d00                _enc_start = <code 342> (.)
                0x04000d00                _data_beg = <code 342> (.)
                0x04000d00        0x4 LONG 0xffffffff
                0x04000d04        0x4 LONG 0xffffffff
                0x04000d08        0x4 LONG 0xffffffff
                0x04000d0c        0x4 LONG 0xffffffff
                0x04000d10                _FlsLinkKey = <code 342> (.)
                0x04000d10        0x4 LONG 0xffffffff
                0x04000d14        0x4 LONG 0xffffffff
                0x04000d18        0x4 LONG 0xffffffff
                0x04000d1c        0x4 LONG 0xffffffff
                0x00000000                _enc_offset = (_enc_start & 0xf)
                [0x00000030]                _enc_start = (_enc_start - _flash_beg)

.heap_location  0x04000d20        0x8
                0x04000d20                _heap_location = .
                0x04000d20        0x4 LONG 0x4019c24 <code 342> (_heap_start)
                0x04000d24        0x4 LONG 0x401ec00 <code 342> (_heap_end)

.rtc_clt        0x04000d28       0x28
                0x04000d28        0x4 LONG 0x0
                0x04000d2c        0x4 LONG 0x0
                0x04000d30        0x4 LONG 0x0
                0x04000d34        0x4 LONG 0x0
                0x04000d38        0x4 LONG 0x0
                0x04000d3c        0x4 LONG 0x0
                0x04000d40        0x4 LONG 0x0
                0x04000d44        0x4 LONG 0x0
                0x04000d48        0x4 LONG 0x0
                0x04000d4c        0x4 LONG 0x0

.ro_se_cert     0x04000d50        0x0
                0x04000d50                _FlsZcCert = <code 342> (.)
 *(.ro_se_cert)

.ro_se_pvKey    0x04000d50        0x0
                0x04000d50                _FlsPrivateKey = <code 342> (.)
 *(.ro_se_pvKey)

.rodata         0x04000d50      0xd02
 *(.rodata*)
 .rodata.s_sNibInitialValues
                0x04000d50       0x1c temp.elf
 .rodata.str1.1
                0x04000d6c       0xc7 temp.elf
                                 0xc8 (size before relaxing)
 *fill*         0x04000e33        0x1 00
 .rodata.g_sKey
                0x04000e34       0x10 temp.elf
 .rodata.str1.1.38
                0x04000e44       0xb2 temp.elf
                                 0xd5 (size before relaxing)
 .rodata.au8Digits.2743
                0x04000ef6        0x3 temp.elf
 .rodata.s_au8Pixel.2326
                0x04000ef9       0x1b temp.elf
 .rodata.s_szTitle.2325
                0x04000f14       0x1c temp.elf
 .rodata.s_au8NodeLcdRow
                0x04000f30        0x4 temp.elf
 .rodata.s_au8NodeLcdCol
                0x04000f34        0x4 temp.elf
 .rodata.s_apcNodeNameList
                0x04000f38       0x10 temp.elf
 .rodata.s_au8LabelPos.2460
                0x04000f48        0x3 temp.elf
 *fill*         0x04000f4b        0x1 00
 .rodata.s_apcSensorLabel.2459
                0x04000f4c        0xc temp.elf
 .rodata.au16LineData.2687
                0x04000f58       0x1c temp.elf
 .rodata.str1.1.43
                0x04000f74       0xe3 temp.elf
                                 0xe4 (size before relaxing)
 .rodata.s_u8ButtonDIOLine
                0x04001057        0x4 temp.elf
 .rodata.str1.1.52
                0x00000000       0xe3 temp.elf
                                  0x2 (size before relaxing)
 .rodata.str1.1.57
                0x0400105b      0x3d9 temp.elf
                                0x3df (size before relaxing)
 .rodata.str1.1.62
                0x04001434       0x64 temp.elf
                                 0x68 (size before relaxing)
 .rodata.C.0.2795
                0x04001498       0x12 temp.elf
 *fill*         0x040014aa        0x2 00
 .rodata.apsQueueList
                0x040014ac        0x8 temp.elf
 .rodata.str1.1.71
                0x00000000        0x4 temp.elf
 .rodata.str1.1.129
                0x040014b4       0x17 temp.elf
 .rodata.str1.1.134
                0x040014cb       0x19 temp.elf
                                 0x21 (size before relaxing)
 .rodata.str1.1.139
                0x00000000       0x19 temp.elf
                                 0x2c (size before relaxing)
 .rodata.str1.1.144
                0x040014e4        0x3 temp.elf
                                  0x5 (size before relaxing)
 .rodata.str1.1.153
                0x040014e7       0x5c temp.elf
 .rodata.str1.1.166
                0x04001543       0x1f temp.elf
                                 0x2f (size before relaxing)
 .rodata.str1.1.171
                0x04001562        0x6 temp.elf
                                 0x12 (size before relaxing)
 .rodata.str1.1.176
                0x00000000        0x6 temp.elf
 .rodata.str1.1.181
                0x00000000        0x6 temp.elf
 .rodata.str1.1.186
                0x00000000        0x6 temp.elf
                                  0x8 (size before relaxing)
 .rodata.str1.1.191
                0x00000000        0x4 temp.elf
 .rodata.str1.1.196
                0x00000000        0x6 temp.elf
                                  0x5 (size before relaxing)
 .rodata.str1.1.201
                0x00000000        0x4 temp.elf
 .rodata.str1.1.206
                0x00000000        0x4 temp.elf
 .rodata.str1.1.211
                0x00000000        0x6 temp.elf
                                  0x4 (size before relaxing)
 .rodata.str1.1.216
                0x00000000        0x5 temp.elf
 .rodata.str1.1.221
                0x00000000        0x4 temp.elf
 .rodata.str1.1.226
                0x00000000        0x2 temp.elf
 .rodata.str1.1.231
                0x00000000        0x2 temp.elf
 .rodata.str1.1.236
                0x00000000        0x5 temp.elf
 .rodata.str1.1.241
                0x04001568        0xd temp.elf
                                 0x11 (size before relaxing)
 .rodata.str1.1.250
                0x04001575        0xa temp.elf
                                 0x10 (size before relaxing)
 .rodata.str1.1.255
                0x00000000        0x3 temp.elf
 .rodata.str1.1.260
                0x0400157f        0x5 temp.elf
                                 0x10 (size before relaxing)
 .rodata.str1.1.265
                0x00000000       0x10 temp.elf
 .rodata.str1.1.270
                0x04001584        0x9 temp.elf
                                  0xd (size before relaxing)
 .rodata.str1.1.275
                0x00000000        0x9 temp.elf
                                  0x8 (size before relaxing)
 .rodata.str1.1.280
                0x00000000        0xf temp.elf
 .rodata.str1.1.285
                0x00000000        0x7 temp.elf
 .rodata.str1.1.290
                0x00000000        0x7 temp.elf
 .rodata.str1.1.295
                0x00000000        0x4 temp.elf
 .rodata.str1.1.304
                0x0400158d        0xe temp.elf
 .rodata.str1.1.309
                0x0400159b        0x4 temp.elf
                                  0xb (size before relaxing)
 .rodata.str1.1.318
                0x00000000        0x4 temp.elf
                                  0xf (size before relaxing)
 .rodata.str1.1.338
                0x00000000        0x4 temp.elf
                                  0x8 (size before relaxing)
 *fill*         0x0400159f        0x1 00
 .rodata.s_apsStSceTbl
                0x040015a0       0x14 temp.elf
 .rodata.s_apsStSmeTbl
                0x040015b4       0x14 temp.elf
 .rodata.str1.1.347
                0x040015c8       0x41 temp.elf
 *fill*         0x04001609        0x3 00
 .rodata.atCfmSize
                0x0400160c       0x34 temp.elf
 .rodata.str1.1.364
                0x04001640        0xd temp.elf
                                 0x10 (size before relaxing)
 *fill*         0x0400164d        0x3 00
 .rodata.pacDoubleByte.5386
                0x04001650        0x4 temp.elf
 .rodata.str1.1.369
                0x04001654        0x8 temp.elf
 .rodata.zps_sActvSmeTbl
                0x0400165c        0xc temp.elf
                0x0400165c                _zps_sActvSmeTbl
 .rodata.zps_sActvSceTbl
                0x04001668        0xc temp.elf
                0x04001668                _zps_sActvSceTbl
 .rodata.s_aeNlmeReqRspToActvStCme
                0x04001674        0xa temp.elf
 *fill*         0x0400167e        0x2 00
 .rodata.s_aprActvStHandleCme
                0x04001680       0x20 temp.elf
 .rodata.s_aeMlmeDcfmIndToActvStSme
                0x040016a0        0xd temp.elf
 *fill*         0x040016ad        0x3 00
 .rodata.s_aprActvStHandleSme
                0x040016b0       0x18 temp.elf
 .rodata.s_atActvStSmeStt
                0x040016c8        0x5 temp.elf
 .rodata.s_aeNwkCmdToActvStSce
                0x040016cd        0xa temp.elf
 *fill*         0x040016d7        0x1 00
 .rodata.s_aprActvStHandleSce
                0x040016d8       0x2c temp.elf
 .rodata.s_atActvStSceStt
                0x04001704        0xa temp.elf
 *fill*         0x0400170e        0x2 00
 .rodata.zps_sDiscSmeTbl
                0x04001710        0xc temp.elf
                0x04001710                _zps_sDiscSmeTbl
 .rodata.s_aeMlmeDcfmIndToDiscStSme
                0x0400171c        0xd temp.elf
 *fill*         0x04001729        0x3 00
 .rodata.s_aprDiscStHandleSme
                0x0400172c       0x1c temp.elf
 .rodata.s_atDiscStSmeStt
                0x04001748        0x8 temp.elf
 .rodata.zps_sFormSmeTbl
                0x04001750        0xc temp.elf
                0x04001750                _zps_sFormSmeTbl
 .rodata.s_aeMlmeDcfmIndToFormStSme
                0x0400175c        0xd temp.elf
 *fill*         0x04001769        0x3 00
 .rodata.s_aprFormStHandleSme
                0x0400176c       0x10 temp.elf
 .rodata.s_atFormStSmeStt
                0x0400177c        0x4 temp.elf
 .rodata.str1.1.400
                0x00000000        0xf temp.elf
 .rodata.au8JitterLUT.4928
                0x04001780        0x5 temp.elf
 .rodata.s_aeNlmeReqRspToIdleStCme
                0x04001785        0xa temp.elf
 *fill*         0x0400178f        0x1 00
 .rodata.s_aprIdleStHandleCme
                0x04001790       0x14 temp.elf
 .rodata.str1.1.409
                0x00000000        0x8 temp.elf
                                  0x7 (size before relaxing)
 .rodata.C.5.5011
                0x040017a4        0x5 temp.elf
 *fill*         0x040017a9        0x3 00
 .rodata.zps_sJoinSmeTbl
                0x040017ac        0xc temp.elf
                0x040017ac                _zps_sJoinSmeTbl
 .rodata.zps_sJoinSceTbl
                0x040017b8        0xc temp.elf
                0x040017b8                _zps_sJoinSceTbl
 .rodata.s_aeMlmeDcfmIndToJoinStSme
                0x040017c4        0xd temp.elf
 *fill*         0x040017d1        0x3 00
 .rodata.s_aprJoinStHandleSme
                0x040017d4       0x10 temp.elf
 .rodata.s_atJoinStSmeStt
                0x040017e4       0x14 temp.elf
 .rodata.s_aeNwkCmdToJoinStSce
                0x040017f8        0xa temp.elf
 *fill*         0x04001802        0x2 00
 .rodata.s_aprJoinStHandleSce
                0x04001804        0x8 temp.elf
 .rodata.s_atJoinStSceStt
                0x0400180c        0x5 temp.elf
 .rodata.str1.1.418
                0x00000000        0x3 temp.elf
 .rodata.str1.1.435
                0x04001811        0x6 temp.elf
                                  0xa (size before relaxing)
 .rodata.str1.1.496
                0x04001817       0x31 temp.elf
                                 0x32 (size before relaxing)
 .rodata.539    0x04001848      0x20a temp.elf
                0x04001848                _au8LcdFontWide

.data           0x04001a58      0xafc
 *(.data*)
 .data.os_Task_zps_taskZPS
                0x04001a58        0xc temp.elf
                0x04001a58                _os_Task_zps_taskZPS
 .data.os_Task_APP_taskScanButtons
                0x04001a64        0xc temp.elf
                0x04001a64                _os_Task_APP_taskScanButtons
 .data.os_Task_APP_taskLogData
                0x04001a70        0xc temp.elf
                0x04001a70                _os_Task_APP_taskLogData
 .data.os_Task_APP_taskControllerNode
                0x04001a7c        0xc temp.elf
                0x04001a7c                _os_Task_APP_taskControllerNode
 .data.os_Task_APP_taskLedControl
                0x04001a88        0xc temp.elf
                0x04001a88                _os_Task_APP_taskLedControl
 .data.os_Task_APP_taskTogglePermitJoining
                0x04001a94        0xc temp.elf
                0x04001a94                _os_Task_APP_taskTogglePermitJoining
 .data.os_Task_APP_StartZBProStack
                0x04001aa0        0xc temp.elf
                0x04001aa0                _os_Task_APP_StartZBProStack
 .data.os_Task_APP_taskDisplayScroll
                0x04001aac        0xc temp.elf
                0x04001aac                _os_Task_APP_taskDisplayScroll
 .data.os_Task_APP_taskDisplayUpdate
                0x04001ab8        0xc temp.elf
                0x04001ab8                _os_Task_APP_taskDisplayUpdate
 .data.os_Mutex_mutexZPS
                0x04001ac4        0x8 temp.elf
                0x04001ac4                _os_Mutex_mutexZPS
 .data.os_Mutex_mutexPDUM
                0x04001acc        0x8 temp.elf
                0x04001acc                _os_Mutex_mutexPDUM
 .data.os_Mutex_mutexMAC
                0x04001ad4        0x8 temp.elf
                0x04001ad4                _os_Mutex_mutexMAC
 .data.os_Mutex_mutexMEDIA
                0x04001adc        0x8 temp.elf
                0x04001adc                _os_Mutex_mutexMEDIA
 .data.os_Message_zps_msgMlmeDcfmInd
                0x04001ae4       0x24 temp.elf
                0x04001ae4                _os_Message_zps_msgMlmeDcfmInd
 .data.os_Message_zps_msgTimeEvents
                0x04001b08       0x24 temp.elf
                0x04001b08                _os_Message_zps_msgTimeEvents
 .data.os_Message_zps_msgMcpsDcfmInd
                0x04001b2c       0x24 temp.elf
                0x04001b2c                _os_Message_zps_msgMcpsDcfmInd
 .data.os_Message_APP_msgZpsEvents
                0x04001b50       0x24 temp.elf
                0x04001b50                _os_Message_APP_msgZpsEvents
 .data.os_Message_APP_msgButtonEvent
                0x04001b74       0x24 temp.elf
                0x04001b74                _os_Message_APP_msgButtonEvent
 .data.os_Message_APP_msgSensorEvent
                0x04001b98       0x24 temp.elf
                0x04001b98                _os_Message_APP_msgSensorEvent
 .data.os_Message_APP_msgLedEvent
                0x04001bbc       0x24 temp.elf
                0x04001bbc                _os_Message_APP_msgLedEvent
 .data.os_HWCounter_APP_cntrTickTimer
                0x04001be0       0x18 temp.elf
                0x04001be0                _os_HWCounter_APP_cntrTickTimer
 .data.os_SWTimer_APP_cntrTickTimer_APP_tmrButtonsScan
                0x04001bf8       0x1c temp.elf
                0x04001bf8                _os_SWTimer_APP_cntrTickTimer_APP_tmrButtonsScan
 .data.os_SWTimer_APP_cntrTickTimer_APP_tmrLogData
                0x04001c14       0x1c temp.elf
                0x04001c14                _os_SWTimer_APP_cntrTickTimer_APP_tmrLogData
 .data.os_SWTimer_APP_cntrTickTimer_APP_tmrDisplaySplashScreen
                0x04001c30       0x1c temp.elf
                0x04001c30                _os_SWTimer_APP_cntrTickTimer_APP_tmrDisplaySplashScreen
 .data.os_SWTimer_APP_cntrTickTimer_APP_tmrJoiningButton
                0x04001c4c       0x1c temp.elf
                0x04001c4c                _os_SWTimer_APP_cntrTickTimer_APP_tmrJoiningButton
 .data.s_asTasks
                0x04001c68       0x24 temp.elf
 .data.s_asAPduPool
                0x04001c8c       0x24 temp.elf
                0x04001c98                _pdum_apduSensorData
                0x04001c8c                _pdum_apduZDP
                0x04001ca4                _pdum_apduLedControl
 .data.s_asapduZDPInstances
                0x04001cb0       0x24 temp.elf
 .data.s_asapduSensorDataInstances
                0x04001cd4       0x30 temp.elf
 .data.s_asapduLedControlInstances
                0x04001d04       0x3c temp.elf
 .data.s_sInitSecKey
                0x04001d40       0x14 temp.elf
                0x04001d40                _s_sInitSecKey
 .data.zps_g_pvApl
                0x04001d54        0x4 temp.elf
                0x04001d54                _zps_g_pvApl
 .data.s_sApl   0x04001d58      0x2b8 temp.elf
 .data.s_sNwkTblSize
                0x04002010        0xc temp.elf
 .data.s_sNwkTbl
                0x0400201c       0x28 temp.elf
 *fill*         0x04002044        0x4 00
 .data.s_sAplAib
                0x04002048       0x30 temp.elf
 .data.s_asAplZdoServers
                0x04002078       0x90 temp.elf
 .data.s_sNodeDescriptor
                0x04002108       0x10 temp.elf
 .data.s_sNodePowerDescriptor
                0x04002118        0x4 temp.elf
 .data.s_asSimpleDescConts
                0x0400211c       0x6c temp.elf
 .data.s_sApsDuplicateTable
                0x04002188       0x10 temp.elf
 .data.s_sApsmeCmdContainer_1
                0x04002198       0x38 temp.elf
 .data.s_sTrustCenterContext
                0x040021d0       0x20 temp.elf
 .data.s_au16Endpoint0InputClusterList
                0x040021f0       0xa6 temp.elf
 .data.s_au16Endpoint0OutputClusterList
                0x04002296       0xa6 temp.elf
 .data.s_ahEndpoint0InputClusterAPdus
                0x0400233c      0x14c temp.elf
 .data.s_au16Endpoint1InputClusterList
                0x04002488        0x4 temp.elf
 .data.s_au8Endpoint1InputClusterDiscFlags
                0x0400248c        0x1 temp.elf
 *fill*         0x0400248d        0x3 00
 .data.s_ahEndpoint1InputClusterAPdus
                0x04002490        0x8 temp.elf
 .data.s_au16Endpoint2InputClusterList
                0x04002498        0x2 temp.elf
 .data.s_au16Endpoint2OutputClusterList
                0x0400249a        0x2 temp.elf
 .data.s_au8Endpoint2InputClusterDiscFlags
                0x0400249c        0x1 temp.elf
 .data.s_au8Endpoint2OutputClusterDiscFlags
                0x0400249d        0x1 temp.elf
 *fill*         0x0400249e        0x2 00
 .data.s_ahEndpoint2InputClusterAPdus
                0x040024a0        0x4 temp.elf
 .data.s_sApsmeCmdContainer_2
                0x040024a4       0x38 temp.elf
 .data.s_sApsmeCmdContainer_3
                0x040024dc       0x38 temp.elf
 .data.s_u8ButtonDebounce
                0x04002514        0x4 temp.elf
 .data.prvNvmWrite
                0x04002518        0x4 temp.elf
 .data.gu8NvmSector
                0x0400251c        0x1 temp.elf
 *fill*         0x0400251d        0x3 00
 .data.gu32NvmSectorSize
                0x04002520        0x4 temp.elf
 .data.gu32NvmSize
                0x04002524        0x4 temp.elf
 .data.prvNvmErase
                0x04002528        0x4 temp.elf
 .data.prvNvmRead
                0x0400252c        0x4 temp.elf
 .data.gu32MinimumFlashSize
                0x04002530        0x4 temp.elf
 .data.prvNvmInitHw
                0x04002534        0x4 temp.elf
 .data.geNvmFlashType
                0x04002538        0x4 temp.elf
 .data.zps_pacNwkFrmStdHdrFmt
                0x0400253c        0x4 temp.elf
                0x0400253c                _zps_pacNwkFrmStdHdrFmt
 .data.zps_pacNwkFrmStdByteFmt
                0x04002540        0x4 temp.elf
                0x04002540                _zps_pacNwkFrmStdByteFmt
 .data.zps_pacNwkFrmStdHalfFmt
                0x04002544        0x4 temp.elf
                0x04002544                _zps_pacNwkFrmStdHalfFmt
 .data.zps_pacNwkFrmStdLongFmt
                0x04002548        0x4 temp.elf
                0x04002548                _zps_pacNwkFrmStdLongFmt
 .data.psTimerList
                0x0400254c        0x4 temp.elf
                0x0400254c                _psTimerList
 .data.aprCCMStarVector
                0x04002550        0x4 temp.elf
                0x04002550                _aprCCMStarVector

.gdb
 libSWDebug_JN5148.a(.text)
 *(.dbgtxt*)

.text           0x04002558    0x137a1
                0x04002558                _text_start = <code 342> (.)
 *(.text*)
 .text.OS_vStart
                0x04002558       0x3e temp.elf
                0x04002558                _OS_vStart
 *fill*         0x04002596        0x2 00
 .text.1        0x04002598      0x178 temp.elf
                0x04002628                _os_PIC_SwVectTable
                0x040025dc                _os_PIC_ChannelPriorities
                0x04002598                _os_ExternalException_W
                0x040025ec                _os_OSMIUM_HwVectTable
 .text.4        0x04002710       0x20 temp.elf
                0x04002710                _IRQ_Alignment
 .text.7        0x04002730       0x20 temp.elf
                0x04002730                _IRQ_BusError
 .text.10       0x04002750       0x20 temp.elf
                0x04002750                _IRQ_IllegalInstruction
 .text.13       0x04002770       0x20 temp.elf
                0x04002770                _IRQ_StackOverflowException
 .text.16       0x04002790       0x20 temp.elf
                0x04002790                _IRQ_UnimplementedModule
 .text.PDUM_vInit
                0x040027b0       0x35 temp.elf
                0x040027b0                _PDUM_vInit
 .text.vZdoServersInit
                0x040027e5      0x14c temp.elf
 .text.os_u32APP_cbGetTickTimer
                0x04002931        0x6 temp.elf
                0x04002931                _os_u32APP_cbGetTickTimer
 .text.os_vAPP_isrTickTimer
                0x04002937       0x39 temp.elf
                0x04002937                _os_vAPP_isrTickTimer
 .text.os_bAPP_cbSetTickTimerCompare
                0x04002970       0x3b temp.elf
                0x04002970                _os_bAPP_cbSetTickTimerCompare
 .text.os_vAPP_cbDisableTickTimer
                0x040029ab       0x30 temp.elf
                0x040029ab                _os_vAPP_cbDisableTickTimer
 .text.os_vAPP_cbEnableTickTimer
                0x040029db       0x45 temp.elf
                0x040029db                _os_vAPP_cbEnableTickTimer
 .text.vAppRegisterPWRMCallbacks
                0x04002a20        0x3 temp.elf
                0x04002a20                _vAppRegisterPWRMCallbacks
 .text.os_vAPP_isrUnimplementedModuleException
                0x04002a23       0x19 temp.elf
                0x04002a23                _os_vAPP_isrUnimplementedModuleException
 .text.vUnclaimedInterrupt
                0x04002a3c       0x19 temp.elf
 .text.os_vAPP_isrStackOverflowException
                0x04002a55       0x1f temp.elf
                0x04002a55                _os_vAPP_isrStackOverflowException
 .text.os_vAPP_isrIllegalInstructionException
                0x04002a74       0x1f temp.elf
                0x04002a74                _os_vAPP_isrIllegalInstructionException
 .text.os_vAPP_isrAlignmentException
                0x04002a93       0x1f temp.elf
                0x04002a93                _os_vAPP_isrAlignmentException
 .text.os_vAPP_isrBusErrorException
                0x04002ab2       0x1f temp.elf
                0x04002ab2                _os_vAPP_isrBusErrorException
 .text.vAppMain
                0x04002ad1       0x79 temp.elf
                0x04002ad1                _vAppMain
 .text.vInitialiseApp
                0x04002b4a       0x47 temp.elf
 .text.APP_u8GetCurrentNode
                0x04002b91        0x9 temp.elf
                0x04002b91                _APP_u8GetCurrentNode
 .text.vStringCopy
                0x04002b9a       0x18 temp.elf
                0x04002b9a                _vStringCopy
 .text.vValToDec
                0x04002bb2       0x51 temp.elf
                0x04002bb2                _vValToDec
 .text.os_vAPP_taskDisplayScroll
                0x04002c03      0x109 temp.elf
                0x04002c03                _os_vAPP_taskDisplayScroll
 .text.vUpdateSplashScreen
                0x04002d0c       0x42 temp.elf
 .text.APP_vDisplayCycleNode
                0x04002d4e       0x2f temp.elf
                0x04002d4e                _APP_vDisplayCycleNode
 .text.vUpdateSensor
                0x04002d7d      0x13d temp.elf
 .text.vUpdateNodeScreen
                0x04002eba       0xa3 temp.elf
 .text.vUpdateNetworkScreen
                0x04002f5d      0x148 temp.elf
 .text.os_vAPP_taskDisplayUpdate
                0x040030a5      0x274 temp.elf
                0x040030a5                _os_vAPP_taskDisplayUpdate
 .text.APP_vDisplayUpdate
                0x04003319       0x20 temp.elf
                0x04003319                _APP_vDisplayUpdate
 .text.APP_vDisplayInitialise
                0x04003339        0x6 temp.elf
                0x04003339                _APP_vDisplayInitialise
 .text.APP_psLogGetSensorNodeHistory
                0x0400333f        0xc temp.elf
                0x0400333f                _APP_psLogGetSensorNodeHistory
 .text.APP_u8LogGetDataStartPos
                0x0400334b        0x9 temp.elf
                0x0400334b                _APP_u8LogGetDataStartPos
 .text.APP_u8GetSensorNodeId
                0x04003354       0x50 temp.elf
                0x04003354                _APP_u8GetSensorNodeId
 .text.APP_u16GetSensorNodeAddr
                0x040033a4        0xf temp.elf
                0x040033a4                _APP_u16GetSensorNodeAddr
 .text.APP_u8ControllerNodeNumDataSensors
                0x040033b3        0x9 temp.elf
                0x040033b3                _APP_u8ControllerNodeNumDataSensors
 .text.os_vAPP_taskLogData
                0x040033bc      0x22b temp.elf
                0x040033bc                _os_vAPP_taskLogData
 .text.APP_vLogStart
                0x040035e7       0x14 temp.elf
                0x040035e7                _APP_vLogStart
 .text.APP_vLogInitialise
                0x040035fb       0x23 temp.elf
                0x040035fb                _APP_vLogInitialise
 .text.APP_bButtonInitialise
                0x0400361e       0x55 temp.elf
                0x0400361e                _APP_bButtonInitialise
 .text.os_vAPP_isrButtonsDioChanged
                0x04003673       0x2e temp.elf
                0x04003673                _os_vAPP_isrButtonsDioChanged
 .text.os_vAPP_taskScanButtons
                0x040036a1       0xc7 temp.elf
                0x040036a1                _os_vAPP_taskScanButtons
 .text.APP_vLedSet
                0x04003768       0x1a temp.elf
                0x04003768                _APP_vLedSet
 .text.os_vAPP_taskLedControl
                0x04003782       0x6d temp.elf
                0x04003782                _os_vAPP_taskLedControl
 .text.APP_vLedsInitialise
                0x040037ef       0x60 temp.elf
                0x040037ef                _APP_vLedsInitialise
 .text.APP_u8ControllerNodeGetCurRadioChan
                0x0400384f        0x9 temp.elf
                0x0400384f                _APP_u8ControllerNodeGetCurRadioChan
 .text.APP_bGetPermitJoining
                0x04003858        0x9 temp.elf
                0x04003858                _APP_bGetPermitJoining
 *fill*         0x04003861        0x3 00
 .text.vCheckStackEvent
                0x04003864      0x170 temp.elf
 .text.os_vAPP_StartZBProStack
                0x040039d4       0x76 temp.elf
                0x040039d4                _os_vAPP_StartZBProStack
 .text.os_vAPP_taskTogglePermitJoining
                0x04003a4a       0x5c temp.elf
                0x04003a4a                _os_vAPP_taskTogglePermitJoining
 .text.vHandleLedControlEvent
                0x04003aa6       0xc6 temp.elf
 .text.os_vAPP_taskControllerNode
                0x04003b6c      0x36c temp.elf
                0x04003b6c                _os_vAPP_taskControllerNode
 .text.APP_vInitialiseControllerNode
                0x04003ed8      0x184 temp.elf
                0x04003ed8                _APP_vInitialiseControllerNode
 .text.APP_vSetPermitJoining
                0x0400405c       0x2c temp.elf
                0x0400405c                _APP_vSetPermitJoining
 .text.vStrArrlen
                0x04004088       0x14 temp.elf
                0x04004088                _vStrArrlen
 .text.vSerial_QData
                0x0400409c       0x5c temp.elf
                0x0400409c                _vSerial_QData
 .text.Rfid_Getprotocol
                0x040040f8       0x52 temp.elf
                0x040040f8                _Rfid_Getprotocol
 .text.vSerial_TxOutput
                0x0400414a       0x3c temp.elf
                0x0400414a                _vSerial_TxOutput
 .text.vSerial_SensorData
                0x04004186       0xa1 temp.elf
                0x04004186                _vSerial_SensorData
 .text.vSerial_Init
                0x04004227       0x22 temp.elf
                0x04004227                _vSerial_Init
 .text.vSerialQ_AddItem
                0x04004249       0x2b temp.elf
                0x04004249                _vSerialQ_AddItem
 .text.u8SerialQ_RemoveItem
                0x04004274       0x2f temp.elf
                0x04004274                _u8SerialQ_RemoveItem
 .text.bSerialQ_Empty
                0x040042a3       0x20 temp.elf
                0x040042a3                _bSerialQ_Empty
 .text.bSerialQ_Full
                0x040042c3       0x28 temp.elf
                0x040042c3                _bSerialQ_Full
 .text.vSerialQ_Init
                0x040042eb       0x1b temp.elf
                0x040042eb                _vSerialQ_Init
 .text.vUART_RxCharISR
                0x04004306        0xa temp.elf
                0x04004306                _vUART_RxCharISR
 .text.vUART_TxCharISR
                0x04004310       0x28 temp.elf
                0x04004310                _vUART_TxCharISR
 .text.UART_vInterrupt
                0x04004338       0x7a temp.elf
 .text.os_vUART_vIsr1
                0x040043b2       0x1c temp.elf
                0x040043b2                _os_vUART_vIsr1
 .text.vUART_StartTx
                0x040043ce       0x34 temp.elf
                0x040043ce                _vUART_StartTx
 .text.vUART_Init
                0x04004402       0xaf temp.elf
                0x04004402                _vUART_Init
 .text.os_vPatchInit
                0x040044b1       0x33 temp.elf
                0x040044b1                _os_vPatchInit
 .text.vDispatch
                0x040044e4       0xcd temp.elf
 .text.os_vControlledInterrupt
                0x040045b1       0x37 temp.elf
                0x040045b1                _os_vControlledInterrupt
 .text.OS_eExpireSWTimers
                0x040045e8       0xb9 temp.elf
                0x040045e8                _OS_eExpireSWTimers
 .text.OS_eStopSWTimer
                0x040046a1       0xd6 temp.elf
                0x040046a1                _OS_eStopSWTimer
 .text.OS_eContinueSWTimer
                0x04004777       0xdb temp.elf
                0x04004777                _OS_eContinueSWTimer
 .text.OS_eStartSWTimer
                0x04004852       0xe3 temp.elf
                0x04004852                _OS_eStartSWTimer
 .text.OS_eCollectMessage
                0x04004935       0x99 temp.elf
                0x04004935                _OS_eCollectMessage
 .text.OS_ePostMessage
                0x040049ce      0x129 temp.elf
                0x040049ce                _OS_ePostMessage
 .text.os_vStart
                0x04004af7      0x148 temp.elf
                0x04004af7                _os_vStart
 .text.OS_eActivateTask
                0x04004c3f       0x91 temp.elf
                0x04004c3f                _OS_eActivateTask
 .text.OS_eExitCriticalSection
                0x04004cd0       0xa1 temp.elf
                0x04004cd0                _OS_eExitCriticalSection
 *fill*         0x04004d71        0x7 00
 .text.77       0x04004d78       0xb0 temp.elf
                0x04004d78                _os_ExternalException_R
                0x04004da0                _os_CFunc_W
                0x04004e00                _os_UnclaimedInterrupt_W
                0x04004de0                _os_UnclaimedException_W
 .text.80       0x04004e28        0x0 temp.elf
                0x04004e28                OS_Version_1v1
 .text.PWRM_vInit
                0x04004e28       0x44 temp.elf
                0x04004e28                _PWRM_vInit
 .text.PWRM_vManagePower
                0x04004e6c      0x114 temp.elf
                0x04004e6c                _PWRM_vManagePower
 .text.87       0x04004f80       0x48 temp.elf
                0x04004fa4                _PWRM_longjmp
                0x04004f80                _setjmp
 .text.AppColdStart
                0x04004fc8       0x44 temp.elf
                0x04004fc8                _AppColdStart
 .text.AppWarmStart
                0x0400500c        0xe temp.elf
                0x0400500c                _AppWarmStart
 .text.bGetBit  0x0400501a       0x3f temp.elf
 .text.vSetBit  0x04005059       0x3b temp.elf
 .text.bIsEnoughSpaceInNvm
                0x04005094       0x2a temp.elf
 .text.vMark    0x040050be       0x23 temp.elf
 .text.vMarkAllBuffers
                0x040050e1       0x1f temp.elf
 .text.u32GetSizeRequiredForChangeset
                0x04005100       0x6d temp.elf
 .text.vNvmNop  0x0400516d        0x9 temp.elf
 .text.PDM_vDeleteRecord
                0x04005176       0xbd temp.elf
                0x04005176                _PDM_vDeleteRecord
 .text.PDM_vDelete
                0x04005233       0x7e temp.elf
                0x04005233                _PDM_vDelete
 .text.vSPIErase
                0x040052b1       0x34 temp.elf
 .text.bWriteChangeset
                0x040052e5      0x325 temp.elf
 .text.vPurge   0x0400560a       0xd4 temp.elf
 .text.PDM_vSaveRecord
                0x040056de       0x81 temp.elf
                0x040056de                _PDM_vSaveRecord
 .text.vLoad    0x0400575f      0x2c5 temp.elf
 .text.vSPIInitHw
                0x04005a24       0x3c temp.elf
 .text.PDM_vInit
                0x04005a60      0x1a9 temp.elf
                0x04005a60                _PDM_vInit
 .text.PDM_eLoadRecord
                0x04005c09      0x129 temp.elf
                0x04005c09                _PDM_eLoadRecord
 .text.vSPIWrite
                0x04005d32       0x47 temp.elf
 .text.vSPIRead
                0x04005d79       0x47 temp.elf
 .text.106      0x04005dc0        0x0 temp.elf
                0x04005dc0                ZPS_APL_Version_1v3
 .text.ovly.ZBAPL."/cygdrive/c/ATLAS_SANDBOX/Components/ZPSAPL_ATLAS_ZPS_APL_1v3_RC3/Source/AF/zps_apl_af.c".752
                0x04005dc0       0x21 temp.elf
 .text.ovly.ZBAPL."/cygdrive/c/ATLAS_SANDBOX/Components/ZPSAPL_ATLAS_ZPS_APL_1v3_RC3/Source/AF/zps_apl_af.c".745
                0x04005de1       0x15 temp.elf
 .text.ovly.ZBAPL."/cygdrive/c/ATLAS_SANDBOX/Components/ZPSAPL_ATLAS_ZPS_APL_1v3_RC3/Source/AF/zps_apl_af.c".98
                0x04005df6       0x84 temp.elf
                0x04005df6                _ZPS_eAplAfInit
 .text.ovly.ZBAPL."/cygdrive/c/ATLAS_SANDBOX/Components/ZPSAPL_ATLAS_ZPS_APL_1v3_RC3/Source/AF/zps_apl_af.c".767
                0x04005e7a       0xad temp.elf
 .text.ovly.ZBAPL."/cygdrive/c/ATLAS_SANDBOX/Components/ZPSAPL_ATLAS_ZPS_APL_1v3_RC3/Source/AF/zps_apl_af.c".382
                0x04005f27       0x3a temp.elf
                0x04005f27                _zps_eAplAfUnicastDataReq
 .text.vFillApduErrorEvent
                0x04005f61       0x30 temp.elf
 .text.vFillDataIndStruct
                0x04005f91       0x58 temp.elf
 .text.zps_vAplApsInitFragReceivePool
                0x04005fe9       0x26 temp.elf
                0x04005fe9                _zps_vAplApsInitFragReceivePool
 .text.vHandleApsdeApsDataAck
                0x0400600f       0xb6 temp.elf
                0x0400600f                _vHandleApsdeApsDataAck
 .text.zps_vHandleApsdeDataFragIndNotSupported
                0x040060c5       0x86 temp.elf
                0x040060c5                _zps_vHandleApsdeDataFragIndNotSupported
 .text.vPostToEndpoint
                0x0400614b      0x1a8 temp.elf
 .text.zps_vAplAfHandleApsdeDcfmInd
                0x040062f3      0x183 temp.elf
                0x040062f3                _zps_vAplAfHandleApsdeDcfmInd
 .text.zps_vAplAfPostEvent
                0x04006476       0x42 temp.elf
                0x04006476                _zps_vAplAfPostEvent
 .text.zps_vAplAfTaskInit
                0x040064b8       0x62 temp.elf
                0x040064b8                _zps_vAplAfTaskInit
 .text.vPostNlmeDcfmInd
                0x0400651a        0x6 temp.elf
 .text.os_vzps_taskZPS
                0x04006520       0xd8 temp.elf
                0x04006520                _os_vzps_taskZPS
 .text.psGetApsdeBuf
                0x040065f8        0x6 temp.elf
 .text.vPostApsdeDcfmInd
                0x040065fe        0x6 temp.elf
 .text.psGetApsmeBuf
                0x04006604        0x9 temp.elf
 .text.vPostApsmeDcfmInd
                0x0400660d        0x6 temp.elf
 .text.psGetNldeBuf
                0x04006613        0xa temp.elf
 .text.vPostNldeDcfmInd
                0x0400661d        0x6 temp.elf
 .text.psGetNlmeBuf
                0x04006623        0xa temp.elf
 .text.zps_vAplAfIsrInit
                0x0400662d       0x57 temp.elf
                0x0400662d                _zps_vAplAfIsrInit
 .text.os_vzps_isrMAC
                0x04006684       0x39 temp.elf
                0x04006684                _os_vzps_isrMAC
 .text.zps_vAplAfPostTimerEvent
                0x040066bd       0x35 temp.elf
                0x040066bd                _zps_vAplAfPostTimerEvent
 .text.psGetMcpsBuf
                0x040066f2        0x9 temp.elf
 .text.vPostMcpsDcfmInd
                0x040066fb        0x6 temp.elf
 .text.psGetMlmeBuf
                0x04006701        0x9 temp.elf
 .text.vPostMlmeDcfmInd
                0x0400670a       0x2f temp.elf
 .text.psGetVsMcpsBuf
                0x04006739        0x9 temp.elf
 .text.vPostVsMcpsDcfmInd
                0x04006742       0x44 temp.elf
 .text.zps_vAplApsInitSyncMsgPool
                0x04006786       0x2e temp.elf
                0x04006786                _zps_vAplApsInitSyncMsgPool
 .text.zps_u8AplApsFreeMsgHandle
                0x040067b4       0x56 temp.elf
                0x040067b4                _zps_u8AplApsFreeMsgHandle
 .text.zps_u8AplApsGetMsgHandle
                0x0400680a       0x21 temp.elf
                0x0400680a                _zps_u8AplApsGetMsgHandle
 .text.u8AllocateMsgHandle
                0x0400682b       0x40 temp.elf
 .text.zps_vAplApsIncrementAndReturnSeqNum
                0x0400686b       0x14 temp.elf
 .text.ZPS_vAplRegisterApsdeDcfmIndCallbacks
                0x0400687f        0x9 temp.elf
                0x0400687f                _ZPS_vAplRegisterApsdeDcfmIndCallbacks
 .text.zps_vAplApsFillAndPostApsAck
                0x04006888       0x60 temp.elf
                0x04006888                _zps_vAplApsFillAndPostApsAck
 .text.zps_vAplApsInitDcfmPool
                0x040068e8       0x20 temp.elf
                0x040068e8                _zps_vAplApsInitDcfmPool
 .text.zps_psApsApsAllocateDcfmRecord
                0x04006908       0x23 temp.elf
                0x04006908                _zps_psApsApsAllocateDcfmRecord
 .text.zps_vApsApsFreeDcfmRecord
                0x0400692b        0x6 temp.elf
                0x0400692b                _zps_vApsApsFreeDcfmRecord
 .text.zps_u8AplApsGetNextDcfmHandle
                0x04006931       0x19 temp.elf
                0x04006931                _zps_u8AplApsGetNextDcfmHandle
 .text.zps_u8AplApsTryFragmentation
                0x0400694a       0x3f temp.elf
 .text.zps_vAplApsInitFragTransmitPool
                0x04006989       0x24 temp.elf
                0x04006989                _zps_vAplApsInitFragTransmitPool
 .text.zps_vAplApsCheckAndStartPollTimer
                0x040069ad       0x62 temp.elf
                0x040069ad                _zps_vAplApsCheckAndStartPollTimer
 .text.zps_vAplApsStopPollTimer
                0x04006a0f       0x82 temp.elf
                0x04006a0f                _zps_vAplApsStopPollTimer
 .text.zps_vAplApsFillNldeAndDescend
                0x04006a91       0x37 temp.elf
                0x04006a91                _zps_vAplApsFillNldeAndDescend
 .text.eUnfragmentedUnicastTransmission
                0x04006ac8      0x221 temp.elf
 .text.zps_u8AplApsConstructAndPostLoopBackDataInd
                0x04006ce9       0xf4 temp.elf
 .text.u8PostUnicastMsgToNHLE
                0x04006ddd       0x6e temp.elf
 .text.eGroupAddressTransmission
                0x04006e4b      0x146 temp.elf
 .text.vAckTimeOutHandler
                0x04006f91       0xbe temp.elf
                0x04006f91                _vAckTimeOutHandler
 .text.zps_psApsApsGetDcfmRecord
                0x0400704f       0x27 temp.elf
                0x0400704f                _zps_psApsApsGetDcfmRecord
 .text.zps_vAplApsPollTimer
                0x04007076       0x67 temp.elf
                0x04007076                _zps_vAplApsPollTimer
 .text.ZPS_vAplHandleApsdeReqRsp
                0x040070dd      0x594 temp.elf
                0x040070dd                _ZPS_vAplHandleApsdeReqRsp
 .text.ZPS_vAplRegisterApsmeDcfmIndCallbacks
                0x04007671        0x9 temp.elf
                0x04007671                _ZPS_vAplRegisterApsmeDcfmIndCallbacks
 .text.ovly.ZBAPL."/cygdrive/c/ATLAS_SANDBOX/Components/ZPSAPL_ATLAS_ZPS_APL_1v3_RC3/Source/APS/zps_apl_apsme.c".1300
                0x0400767a       0x11 temp.elf
                0x0400767a                _zps_psAplApsmeCmdMgrAllocate
 .text.ovly.ZBAPL."/cygdrive/c/ATLAS_SANDBOX/Components/ZPSAPL_ATLAS_ZPS_APL_1v3_RC3/Source/APS/zps_apl_apsme.c".1327
                0x0400768b        0xf temp.elf
                0x0400768b                _zps_vAplApsmeCmdMgrFree
 .text.ovly.ZBAPL."/cygdrive/c/ATLAS_SANDBOX/Components/ZPSAPL_ATLAS_ZPS_APL_1v3_RC3/Source/APS/zps_apl_apsme.c".1256
                0x0400769a       0x36 temp.elf
                0x0400769a                _zps_vInitAPSMECmdHdr
 .text.ovly.ZBAPL."/cygdrive/c/ATLAS_SANDBOX/Components/ZPSAPL_ATLAS_ZPS_APL_1v3_RC3/Source/APS/zps_apl_apsme.c".1351
                0x040076d0       0x9b temp.elf
                0x040076d0                _zps_eAplApsmeCmdMgrSendCommand
 .text.ovly.ZBAPL."/cygdrive/c/ATLAS_SANDBOX/Components/ZPSAPL_ATLAS_ZPS_APL_1v3_RC3/Source/APS/zps_apl_apsme.c".1105
                0x0400776b      0x10d temp.elf
                0x0400776b                _zps_eAplSendApsmeCmdFrame
 .text.ovly.ZBAPL."/cygdrive/c/ATLAS_SANDBOX/Components/ZPSAPL_ATLAS_ZPS_APL_1v3_RC3/Source/APS/zps_apl_apsme.c".972
                0x04007878       0x6c temp.elf
                0x04007878                _zps_eAplApsmeRemoveDeviceReqRsp
 .text.ovly.ZBAPL."/cygdrive/c/ATLAS_SANDBOX/Components/ZPSAPL_ATLAS_ZPS_APL_1v3_RC3/Source/APS/zps_apl_apsme.c".841
                0x040078e4       0x7a temp.elf
                0x040078e4                _zps_eAplApsmeUpdateDeviceReqRsp
 .text.ovly.ZBAPL."/cygdrive/c/ATLAS_SANDBOX/Components/ZPSAPL_ATLAS_ZPS_APL_1v3_RC3/Source/APS/zps_apl_apsme.c".610
                0x0400795e      0x226 temp.elf
                0x0400795e                _zps_eAplApsmeTransportKeyReqRsp
 .text.ovly.ZBAPL."/cygdrive/c/ATLAS_SANDBOX/Components/ZPSAPL_ATLAS_ZPS_APL_1v3_RC3/Source/APS/zps_apl_apsme.c".1428
                0x04007b84       0x28 temp.elf
                0x04007b84                _zps_vAplApsmeCmdMgrRetryTimeout
 .text.ovly.ZBAPL."/cygdrive/c/ATLAS_SANDBOX/Components/ZPSAPL_ATLAS_ZPS_APL_1v3_RC3/Source/APS/zps_apl_apsme.c".1458
                0x04007bac       0x8c temp.elf
                0x04007bac                _zps_bAplApsmeCmdMgrHandleNldeCfm
 .text.bDuplicateCheck
                0x04007c38       0xfd temp.elf
 .text.vHandleTransportKeyFrame
                0x04007d35      0x204 temp.elf
 *fill*         0x04007f39        0x3 00
 .text.zps_vAplApsHandleNldeDcfmInd
                0x04007f3c      0x79c temp.elf
                0x04007f3c                _zps_vAplApsHandleNldeDcfmInd
 .text.zps_vAplApsInitDuplicateTable
                0x040086d8       0x23 temp.elf
                0x040086d8                _zps_vAplApsInitDuplicateTable
 .text.vTransformKey
                0x040086fb       0x36 temp.elf
 .text.zps_psFindKeyDescr
                0x04008731       0xca temp.elf
                0x04008731                _zps_psFindKeyDescr
 .text.ZPS_u8AplGetJoinStatus
                0x040087fb       0x43 temp.elf
                0x040087fb                _ZPS_u8AplGetJoinStatus
 .text.zps_eAplSecEncryptPacket
                0x0400883e       0xf7 temp.elf
                0x0400883e                _zps_eAplSecEncryptPacket
 .text.zps_eAplSecDecryptPacket
                0x04008935       0xe5 temp.elf
                0x04008935                _zps_eAplSecDecryptPacket
 .text.ovly.ZBAPL."/cygdrive/c/ATLAS_SANDBOX/Components/ZPSAPL_ATLAS_ZPS_APL_1v3_RC3/Source/APS/zps_apl_aib.c".96
                0x04008a1a        0x6 temp.elf
                0x04008a1a                _zps_psAplAibGetAib
 .text.ovly.ZBAPL."/cygdrive/c/ATLAS_SANDBOX/Components/ZPSAPL_ATLAS_ZPS_APL_1v3_RC3/Source/APS/zps_apl_aib.c".143
                0x04008a20       0x18 temp.elf
                0x04008a20                _zps_eAplAibSetApsTrustCenterAddress
 .text.ovly.ZBAPL."/cygdrive/c/ATLAS_SANDBOX/Components/ZPSAPL_ATLAS_ZPS_APL_1v3_RC3/Source/APS/zps_apl_aib.c".111
                0x04008a38       0x18 temp.elf
                0x04008a38                _zps_eAplAibSetApsChannelMask
 .text.ovly.ZDO_NM."/cygdrive/c/ATLAS_SANDBOX/Components/ZPSAPL_ATLAS_ZPS_APL_1v3_RC3/Source/ZDO/zps_apl_zdo_nwkmanager.c".565
                0x04008a50        0x6 temp.elf
                0x04008a50                _zps_pvAplZdoGetNwkHandle
 .text.ovly.ZDO_NM."/cygdrive/c/ATLAS_SANDBOX/Components/ZPSAPL_ATLAS_ZPS_APL_1v3_RC3/Source/ZDO/zps_apl_zdo_nwkmanager.c".1475
                0x04008a56       0x2a temp.elf
 .text.vHandleUpdateDeviceIndication
                0x04008a80       0x19 temp.elf
 .text.vHandleRemoveDeviceIndication
                0x04008a99       0xa5 temp.elf
 .text.vHandleSwitchKeyIndication
                0x04008b3e       0x3b temp.elf
 .text.vAplSecRemoveLinkKey
                0x04008b79       0x7b temp.elf
 .text.ovly.ZDO_NM."/cygdrive/c/ATLAS_SANDBOX/Components/ZPSAPL_ATLAS_ZPS_APL_1v3_RC3/Source/ZDO/zps_apl_zdo_nwkmanager.c".1146
                0x04008bf4       0xa5 temp.elf
                0x04008bf4                _zps_eAplZdoAddReplaceLinkKey
 .text.ovly.ZDO_NM."/cygdrive/c/ATLAS_SANDBOX/Components/ZPSAPL_ATLAS_ZPS_APL_1v3_RC3/Source/ZDO/zps_apl_zdo_nwkmanager.c".649
                0x04008c99       0x2a temp.elf
                0x04008c99                _zps_eAplZdoPermitJoining
 .text.ovly.ZDO_NM."/cygdrive/c/ATLAS_SANDBOX/Components/ZPSAPL_ATLAS_ZPS_APL_1v3_RC3/Source/ZDO/zps_apl_zdo_nwkmanager.c".166
                0x04008cc3      0x2d1 temp.elf
                0x04008cc3                _zps_eAplZdoInit
 .text.ovly.ZDO_NM."/cygdrive/c/ATLAS_SANDBOX/Components/ZPSAPL_ATLAS_ZPS_APL_1v3_RC3/Source/ZDO/zps_apl_zdo_nwkmanager.c".406
                0x04008f94        0xa temp.elf
                0x04008f94                _zps_vAplZdoSaveZdoState
 .text.ovly.ZDO_NM."/cygdrive/c/ATLAS_SANDBOX/Components/ZPSAPL_ATLAS_ZPS_APL_1v3_RC3/Source/ZDO/zps_apl_zdo_nwkmanager.c".1510
                0x04008f9e       0x60 temp.elf
 .text.ovly.ZDO_NM."/cygdrive/c/ATLAS_SANDBOX/Components/ZPSAPL_ATLAS_ZPS_APL_1v3_RC3/Source/ZDO/zps_apl_zdo_nwkmanager.c".1551
                0x04008ffe       0xa5 temp.elf
 .text.ovly.ZDO_NM."/cygdrive/c/ATLAS_SANDBOX/Components/ZPSAPL_ATLAS_ZPS_APL_1v3_RC3/Source/ZDO/zps_apl_zdo_nwkmanager.c".1625
                0x040090a3       0x9c temp.elf
 .text.ovly.ZDO_NM."/cygdrive/c/ATLAS_SANDBOX/Components/ZPSAPL_ATLAS_ZPS_APL_1v3_RC3/Source/ZDO/zps_apl_zdo_nwkmanager.c".1685
                0x0400913f       0x84 temp.elf
 .text.ovly.ZDO_NM."/cygdrive/c/ATLAS_SANDBOX/Components/ZPSAPL_ATLAS_ZPS_APL_1v3_RC3/Source/ZDO/zps_apl_zdo_nwkmanager.c".1745
                0x040091c3       0x71 temp.elf
 .text.ovly.ZDO_NM."/cygdrive/c/ATLAS_SANDBOX/Components/ZPSAPL_ATLAS_ZPS_APL_1v3_RC3/Source/ZDO/zps_apl_zdo_nwkmanager.c".424
                0x04009234       0xa6 temp.elf
                0x04009234                _zps_eAplZdoStartStack
 .text.ovly.ZDO_NM."/cygdrive/c/ATLAS_SANDBOX/Components/ZPSAPL_ATLAS_ZPS_APL_1v3_RC3/Source/ZDO/zps_apl_zdo_nwkmanager.c".1791
                0x040092da       0xcf temp.elf
 .text.vHandleTransportKeyIndication
                0x040093a9      0x21e temp.elf
 *fill*         0x040095c7        0x1 00
 .text.zps_vAplZdoHandleApsmeDcfmInd
                0x040095c8       0x94 temp.elf
                0x040095c8                _zps_vAplZdoHandleApsmeDcfmInd
 .text.zps_vAplZdoHandleNlmeDcfmInd
                0x0400965c      0x740 temp.elf
                0x0400965c                _zps_vAplZdoHandleNlmeDcfmInd
 .text.vAplSecAuthTimerExpiry
                0x04009d9c       0xc9 temp.elf
 .text.vAplSecAuthPollTimerExpiry
                0x04009e65       0x5d temp.elf
 .text.ovly.ZDO_TC."/cygdrive/c/ATLAS_SANDBOX/Components/ZPSAPL_ATLAS_ZPS_APL_1v3_RC3/Source/ZDO/zps_apl_zdo_trust_center.c".458
                0x04009ec2        0xd temp.elf
 .text.ovly.ZDO_TC."/cygdrive/c/ATLAS_SANDBOX/Components/ZPSAPL_ATLAS_ZPS_APL_1v3_RC3/Source/ZDO/zps_apl_zdo_trust_center.c".83
                0x04009ecf       0xd6 temp.elf
                0x04009ecf                _zps_vAplTrustCenterInit
 .text.ovly.ZDO_TC."/cygdrive/c/ATLAS_SANDBOX/Components/ZPSAPL_ATLAS_ZPS_APL_1v3_RC3/Source/ZDO/zps_apl_zdo_trust_center.c".431
                0x04009fa5       0x3e temp.elf
                0x04009fa5                _zps_eAplTrustCenterFindDevice
 .text.ovly.ZDO_TC."/cygdrive/c/ATLAS_SANDBOX/Components/ZPSAPL_ATLAS_ZPS_APL_1v3_RC3/Source/ZDO/zps_apl_zdo_trust_center.c".296
                0x04009fe3      0x1a1 temp.elf
                0x04009fe3                _zps_vAplTrustCenterRequestKey
 .text.ovly.ZDO_TC."/cygdrive/c/ATLAS_SANDBOX/Components/ZPSAPL_ATLAS_ZPS_APL_1v3_RC3/Source/ZDO/zps_apl_zdo_trust_center.c".163
                0x0400a184      0x15b temp.elf
                0x0400a184                _zps_vAplTrustCenterUpdateDevice
 .text.zps_bAplZdoHandleZdpEvent
                0x0400a2df       0x50 temp.elf
                0x0400a2df                _zps_bAplZdoHandleZdpEvent
 .text.ovly.ZDO_DFLT."/cygdrive/c/ATLAS_SANDBOX/Components/ZPSAPL_ATLAS_ZPS_APL_1v3_RC3/Source/ZDO/zps_apl_zdo_default_server.c".105
                0x0400a32f        0x9 temp.elf
                0x0400a32f                _zps_vAplZdoDefaultServerInit
 .text.ovly.ZDO_DFLT."/cygdrive/c/ATLAS_SANDBOX/Components/ZPSAPL_ATLAS_ZPS_APL_1v3_RC3/Source/ZDO/zps_apl_zdo_default_server.c".130
                0x0400a338      0x2d8 temp.elf
                0x0400a338                _zps_bAplZdoDefaultServer
 .text.ovly.ZDO_ED_BND."/cygdrive/c/ATLAS_SANDBOX/Components/ZPSAPL_ATLAS_ZPS_APL_1v3_RC3/Source/ZDO/zps_apl_zdo_end_device_bind_server.c".627
                0x0400a610       0x5d temp.elf
 .text.ovly.ZDO_ED_BND."/cygdrive/c/ATLAS_SANDBOX/Components/ZPSAPL_ATLAS_ZPS_APL_1v3_RC3/Source/ZDO/zps_apl_zdo_end_device_bind_server.c".797
                0x0400a66d       0xa6 temp.elf
                0x0400a66d                _u8ZdoEndDeviceBindServerUnpackApdu
 .text.ovly.ZDO_ED_BND."/cygdrive/c/ATLAS_SANDBOX/Components/ZPSAPL_ATLAS_ZPS_APL_1v3_RC3/Source/ZDO/zps_apl_zdo_end_device_bind_server.c".774
                0x0400a713       0x31 temp.elf
                0x0400a713                _u8ZdoUnpackApduBindUnbindRsp
 .text.ovly.ZDO_ED_BND."/cygdrive/c/ATLAS_SANDBOX/Components/ZPSAPL_ATLAS_ZPS_APL_1v3_RC3/Source/ZDO/zps_apl_zdo_end_device_bind_server.c".216
                0x0400a744       0xb7 temp.elf
                0x0400a744                _zps_bAplZdoEndDeviceBindServer
 .text.ovly.ZDO_ED_BND."/cygdrive/c/ATLAS_SANDBOX/Components/ZPSAPL_ATLAS_ZPS_APL_1v3_RC3/Source/ZDO/zps_apl_zdo_end_device_bind_server.c".748
                0x0400a7fb       0x14 temp.elf
                0x0400a7fb                _vZdoEndDeviceBindTimeoutSecondMessage
 .text.ovly.ZDO_ED_BND."/cygdrive/c/ATLAS_SANDBOX/Components/ZPSAPL_ATLAS_ZPS_APL_1v3_RC3/Source/ZDO/zps_apl_zdo_end_device_bind_server.c".837
                0x0400a80f       0xe0 temp.elf
 .text.ovly.ZDO_ED_BND."/cygdrive/c/ATLAS_SANDBOX/Components/ZPSAPL_ATLAS_ZPS_APL_1v3_RC3/Source/ZDO/zps_apl_zdo_end_device_bind_server.c".676
                0x0400a8ef       0x8a temp.elf
                0x0400a8ef                _bZdoFindMatchAndSendReq
 .text.ovly.ZDO_ED_BND."/cygdrive/c/ATLAS_SANDBOX/Components/ZPSAPL_ATLAS_ZPS_APL_1v3_RC3/Source/ZDO/zps_apl_zdo_end_device_bind_server.c".928
                0x0400a979       0x4a temp.elf
 .text.ovly.ZDO_ED_BND."/cygdrive/c/ATLAS_SANDBOX/Components/ZPSAPL_ATLAS_ZPS_APL_1v3_RC3/Source/ZDO/zps_apl_zdo_end_device_bind_server.c".435
                0x0400a9c3      0x1e0 temp.elf
                0x0400a9c3                _vZdoEndDeviceBindStateWaitSecondRequest
 .text.ovly.ZDO_ED_BND."/cygdrive/c/ATLAS_SANDBOX/Components/ZPSAPL_ATLAS_ZPS_APL_1v3_RC3/Source/ZDO/zps_apl_zdo_end_device_bind_server.c".300